Component: ARM Compiler 5.06 update 6 (build 750) Tool: armlink [4d35ed]

==============================================================================

Section Cross References

    startup_stm32f427xx.o(RESET) refers to startup_stm32f427xx.o(STACK) for __initial_sp
    startup_stm32f427xx.o(RESET) refers to startup_stm32f427xx.o(.text) for Reset_Handler
    startup_stm32f427xx.o(RESET) refers to stm32f4xx_it.o(i.NMI_Handler) for NMI_Handler
    startup_stm32f427xx.o(RESET) refers to stm32f4xx_it.o(i.HardFault_Handler) for HardFault_Handler
    startup_stm32f427xx.o(RESET) refers to stm32f4xx_it.o(i.MemManage_Handler) for MemManage_Handler
    startup_stm32f427xx.o(RESET) refers to stm32f4xx_it.o(i.BusFault_Handler) for BusFault_Handler
    startup_stm32f427xx.o(RESET) refers to stm32f4xx_it.o(i.UsageFault_Handler) for UsageFault_Handler
    startup_stm32f427xx.o(RESET) refers to stm32f4xx_it.o(i.SVC_Handler) for SVC_Handler
    startup_stm32f427xx.o(RESET) refers to stm32f4xx_it.o(i.DebugMon_Handler) for DebugMon_Handler
    startup_stm32f427xx.o(RESET) refers to stm32f4xx_it.o(i.PendSV_Handler) for PendSV_Handler
    startup_stm32f427xx.o(RESET) refers to stm32f4xx_it.o(i.SysTick_Handler) for SysTick_Handler
    startup_stm32f427xx.o(RESET) refers to stm32f4xx_it.o(i.DMA1_Stream1_IRQHandler) for DMA1_Stream1_IRQHandler
    startup_stm32f427xx.o(RESET) refers to stm32f4xx_it.o(i.CAN1_RX0_IRQHandler) for CAN1_RX0_IRQHandler
    startup_stm32f427xx.o(RESET) refers to stm32f4xx_it.o(i.USART1_IRQHandler) for USART1_IRQHandler
    startup_stm32f427xx.o(RESET) refers to stm32f4xx_it.o(i.USART3_IRQHandler) for USART3_IRQHandler
    startup_stm32f427xx.o(RESET) refers to stm32f4xx_it.o(i.TIM7_IRQHandler) for TIM7_IRQHandler
    startup_stm32f427xx.o(RESET) refers to stm32f4xx_it.o(i.DMA2_Stream1_IRQHandler) for DMA2_Stream1_IRQHandler
    startup_stm32f427xx.o(RESET) refers to stm32f4xx_it.o(i.DMA2_Stream2_IRQHandler) for DMA2_Stream2_IRQHandler
    startup_stm32f427xx.o(RESET) refers to stm32f4xx_it.o(i.USART6_IRQHandler) for USART6_IRQHandler
    startup_stm32f427xx.o(.text) refers to system_stm32f4xx.o(i.SystemInit) for SystemInit
    startup_stm32f427xx.o(.text) refers to entry.o(.ARM.Collect$$$$00000000) for __main
    main.o(i.MX_CAN1_Init) refers to stm32f4xx_hal_can.o(i.HAL_CAN_Init) for HAL_CAN_Init
    main.o(i.MX_CAN1_Init) refers to main.o(.bss) for .bss
    main.o(i.MX_DMA_Init) refers to stm32f4xx_hal_cortex.o(i.HAL_NVIC_SetPriority) for HAL_NVIC_SetPriority
    main.o(i.MX_DMA_Init) refers to stm32f4xx_hal_cortex.o(i.HAL_NVIC_EnableIRQ) for HAL_NVIC_EnableIRQ
    main.o(i.MX_GPIO_Init) refers to stm32f4xx_hal_gpio.o(i.HAL_GPIO_WritePin) for HAL_GPIO_WritePin
    main.o(i.MX_GPIO_Init) refers to stm32f4xx_hal_gpio.o(i.HAL_GPIO_Init) for HAL_GPIO_Init
    main.o(i.SystemClock_Config) refers to stm32f4xx_hal_rcc.o(i.HAL_RCC_OscConfig) for HAL_RCC_OscConfig
    main.o(i.SystemClock_Config) refers to stm32f4xx_hal_pwr_ex.o(i.HAL_PWREx_EnableOverDrive) for HAL_PWREx_EnableOverDrive
    main.o(i.SystemClock_Config) refers to stm32f4xx_hal_rcc.o(i.HAL_RCC_ClockConfig) for HAL_RCC_ClockConfig
    main.o(i.SystemClock_Config) refers to stm32f4xx_hal_rcc.o(i.HAL_RCC_GetHCLKFreq) for HAL_RCC_GetHCLKFreq
    main.o(i.SystemClock_Config) refers to stm32f4xx_hal_cortex.o(i.HAL_SYSTICK_Config) for HAL_SYSTICK_Config
    main.o(i.SystemClock_Config) refers to stm32f4xx_hal_cortex.o(i.HAL_SYSTICK_CLKSourceConfig) for HAL_SYSTICK_CLKSourceConfig
    main.o(i.SystemClock_Config) refers to stm32f4xx_hal_cortex.o(i.HAL_NVIC_SetPriority) for HAL_NVIC_SetPriority
    main.o(i.main) refers to stm32f4xx_hal.o(i.HAL_Init) for HAL_Init
    main.o(i.main) refers to main.o(i.SystemClock_Config) for SystemClock_Config
    main.o(i.main) refers to main.o(i.MX_GPIO_Init) for MX_GPIO_Init
    main.o(i.main) refers to main.o(i.MX_DMA_Init) for MX_DMA_Init
    main.o(i.main) refers to stm32f4xx_hal_uart.o(i.HAL_UART_Init) for HAL_UART_Init
    main.o(i.main) refers to main.o(i.MX_CAN1_Init) for MX_CAN1_Init
    main.o(i.main) refers to stm32f4xx_hal_tim.o(i.HAL_TIM_Base_Init) for HAL_TIM_Base_Init
    main.o(i.main) refers to stm32f4xx_hal_tim_ex.o(i.HAL_TIMEx_MasterConfigSynchronization) for HAL_TIMEx_MasterConfigSynchronization
    main.o(i.main) refers to user.o(i.User_config) for User_config
    main.o(i.main) refers to stm32f4xx_hal.o(i.HAL_Delay) for HAL_Delay
    main.o(i.main) refers to control.o(i.CHUANKOU) for CHUANKOU
    main.o(i.main) refers to main.o(.bss) for .bss
    main.o(i.main) refers to control.o(.data) for aff
    stm32f4xx_it.o(i.CAN1_RX0_IRQHandler) refers to stm32f4xx_hal_can.o(i.HAL_CAN_IRQHandler) for HAL_CAN_IRQHandler
    stm32f4xx_it.o(i.CAN1_RX0_IRQHandler) refers to main.o(.bss) for hcan1
    stm32f4xx_it.o(i.DMA1_Stream1_IRQHandler) refers to stm32f4xx_hal_dma.o(i.HAL_DMA_IRQHandler) for HAL_DMA_IRQHandler
    stm32f4xx_it.o(i.DMA1_Stream1_IRQHandler) refers to main.o(.bss) for hdma_usart3_rx
[...]
    Removing stm32f4xx_hal_dma_ex.o(i.HAL_DMAEx_ChangeMemory), (14 bytes).
    Removing stm32f4xx_hal_dma_ex.o(i.HAL_DMAEx_MultiBufferStart), (100 bytes).
    Removing stm32f4xx_hal_dma_ex.o(i.HAL_DMAEx_MultiBufferStart_IT), (2432 bytes).
    Removing stm32f4xx_hal_dma.o(.rev16_text), (4 bytes).
    Removing stm32f4xx_hal_dma.o(.revsh_text), (4 bytes).
    Removing stm32f4xx_hal_dma.o(.rrx_text), (6 bytes).
    Removing stm32f4xx_hal_dma.o(i.HAL_DMA_Abort), (142 bytes).
    Removing stm32f4xx_hal_dma.o(i.HAL_DMA_DeInit), (86 bytes).
    Removing stm32f4xx_hal_dma.o(i.HAL_DMA_GetError), (4 bytes).
    Removing stm32f4xx_hal_dma.o(i.HAL_DMA_GetState), (6 bytes).
    Removing stm32f4xx_hal_dma.o(i.HAL_DMA_PollForTransfer), (292 bytes).
    Removing stm32f4xx_hal_dma.o(i.HAL_DMA_RegisterCallback), (80 bytes).
    Removing stm32f4xx_hal_dma.o(i.HAL_DMA_Start), (70 bytes).
    Removing stm32f4xx_hal_dma.o(i.HAL_DMA_UnRegisterCallback), (96 bytes).
    Removing stm32f4xx_hal_pwr.o(.rev16_text), (4 bytes).
    Removing stm32f4xx_hal_pwr.o(.revsh_text), (4 bytes).
    Removing stm32f4xx_hal_pwr.o(.rrx_text), (6 bytes).
    Removing stm32f4xx_hal_pwr.o(i.HAL_PWR_ConfigPVD), (124 bytes).
    Removing stm32f4xx_hal_pwr.o(i.HAL_PWR_DeInit), (24 bytes).
    Removing stm32f4xx_hal_pwr.o(i.HAL_PWR_DisableBkUpAccess), (12 bytes).
    Removing stm32f4xx_hal_pwr.o(i.HAL_PWR_DisablePVD), (12 bytes).
    Removing stm32f4xx_hal_pwr.o(i.HAL_PWR_DisableSEVOnPend), (16 bytes).
    Removing stm32f4xx_hal_pwr.o(i.HAL_PWR_DisableSleepOnExit), (16 bytes).
    Removing stm32f4xx_hal_pwr.o(i.HAL_PWR_DisableWakeUpPin), (16 bytes).
    Removing stm32f4xx_hal_pwr.o(i.HAL_PWR_EnableBkUpAccess), (12 bytes).
    Removing stm32f4xx_hal_pwr.o(i.HAL_PWR_EnablePVD), (12 bytes).
    Removing stm32f4xx_hal_pwr.o(i.HAL_PWR_EnableSEVOnPend), (16 bytes).
    Removing stm32f4xx_hal_pwr.o(i.HAL_PWR_EnableSleepOnExit), (16 bytes).
    Removing stm32f4xx_hal_pwr.o(i.HAL_PWR_EnableWakeUpPin), (16 bytes).
    Removing stm32f4xx_hal_pwr.o(i.HAL_PWR_EnterSLEEPMode), (32 bytes).
    Removing stm32f4xx_hal_pwr.o(i.HAL_PWR_EnterSTANDBYMode), (32 bytes).
    Removing stm32f4xx_hal_pwr.o(i.HAL_PWR_EnterSTOPMode), (56 bytes).
    Removing stm32f4xx_hal_pwr.o(i.HAL_PWR_PVDCallback), (2 bytes).
    Removing stm32f4xx_hal_pwr.o(i.HAL_PWR_PVD_IRQHandler), (28 bytes).
    Removing stm32f4xx_hal_pwr_ex.o(.rev16_text), (4 bytes).
    Removing stm32f4xx_hal_pwr_ex.o(.revsh_text), (4 bytes).
    Removing stm32f4xx_hal_pwr_ex.o(.rrx_text), (6 bytes).
    Removing stm32f4xx_hal_pwr_ex.o(i.HAL_PWREx_ControlVoltageScaling), (176 bytes).
    Removing stm32f4xx_hal_pwr_ex.o(i.HAL_PWREx_DisableBkUpReg), (60 bytes).
    Removing stm32f4xx_hal_pwr_ex.o(i.HAL_PWREx_DisableFlashPowerDown), (12 bytes).
    Removing stm32f4xx_hal_pwr_ex.o(i.HAL_PWREx_DisableOverDrive), (112 bytes).
    Removing stm32f4xx_hal_pwr_ex.o(i.HAL_PWREx_EnableBkUpReg), (60 bytes).
    Removing stm32f4xx_hal_pwr_ex.o(i.HAL_PWREx_EnableFlashPowerDown), (12 bytes).
    Removing stm32f4xx_hal_pwr_ex.o(i.HAL_PWREx_EnterUnderDriveSTOPMode), (96 bytes).
    Removing stm32f4xx_hal_pwr_ex.o(i.HAL_PWREx_GetVoltageRange), (16 bytes).
    Removing stm32f4xx_hal_cortex.o(.rev16_text), (4 bytes).
    Removing stm32f4xx_hal_cortex.o(.revsh_text), (4 bytes).
    Removing stm32f4xx_hal_cortex.o(.rrx_text), (6 bytes).
    Removing stm32f4xx_hal_cortex.o(i.HAL_MPU_ConfigRegion), (84 bytes).
    Removing stm32f4xx_hal_cortex.o(i.HAL_MPU_Disable), (28 bytes).
    Removing stm32f4xx_hal_cortex.o(i.HAL_MPU_Enable), (36 bytes).
    Removing stm32f4xx_hal_cortex.o(i.HAL_NVIC_ClearPendingIRQ), (22 bytes).
    Removing stm32f4xx_hal_cortex.o(i.HAL_NVIC_DisableIRQ), (22 bytes).
    Removing stm32f4xx_hal_cortex.o(i.HAL_NVIC_GetActive), (32 bytes).
    Removing stm32f4xx_hal_cortex.o(i.HAL_NVIC_GetPendingIRQ), (32 bytes).
    Removing stm32f4xx_hal_cortex.o(i.HAL_NVIC_GetPriority), (82 bytes).
    Removing stm32f4xx_hal_cortex.o(i.HAL_NVIC_GetPriorityGrouping), (16 bytes).
    Removing stm32f4xx_hal_cortex.o(i.HAL_NVIC_SetPendingIRQ), (22 bytes).
    Removing stm32f4xx_hal_cortex.o(i.HAL_NVIC_SystemReset), (36 bytes).
    Removing stm32f4xx_hal.o(.rev16_text), (4 bytes).
    Removing stm32f4xx_hal.o(.revsh_text), (4 bytes).
    Removing stm32f4xx_hal.o(.rrx_text), (6 bytes).
    Removing stm32f4xx_hal.o(i.HAL_DBGMCU_DisableDBGSleepMode), (16 bytes).
    Removing stm32f4xx_hal.o(i.HAL_DBGMCU_DisableDBGStandbyMode), (16 bytes).
    Removing stm32f4xx_hal.o(i.HAL_DBGMCU_DisableDBGStopMode), (16 bytes).
    Removing stm32f4xx_hal.o(i.HAL_DBGMCU_EnableDBGSleepMode), (16 bytes).
    Removing stm32f4xx_hal.o(i.HAL_DBGMCU_EnableDBGStandbyMode), (16 bytes).
    Removing stm32f4xx_hal.o(i.HAL_DBGMCU_EnableDBGStopMode), (16 bytes).
    Removing stm32f4xx_hal.o(i.HAL_DeInit), (52 bytes).
    Removing stm32f4xx_hal.o(i.HAL_DisableCompensationCell), (12 bytes).
    Removing stm32f4xx_hal.o(i.HAL_DisableMemorySwappingBank), (12 bytes).
    Removing stm32f4xx_hal.o(i.HAL_EnableCompensationCell), (12 bytes).
    Removing stm32f4xx_hal.o(i.HAL_EnableMemorySwappingBank), (12 bytes).
    Removing stm32f4xx_hal.o(i.HAL_GetDEVID), (16 bytes).
    Removing stm32f4xx_hal.o(i.HAL_GetHalVersion), (8 bytes).
    Removing stm32f4xx_hal.o(i.HAL_GetREVID), (12 bytes).
    Removing stm32f4xx_hal.o(i.HAL_GetTickFreq), (12 bytes).
    Removing stm32f4xx_hal.o(i.HAL_GetTickPrio), (12 bytes).
    Removing stm32f4xx_hal.o(i.HAL_GetUID), (28 bytes).
    Removing stm32f4xx_hal.o(i.HAL_MspDeInit), (2 bytes).
    Removing stm32f4xx_hal.o(i.HAL_MspInit), (2 bytes).
    Removing stm32f4xx_hal.o(i.HAL_ResumeTick), (14 bytes).
    Removing stm32f4xx_hal.o(i.HAL_SetTickFreq), (28 bytes).
    Removing stm32f4xx_hal.o(i.HAL_SuspendTick), (14 bytes).
    Removing system_stm32f4xx.o(.rev16_text), (4 bytes).
    Removing system_stm32f4xx.o(.revsh_text), (4 bytes).
    Removing system_stm32f4xx.o(.rrx_text), (6 bytes).
    Removing system_stm32f4xx.o(i.SystemCoreClockUpdate), (124 bytes).
    Removing chassis.o(.rev16_text), (4 bytes).
    Removing chassis.o(.revsh_text), (4 bytes).
    Removing chassis.o(.rrx_text), (6 bytes).
    Removing chassis.o(i.MW_TheCalculationSpeed), (292 bytes).
    Removing chassis.o(.data), (16 bytes).
    Removing control.o(.rev16_text), (4 bytes).
    Removing control.o(.revsh_text), (4 bytes).
    Removing control.o(.rrx_text), (6 bytes).
    Removing control.o(i.Chassis_Control), (78 bytes).
    Removing control.o(i.Control_Chassis_PI), (108 bytes).
    Removing control.o(i.FRune), (32 bytes).
    Removing controller.o(.rev16_text), (4 bytes).
    Removing controller.o(.revsh_text), (4 bytes).
    Removing controller.o(.rrx_text), (6 bytes).
    Removing controller.o(i.PID_Debug), (36 bytes).
    Removing controller.o(i.usart2_niming_report), (98 bytes).
    Removing controller.o(i.usart2_send_char), (20 bytes).
    Removing controller.o(.data), (1 bytes).
    Removing pantiltzoom.o(.rev16_text), (4 bytes).
    Removing pantiltzoom.o(.revsh_text), (4 bytes).
    Removing pantiltzoom.o(.rrx_text), (6 bytes).
    Removing pantiltzoom.o(i.RuneController), (52 bytes).
    Removing user.o(.rev16_text), (4 bytes).
    Removing user.o(.revsh_text), (4 bytes).
    Removing user.o(.rrx_text), (6 bytes).
    Removing user.o(.data), (4 bytes).
    Removing user_can.o(.rev16_text), (4 bytes).
    Removing user_can.o(.revsh_text), (4 bytes).
    Removing user_can.o(.rrx_text), (6 bytes).
    Removing user_can.o(.data), (4 bytes).
    Removing driver_dbus.o(.rev16_text), (4 bytes).
    Removing driver_dbus.o(.revsh_text), (4 bytes).
    Removing driver_dbus.o(.rrx_text), (6 bytes).
    Removing gy955.o(.rev16_text), (4 bytes).
    Removing gy955.o(.revsh_text), (4 bytes).
    Removing gy955.o(.rrx_text), (6 bytes).
    Removing gy955.o(i.GyroCRCCheck), (12 bytes).

409 unused section(s) (total 24547 bytes) removed from the image.

==============================================================================

Image Symbol Table

    Local Symbols

    Symbol Name                              Value     Ov Type        Size  Object(Section)

    ..//Src/system_stm32f4xx.c               0x00000000   Number         0  system_stm32f4xx.o ABSOLUTE
    ../Drivers/STM32F4xx_HAL_Driver/Src/stm32f4xx_hal.c 0x00000000   Number         0  stm32f4xx_hal.o ABSOLUTE
    ../Drivers/STM32F4xx_HAL_Driver/Src/stm32f4xx_hal_can.c 0x00000000   Number         0  stm32f4xx_hal_can.o ABSOLUTE
    ../Drivers/STM32F4xx_HAL_Driver/Src/stm32f4xx_hal_cortex.c 0x00000000   Number         0  stm32f4xx_hal_cortex.o ABSOLUTE
    ../Drivers/STM32F4xx_HAL_Driver/Src/stm32f4xx_hal_dma.c 0x00000000   Number         0  stm32f4xx_hal_dma.o ABSOLUTE
    ../Drivers/STM32F4xx_HAL_Driver/Src/stm32f4xx_hal_dma_ex.c 0x00000000   Number         0  stm32f4xx_hal_dma_ex.o ABSOLUTE
    ../Drivers/STM32F4xx_HAL_Driver/Src/stm32f4xx_hal_flash.c 0x00000000   Number         0  stm32f4xx_hal_flash.o ABSOLUTE
    ../Drivers/STM32F4xx_HAL_Driver/Src/stm32f4xx_hal_flash_ex.c 0x00000000   Number         0  stm32f4xx_hal_flash_ex.o ABSOLUTE
    ../Drivers/STM32F4xx_HAL_Driver/Src/stm32f4xx_hal_flash_ramfunc.c 0x00000000   Number         0  stm32f4xx_hal_flash_ramfunc.o ABSOLUTE
    ../Drivers/STM32F4xx_HAL_Driver/Src/stm32f4xx_hal_gpio.c 0x00000000   Number         0  stm32f4xx_hal_gpio.o ABSOLUTE
    ../Drivers/STM32F4xx_HAL_Driver/Src/stm32f4xx_hal_pwr.c 0x00000000   Number         0  stm32f4xx_hal_pwr.o ABSOLUTE
    ../Drivers/STM32F4xx_HAL_Driver/Src/stm32f4xx_hal_pwr_ex.c 0x00000000   Number         0  stm32f4xx_hal_pwr_ex.o ABSOLUTE
    ../Drivers/STM32F4xx_HAL_Driver/Src/stm32f4xx_hal_rcc.c 0x00000000   Number         0  stm32f4xx_hal_rcc.o ABSOLUTE
    ../Drivers/STM32F4xx_HAL_Driver/Src/stm32f4xx_hal_rcc_ex.c 0x00000000   Number         0  stm32f4xx_hal_rcc_ex.o ABSOLUTE
    ../Drivers/STM32F4xx_HAL_Driver/Src/stm32f4xx_hal_tim.c 0x00000000   Number         0  stm32f4xx_hal_tim.o ABSOLUTE
    ../Drivers/STM32F4xx_HAL_Driver/Src/stm32f4xx_hal_tim_ex.c 0x00000000   Number         0  stm32f4xx_hal_tim_ex.o ABSOLUTE
    ../Drivers/STM32F4xx_HAL_Driver/Src/stm32f4xx_hal_uart.c 0x00000000   Number         0  stm32f4xx_hal_uart.o ABSOLUTE
    ../Src/main.c                            0x00000000   Number         0  main.o ABSOLUTE
    ../Src/stm32f4xx_hal_msp.c               0x00000000   Number         0  stm32f4xx_hal_msp.o ABSOLUTE
    ../Src/stm32f4xx_it.c                    0x00000000   Number         0  stm32f4xx_it.o ABSOLUTE
    ../clib/microlib/division.c              0x00000000   Number         0  uldiv.o ABSOLUTE
    ../clib/microlib/init/entry.s            0x00000000   Number         0  entry8a.o ABSOLUTE
    ../clib/microlib/init/entry.s            0x00000000   Number         0  entry2.o ABSOLUTE
    ../clib/microlib/init/entry.s            0x00000000   Number         0  entry9a.o ABSOLUTE
    ../clib/microlib/init/entry.s            0x00000000   Number         0  entry9b.o ABSOLUTE
    ../clib/microlib/init/entry.s            0x00000000   Number         0  entry10a.o ABSOLUTE
    ../clib/microlib/init/entry.s            0x00000000   Number         0  entry8b.o ABSOLUTE
    ../clib/microlib/init/entry.s            0x00000000   Number         0  entry5.o ABSOLUTE
    ../clib/microlib/init/entry.s            0x00000000   Number         0  entry7a.o ABSOLUTE
    ../clib/microlib/init/entry.s            0x00000000   Number         0  entry7b.o ABSOLUTE
    ../clib/microlib/init/entry.s            0x00000000   Number         0  entry10b.o ABSOLUTE
    ../clib/microlib/init/entry.s            0x00000000   Number         0  entry11a.o ABSOLUTE
    ../clib/microlib/init/entry.s            0x00000000   Number         0  entry11b.o ABSOLUTE
    ../clib/microlib/init/entry.s            0x00000000   Number         0  entry.o ABSOLUTE
    ../clib/microlib/longlong.c              0x00000000   Number         0  llshl.o ABSOLUTE
    ../clib/microlib/longlong.c              0x00000000   Number         0  llushr.o ABSOLUTE
    ../clib/microlib/string/memcpy.c         0x00000000   Number         0  memcpya.o ABSOLUTE
    ../clib/microlib/string/memcpy.c         0x00000000   Number         0  memcpyb.o ABSOLUTE
    ..\Drivers\STM32F4xx_HAL_Driver\Src\stm32f4xx_hal.c 0x00000000   Number         0  stm32f4xx_hal.o ABSOLUTE
    ..\Drivers\STM32F4xx_HAL_Driver\Src\stm32f4xx_hal_can.c 0x00000000   Number         0  stm32f4xx_hal_can.o ABSOLUTE
    ..\Drivers\STM32F4xx_HAL_Driver\Src\stm32f4xx_hal_cortex.c 0x00000000   Number         0  stm32f4xx_hal_cortex.o ABSOLUTE
    ..\Drivers\STM32F4xx_HAL_Driver\Src\stm32f4xx_hal_dma.c 0x00000000   Number         0  stm32f4xx_hal_dma.o ABSOLUTE
    ..\Drivers\STM32F4xx_HAL_Driver\Src\stm32f4xx_hal_dma_ex.c 0x00000000   Number         0  stm32f4xx_hal_dma_ex.o ABSOLUTE
    ..\Drivers\STM32F4xx_HAL_Driver\Src\stm32f4xx_hal_flash.c 0x00000000   Number         0  stm32f4xx_hal_flash.o ABSOLUTE
    ..\Drivers\STM32F4xx_HAL_Driver\Src\stm32f4xx_hal_flash_ex.c 0x00000000   Number         0  stm32f4xx_hal_flash_ex.o ABSOLUTE
    ..\Drivers\STM32F4xx_HAL_Driver\Src\stm32f4xx_hal_flash_ramfunc.c 0x00000000   Number         0  stm32f4xx_hal_flash_ramfunc.o ABSOLUTE
    ..\Drivers\STM32F4xx_HAL_Driver\Src\stm32f4xx_hal_gpio.c 0x00000000   Number         0  stm32f4xx_hal_gpio.o ABSOLUTE
    ..\Drivers\STM32F4xx_HAL_Driver\Src\stm32f4xx_hal_pwr.c 0x00000000   Number         0  stm32f4xx_hal_pwr.o ABSOLUTE
    ..\Drivers\STM32F4xx_HAL_Driver\Src\stm32f4xx_hal_pwr_ex.c 0x00000000   Number         0  stm32f4xx_hal_pwr_ex.o ABSOLUTE
    ..\Drivers\STM32F4xx_HAL_Driver\Src\stm32f4xx_hal_rcc.c 0x00000000   Number         0  stm32f4xx_hal_rcc.o ABSOLUTE
    ..\Drivers\STM32F4xx_HAL_Driver\Src\stm32f4xx_hal_rcc_ex.c 0x00000000   Number         0  stm32f4xx_hal_rcc_ex.o ABSOLUTE
    ..\Drivers\STM32F4xx_HAL_Driver\Src\stm32f4xx_hal_tim.c 0x00000000   Number         0  stm32f4xx_hal_tim.o ABSOLUTE
    ..\Drivers\STM32F4xx_HAL_Driver\Src\stm32f4xx_hal_tim_ex.c 0x00000000   Number         0  stm32f4xx_hal_tim_ex.o ABSOLUTE
    ..\Drivers\STM32F4xx_HAL_Driver\Src\stm32f4xx_hal_uart.c 0x00000000   Number         0  stm32f4xx_hal_uart.o ABSOLUTE
    ..\Src\main.c                            0x00000000   Number         0  main.o ABSOLUTE
    ..\Src\stm32f4xx_hal_msp.c               0x00000000   Number         0  stm32f4xx_hal_msp.o ABSOLUTE
    ..\Src\stm32f4xx_it.c                    0x00000000   Number         0  stm32f4xx_it.o ABSOLUTE
    ..\User\Chassis.c                        0x00000000   Number         0  chassis.o ABSOLUTE
    ..\User\Control.c                        0x00000000   Number         0  control.o ABSOLUTE
    ..\User\Controller.c                     0x00000000   Number         0  controller.o ABSOLUTE
    ..\User\Driver_DBUS.c                    0x00000000   Number         0  driver_dbus.o ABSOLUTE
    ..\User\GY955.c                          0x00000000   Number         0  gy955.o ABSOLUTE
    ..\User\PanTiltZoom.c                    0x00000000   Number         0  pantiltzoom.o ABSOLUTE
    ..\User\User.c                           0x00000000   Number         0  user.o ABSOLUTE
    ..\User\User_Can.c                       0x00000000   Number         0  user_can.o ABSOLUTE
    ..\\Src\system_stm32f4xx.c               0x00000000   Number         0  system_stm32f4xx.o ABSOLUTE
    ..\\User\\Chassis.c                      0x00000000   Number         0  chassis.o ABSOLUTE
    ..\\User\\Control.c                      0x00000000   Number         0  control.o ABSOLUTE
    ..\\User\\Controller.c                   0x00000000   Number         0  controller.o ABSOLUTE
    ..\\User\\Driver_DBUS.c                  0x00000000   Number         0  driver_dbus.o ABSOLUTE
    ..\\User\\GY955.c                        0x00000000   Number         0  gy955.o ABSOLUTE
    ..\\User\\PanTiltZoom.c                  0x00000000   Number         0  pantiltzoom.o ABSOLUTE
    ..\\User\\User.c                         0x00000000   Number         0  user.o ABSOLUTE
    ..\\User\\User_Can.c                     0x00000000   Number         0  user_can.o ABSOLUTE
    dc.s                                     0x00000000   Number         0  dc.o ABSOLUTE
    handlers.s                               0x00000000   Number         0  handlers.o ABSOLUTE
    init.s                                   0x00000000   Number         0  init.o ABSOLUTE
    startup_stm32f427xx.s                    0x00000000   Number         0  startup_stm32f427xx.o ABSOLUTE
    RESET                                    0x08000000   Section      428  startup_stm32f427xx.o(RESET)
    .ARM.Collect$$$$00000000                 0x080001ac   Section        0  entry.o(.ARM.Collect$$$$00000000)
    .ARM.Collect$$$$00000001                 0x080001ac   Section        4  entry2.o(.ARM.Collect$$$$00000001)
    .ARM.Collect$$$$00000004                 0x080001b0   Section        4  entry5.o(.ARM.Collect$$$$00000004)
    .ARM.Collect$$$$00000008                 0x080001b4   Section        0  entry7b.o(.ARM.Collect$$$$00000008)
    .ARM.Collect$$$$0000000A                 0x080001b4   Section        0  entry8b.o(.ARM.Collect$$$$0000000A)
    .ARM.Collect$$$$0000000B                 0x080001b4   Section        8  entry9a.o(.ARM.Collect$$$$0000000B)
    .ARM.Collect$$$$0000000D                 0x080001bc   Section        0  entry10a.o(.ARM.Collect$$$$0000000D)
    .ARM.Collect$$$$0000000F                 0x080001bc   Section        0  entry11a.o(.ARM.Collect$$$$0000000F)
    .ARM.Collect$$$$00002712                 0x080001bc   Section        4  entry2.o(.ARM.Collect$$$$00002712)
    __lit__00000000                          0x080001bc   Data           4  entry2.o(.ARM.Collect$$$$00002712)
    .text                                    0x080001c0   Section       36  startup_stm32f427xx.o(.text)
    $v0                                      0x080001c0   Number         0  startup_stm32f427xx.o(.text)
    .text                                    0x080001e4   Section        0  uldiv.o(.text)
    .text                                    0x08000246   Section        0  memcpya.o(.text)
    .text                                    0x0800026a   Section        0  llshl.o(.text)
    .text                                    0x08000288   Section        0  llushr.o(.text)
    .text                                    0x080002a8   Section       36  init.o(.text)
    i.AnalysisGyro                           0x080002cc   Section        0  gy955.o(i.AnalysisGyro)
    i.BaseClassInit                          0x08000380   Section        0  user.o(i.BaseClassInit)
    i.BusFault_Handler                       0x0800038c   Section        0  stm32f4xx_it.o(i.BusFault_Handler)
    i.CAN1_RX0_IRQHandler                    0x08000390   Section        0  stm32f4xx_it.o(i.CAN1_RX0_IRQHandler)
    i.CAN_Filter_Init                        0x0800039c   Section        0  user_can.o(i.CAN_Filter_Init)
    i.CAN_Rx_Init                            0x080003c0   Section        0  user_can.o(i.CAN_Rx_Init)
    i.CAN_TRANSMIT                           0x080003e4   Section        0  control.o(i.CAN_TRANSMIT)
    i.CAN_Tx_Init                            0x08000438   Section        0  user_can.o(i.CAN_Tx_Init)
    i.CHUANKOU                               0x08000460   Section        0  control.o(i.CHUANKOU)
    i.Chassis_Data_Analysis                  0x08000474   Section        0  chassis.o(i.Chassis_Data_Analysis)
    i.Chassis_init                           0x08000494   Section        0  chassis.o(i.Chassis_init)
    i.Control_PTZ_PID                        0x080005e0   Section        0  control.o(i.Control_PTZ_PID)
    i.DBUS_DataDecoding                      0x0800064c   Section        0  driver_dbus.o(i.DBUS_DataDecoding)
    i.DBUS_Init                              0x080006bc   Section        0  driver_dbus.o(i.DBUS_Init)
    i.DMA1_Stream1_IRQHandler                0x080006e0   Section        0  stm32f4xx_it.o(i.DMA1_Stream1_IRQHandler)
    i.DMA2_Stream1_IRQHandler                0x080006ec   Section        0  stm32f4xx_it.o(i.DMA2_Stream1_IRQHandler)
    i.DMA2_Stream2_IRQHandler                0x080006f8   Section        0  stm32f4xx_it.o(i.DMA2_Stream2_IRQHandler)
    i.DMA_CalcBaseAndBitshift                0x08000704   Section        0  stm32f4xx_hal_dma.o(i.DMA_CalcBaseAndBitshift)
    DMA_CalcBaseAndBitshift                  0x08000705   Thumb Code    34  stm32f4xx_hal_dma.o(i.DMA_CalcBaseAndBitshift)
    i.DMA_CheckFifoParam                     0x0800072c   Section        0  stm32f4xx_hal_dma.o(i.DMA_CheckFifoParam)
    DMA_CheckFifoParam                       0x0800072d   Thumb Code    84  stm32f4xx_hal_dma.o(i.DMA_CheckFifoParam)
    i.DMA_SetConfig                          0x08000780   Section        0  stm32f4xx_hal_dma.o(i.DMA_SetConfig)
    DMA_SetConfig                            0x08000781   Thumb Code    40  stm32f4xx_hal_dma.o(i.DMA_SetConfig)
    i.DUBS_Data_RX                           0x080007a8   Section        0  control.o(i.DUBS_Data_RX)
    i.DebugMon_Handler                       0x080007e0   Section        0  stm32f4xx_it.o(i.DebugMon_Handler)
    i.Gy955ClassDataInit                     0x080007e4   Section        0  gy955.o(i.Gy955ClassDataInit)
    i.HAL_CAN_ActivateNotification           0x0800080c   Section        0  stm32f4xx_hal_can.o(i.HAL_CAN_ActivateNotification)
    i.HAL_CAN_AddTxMessage                   0x08000834   Section        0  stm32f4xx_hal_can.o(i.HAL_CAN_AddTxMessage)
    i.HAL_CAN_ConfigFilter                   0x080008fc   Section        0  stm32f4xx_hal_can.o(i.HAL_CAN_ConfigFilter)
    i.HAL_CAN_ErrorCallback                  0x08000a08   Section        0  stm32f4xx_hal_can.o(i.HAL_CAN_ErrorCallback)
    i.HAL_CAN_GetRxMessage                   0x08000a0a   Section        0  stm32f4xx_hal_can.o(i.HAL_CAN_GetRxMessage)
    i.HAL_CAN_IRQHandler                     0x08000b04   Section        0  stm32f4xx_hal_can.o(i.HAL_CAN_IRQHandler)
    i.HAL_CAN_Init                           0x08000d00   Section        0  stm32f4xx_hal_can.o(i.HAL_CAN_Init)
    i.HAL_CAN_MspInit                        0x08000e1c   Section        0  stm32f4xx_hal_msp.o(i.HAL_CAN_MspInit)
    i.HAL_CAN_RxFifo0FullCallback            0x08000e74   Section        0  stm32f4xx_hal_can.o(i.HAL_CAN_RxFifo0FullCallback)
    i.HAL_CAN_RxFifo0MsgPendingCallback      0x08000e78   Section        0  user.o(i.HAL_CAN_RxFifo0MsgPendingCallback)
    i.HAL_CAN_RxFifo1FullCallback            0x08000eac   Section        0  stm32f4xx_hal_can.o(i.HAL_CAN_RxFifo1FullCallback)
    i.HAL_CAN_RxFifo1MsgPendingCallback      0x08000eae   Section        0  stm32f4xx_hal_can.o(i.HAL_CAN_RxFifo1MsgPendingCallback)
    i.HAL_CAN_SleepCallback                  0x08000eb0   Section        0  stm32f4xx_hal_can.o(i.HAL_CAN_SleepCallback)
    i.HAL_CAN_Start                          0x08000eb4   Section        0  stm32f4xx_hal_can.o(i.HAL_CAN_Start)
    i.HAL_CAN_TxMailbox0AbortCallback        0x08000f0c   Section        0  stm32f4xx_hal_can.o(i.HAL_CAN_TxMailbox0AbortCallback)
    i.HAL_CAN_TxMailbox0CompleteCallback     0x08000f0e   Section        0  stm32f4xx_hal_can.o(i.HAL_CAN_TxMailbox0CompleteCallback)
    i.HAL_CAN_TxMailbox1AbortCallback        0x08000f10   Section        0  stm32f4xx_hal_can.o(i.HAL_CAN_TxMailbox1AbortCallback)
    i.HAL_CAN_TxMailbox1CompleteCallback     0x08000f12   Section        0  stm32f4xx_hal_can.o(i.HAL_CAN_TxMailbox1CompleteCallback)
    i.HAL_CAN_TxMailbox2AbortCallback        0x08000f14   Section        0  stm32f4xx_hal_can.o(i.HAL_CAN_TxMailbox2AbortCallback)
    i.HAL_CAN_TxMailbox2CompleteCallback     0x08000f16   Section        0  stm32f4xx_hal_can.o(i.HAL_CAN_TxMailbox2CompleteCallback)
    i.HAL_CAN_WakeUpFromRxMsgCallback        0x08000f18   Section        0  stm32f4xx_hal_can.o(i.HAL_CAN_WakeUpFromRxMsgCallback)
    i.HAL_DMA_Abort_IT                       0x08000f1a   Section        0  stm32f4xx_hal_dma.o(i.HAL_DMA_Abort_IT)
    i.HAL_DMA_IRQHandler                     0x08000f40   Section        0  stm32f4xx_hal_dma.o(i.HAL_DMA_IRQHandler)
    i.HAL_DMA_Init                           0x080010e0   Section        0  stm32f4xx_hal_dma.o(i.HAL_DMA_Init)
    i.HAL_DMA_Start_IT                       0x080011b4   Section        0  stm32f4xx_hal_dma.o(i.HAL_DMA_Start_IT)
    i.HAL_Delay                              0x0800122c   Section        0  stm32f4xx_hal.o(i.HAL_Delay)
    i.HAL_GPIO_Init                          0x08001250   Section        0  stm32f4xx_hal_gpio.o(i.HAL_GPIO_Init)
    i.HAL_GPIO_WritePin                      0x0800141c   Section        0  stm32f4xx_hal_gpio.o(i.HAL_GPIO_WritePin)
    i.HAL_GetTick                            0x08001428   Section        0  stm32f4xx_hal.o(i.HAL_GetTick)
    i.HAL_IncTick                            0x08001434   Section        0  stm32f4xx_hal.o(i.HAL_IncTick)
    i.HAL_Init                               0x08001444   Section        0  stm32f4xx_hal.o(i.HAL_Init)
    i.HAL_InitTick                           0x08001478   Section        0  stm32f4xx_hal.o(i.HAL_InitTick)
    i.HAL_MspInit                            0x080014b8   Section        0  stm32f4xx_hal_msp.o(i.HAL_MspInit)
    i.HAL_NVIC_EnableIRQ                     0x0800153c   Section        0  stm32f4xx_hal_cortex.o(i.HAL_NVIC_EnableIRQ)
    i.HAL_NVIC_SetPriority                   0x08001554   Section        0  stm32f4xx_hal_cortex.o(i.HAL_NVIC_SetPriority)
    i.HAL_NVIC_SetPriorityGrouping           0x08001594   Section        0  stm32f4xx_hal_cortex.o(i.HAL_NVIC_SetPriorityGrouping)
    i.HAL_PWREx_EnableOverDrive              0x080015b8   Section        0  stm32f4xx_hal_pwr_ex.o(i.HAL_PWREx_EnableOverDrive)
    i.HAL_RCC_ClockConfig                    0x08001628   Section        0  stm32f4xx_hal_rcc.o(i.HAL_RCC_ClockConfig)
    i.HAL_RCC_GetHCLKFreq                    0x08001758   Section        0  stm32f4xx_hal_rcc.o(i.HAL_RCC_GetHCLKFreq)
    i.HAL_RCC_GetPCLK1Freq                   0x08001764   Section        0  stm32f4xx_hal_rcc.o(i.HAL_RCC_GetPCLK1Freq)
    i.HAL_RCC_GetPCLK2Freq                   0x08001784   Section        0  stm32f4xx_hal_rcc.o(i.HAL_RCC_GetPCLK2Freq)
    i.HAL_RCC_GetSysClockFreq                0x080017a4   Section        0  stm32f4xx_hal_rcc.o(i.HAL_RCC_GetSysClockFreq)
    i.HAL_RCC_OscConfig                      0x08001808   Section        0  stm32f4xx_hal_rcc.o(i.HAL_RCC_OscConfig)
    i.HAL_SYSTICK_CLKSourceConfig            0x08001b24   Section        0  stm32f4xx_hal_cortex.o(i.HAL_SYSTICK_CLKSourceConfig)
    i.HAL_SYSTICK_Callback                   0x08001b3c   Section        0  stm32f4xx_hal_cortex.o(i.HAL_SYSTICK_Callback)
    i.HAL_SYSTICK_Config                     0x08001b3e   Section        0  stm32f4xx_hal_cortex.o(i.HAL_SYSTICK_Config)
    i.HAL_SYSTICK_IRQHandler                 0x08001b66   Section        0  stm32f4xx_hal_cortex.o(i.HAL_SYSTICK_IRQHandler)
    i.HAL_TIMEx_BreakCallback                0x08001b6e   Section        0  stm32f4xx_hal_tim_ex.o(i.HAL_TIMEx_BreakCallback)
    i.HAL_TIMEx_CommutationCallback          0x08001b70   Section        0  stm32f4xx_hal_tim_ex.o(i.HAL_TIMEx_CommutationCallback)
    i.HAL_TIMEx_MasterConfigSynchronization  0x08001b72   Section        0  stm32f4xx_hal_tim_ex.o(i.HAL_TIMEx_MasterConfigSynchronization)
    i.HAL_TIM_Base_Init                      0x08001bc2   Section        0  stm32f4xx_hal_tim.o(i.HAL_TIM_Base_Init)
    i.HAL_TIM_Base_MspInit                   0x08001bf8   Section        0  stm32f4xx_hal_msp.o(i.HAL_TIM_Base_MspInit)
    i.HAL_TIM_Base_Start_IT                  0x08001c34   Section        0  stm32f4xx_hal_tim.o(i.HAL_TIM_Base_Start_IT)
    i.HAL_TIM_IC_CaptureCallback             0x08001c4c   Section        0  stm32f4xx_hal_tim.o(i.HAL_TIM_IC_CaptureCallback)
    i.HAL_TIM_IRQHandler                     0x08001c4e   Section        0  stm32f4xx_hal_tim.o(i.HAL_TIM_IRQHandler)
    i.HAL_TIM_OC_DelayElapsedCallback        0x08001db4   Section        0  stm32f4xx_hal_tim.o(i.HAL_TIM_OC_DelayElapsedCallback)
    i.HAL_TIM_PWM_PulseFinishedCallback      0x08001db6   Section        0  stm32f4xx_hal_tim.o(i.HAL_TIM_PWM_PulseFinishedCallback)
    i.HAL_TIM_PeriodElapsedCallback          0x08001db8   Section        0  user.o(i.HAL_TIM_PeriodElapsedCallback)
    i.HAL_TIM_TriggerCallback                0x08001dc8   Section        0  stm32f4xx_hal_tim.o(i.HAL_TIM_TriggerCallback)
    i.HAL_UART_ErrorCallback                 0x08001dca   Section        0  stm32f4xx_hal_uart.o(i.HAL_UART_ErrorCallback)
    i.HAL_UART_IRQHandler                    0x08001dcc   Section        0  stm32f4xx_hal_uart.o(i.HAL_UART_IRQHandler)
    i.HAL_UART_Init                          0x08001edc   Section        0  stm32f4xx_hal_uart.o(i.HAL_UART_Init)
    i.HAL_UART_MspInit                       0x08001f40   Section        0  stm32f4xx_hal_msp.o(i.HAL_UART_MspInit)
    i.HAL_UART_Receive_DMA                   0x08002128   Section        0  stm32f4xx_hal_uart.o(i.HAL_UART_Receive_DMA)
    i.HAL_UART_RxCpltCallback                0x080021c0   Section        0  stm32f4xx_hal_uart.o(i.HAL_UART_RxCpltCallback)
    i.HAL_UART_RxHalfCpltCallback            0x080021c2   Section        0  stm32f4xx_hal_uart.o(i.HAL_UART_RxHalfCpltCallback)
    i.HAL_UART_Transmit                      0x080021c4   Section        0  stm32f4xx_hal_uart.o(i.HAL_UART_Transmit)
    i.HAL_UART_TxCpltCallback                0x0800227e   Section        0  stm32f4xx_hal_uart.o(i.HAL_UART_TxCpltCallback)
    i.HardFault_Handler                      0x08002280   Section        0  stm32f4xx_it.o(i.HardFault_Handler)
    i.Limiter                                0x08002282   Section        0  controller.o(i.Limiter)
    i.MX_CAN1_Init                           0x08002298   Section        0  main.o(i.MX_CAN1_Init)
    MX_CAN1_Init                             0x08002299   Thumb Code    58  main.o(i.MX_CAN1_Init)
    i.MX_DMA_Init                            0x080022dc   Section        0  main.o(i.MX_DMA_Init)
    MX_DMA_Init                              0x080022dd   Thumb Code    88  main.o(i.MX_DMA_Init)
    i.MX_GPIO_Init                           0x08002338   Section        0  main.o(i.MX_GPIO_Init)
    MX_GPIO_Init                             0x08002339   Thumb Code   126  main.o(i.MX_GPIO_Init)
    i.MemManage_Handler                      0x080023c0   Section        0  stm32f4xx_it.o(i.MemManage_Handler)
    i.NMI_Handler                            0x080023c2   Section        0  stm32f4xx_it.o(i.NMI_Handler)
    i.NVIC_SetPriority                       0x080023c4   Section        0  stm32f4xx_hal_cortex.o(i.NVIC_SetPriority)
    NVIC_SetPriority                         0x080023c5   Thumb Code    32  stm32f4xx_hal_cortex.o(i.NVIC_SetPriority)
    i.OutPIDControl                          0x080023e4   Section        0  controller.o(i.OutPIDControl)
    i.PIDConnector                           0x08002460   Section        0  chassis.o(i.PIDConnector)
    PIDConnector                             0x08002461   Thumb Code    28  chassis.o(i.PIDConnector)
    i.PIDConnector                           0x08002480   Section        0  pantiltzoom.o(i.PIDConnector)
    PIDConnector                             0x08002481   Thumb Code    28  pantiltzoom.o(i.PIDConnector)
    i.PID_control                            0x080024a0   Section        0  controller.o(i.PID_control)
    i.PTZ_Data_Analysis                      0x0800260c   Section        0  pantiltzoom.o(i.PTZ_Data_Analysis)
    i.PanTiltZoom_Control                    0x0800265c   Section        0  control.o(i.PanTiltZoom_Control)
    i.PanTiltZoom_Init                       0x08002688   Section        0  pantiltzoom.o(i.PanTiltZoom_Init)
    i.PantiltzoomDbusDataConverter           0x08002780   Section        0  pantiltzoom.o(i.PantiltzoomDbusDataConverter)
    i.Parsing_Motor_datas                    0x080027a0   Section        0  control.o(i.Parsing_Motor_datas)
    i.PendSV_Handler                         0x080027f6   Section        0  stm32f4xx_it.o(i.PendSV_Handler)
    i.SVC_Handler                            0x080027f8   Section        0  stm32f4xx_it.o(i.SVC_Handler)
    i.SysTick_Handler                        0x080027fa   Section        0  stm32f4xx_it.o(i.SysTick_Handler)
    i.SystemClock_Config                     0x08002808   Section        0  main.o(i.SystemClock_Config)
    i.SystemInit                             0x080028b0   Section        0  system_stm32f4xx.o(i.SystemInit)
    i.TIM7_Event                             0x08002904   Section        0  user.o(i.TIM7_Event)
    i.TIM7_IRQHandler                        0x080029f0   Section        0  stm32f4xx_it.o(i.TIM7_IRQHandler)
    i.TIM_Base_SetConfig                     0x08002a04   Section        0  stm32f4xx_hal_tim.o(i.TIM_Base_SetConfig)
    i.TimeCounterInit                        0x08002ac4   Section        0  driver_dbus.o(i.TimeCounterInit)
    i.UART_DMAAbortOnError                   0x08002ad4   Section        0  stm32f4xx_hal_uart.o(i.UART_DMAAbortOnError)
    UART_DMAAbortOnError                     0x08002ad5   Thumb Code    16  stm32f4xx_hal_uart.o(i.UART_DMAAbortOnError)
    i.UART_DMAError                          0x08002ae4   Section        0  stm32f4xx_hal_uart.o(i.UART_DMAError)
    UART_DMAError                            0x08002ae5   Thumb Code    74  stm32f4xx_hal_uart.o(i.UART_DMAError)
    i.UART_DMAReceiveCplt                    0x08002b2e   Section        0  stm32f4xx_hal_uart.o(i.UART_DMAReceiveCplt)
    UART_DMAReceiveCplt                      0x08002b2f   Thumb Code    60  stm32f4xx_hal_uart.o(i.UART_DMAReceiveCplt)
    i.UART_DMARxHalfCplt                     0x08002b6a   Section        0  stm32f4xx_hal_uart.o(i.UART_DMARxHalfCplt)
    UART_DMARxHalfCplt                       0x08002b6b   Thumb Code    10  stm32f4xx_hal_uart.o(i.UART_DMARxHalfCplt)
    i.UART_EndRxTransfer                     0x08002b74   Section        0  stm32f4xx_hal_uart.o(i.UART_EndRxTransfer)
    UART_EndRxTransfer                       0x08002b75   Thumb Code    28  stm32f4xx_hal_uart.o(i.UART_EndRxTransfer)
    i.UART_EndTxTransfer                     0x08002b90   Section        0  stm32f4xx_hal_uart.o(i.UART_EndTxTransfer)
    UART_EndTxTransfer                       0x08002b91   Thumb Code    18  stm32f4xx_hal_uart.o(i.UART_EndTxTransfer)
    i.UART_Receive_IT                        0x08002ba2   Section        0  stm32f4xx_hal_uart.o(i.UART_Receive_IT)
    UART_Receive_IT                          0x08002ba3   Thumb Code   140  stm32f4xx_hal_uart.o(i.UART_Receive_IT)
    i.UART_SetConfig                         0x08002c30   Section        0  stm32f4xx_hal_uart.o(i.UART_SetConfig)
    UART_SetConfig                           0x08002c31   Thumb Code   676  stm32f4xx_hal_uart.o(i.UART_SetConfig)
    i.UART_Transmit_IT                       0x08002edc   Section        0  stm32f4xx_hal_uart.o(i.UART_Transmit_IT)
    UART_Transmit_IT                         0x08002edd   Thumb Code    98  stm32f4xx_hal_uart.o(i.UART_Transmit_IT)
    i.UART_WaitOnFlagUntilTimeout            0x08002f3e   Section        0  stm32f4xx_hal_uart.o(i.UART_WaitOnFlagUntilTimeout)
    UART_WaitOnFlagUntilTimeout              0x08002f3f   Thumb Code   100  stm32f4xx_hal_uart.o(i.UART_WaitOnFlagUntilTimeout)
    i.USART1_IRQHandler                      0x08002fa4   Section        0  stm32f4xx_it.o(i.USART1_IRQHandler)
    i.USART3_IRQHandler                      0x08002fbc   Section        0  stm32f4xx_it.o(i.USART3_IRQHandler)
    i.USART6_IRQHandler                      0x08002fc8   Section        0  stm32f4xx_it.o(i.USART6_IRQHandler)
    i.UsageFault_Handler                     0x08002fe0   Section        0  stm32f4xx_it.o(i.UsageFault_Handler)
    i.UserUsart6IT                           0x08002fe4   Section        0  user.o(i.UserUsart6IT)
    i.User_CAN_Config                        0x08003010   Section        0  user_can.o(i.User_CAN_Config)
    i.User_config                            0x08003044   Section        0  user.o(i.User_config)
    i.User_usart1_IT                         0x080030b8   Section        0  user.o(i.User_usart1_IT)
    i._Error_Handler                         0x080030e4   Section        0  main.o(i._Error_Handler)
    i.__scatterload_copy                     0x080030e6   Section       14  handlers.o(i.__scatterload_copy)
    i.__scatterload_null                     0x080030f4   Section        2  handlers.o(i.__scatterload_null)
    i.__scatterload_zeroinit                 0x080030f6   Section       14  handlers.o(i.__scatterload_zeroinit)
    i.main                                   0x08003104   Section        0  main.o(i.main)
    i.myabs                                  0x08003208   Section        0  controller.o(i.myabs)
    .constdata                               0x08003218   Section        8  stm32f4xx_hal_dma.o(.constdata)
    flagBitshiftOffset                       0x08003218   Data           8  stm32f4xx_hal_dma.o(.constdata)
    .constdata                               0x08003220   Section       16  system_stm32f4xx.o(.constdata)
    .constdata                               0x08003230   Section        8  system_stm32f4xx.o(.constdata)
    .data                                    0x20000000   Section       12  stm32f4xx_hal.o(.data)
    .data                                    0x2000000c   Section        4  system_stm32f4xx.o(.data)
    .data                                    0x20000010   Section        3  control.o(.data)
    .data                                    0x20000014   Section        4  control.o(.data)
    .data                                    0x20000018   Section       12  pantiltzoom.o(.data)
    last_real_angle                          0x20000018   Data           2  pantiltzoom.o(.data)
    Real_Angle                               0x2000001a   Data           2  pantiltzoom.o(.data)
    .data                                    0x20000024   Section        8  user.o(.data)
    .data                                    0x2000002c   Section       12  driver_dbus.o(.data)
    .data                                    0x20000038   Section        2  gy955.o(.data)
    .bss                                     0x2000003c   Section      356  main.o(.bss)
    .bss                                     0x200001a0   Section       96  main.o(.bss)
    .bss                                     0x20000200   Section       96  main.o(.bss)
    .bss                                     0x20000260   Section       96  main.o(.bss)
    .bss                                     0x200002c0   Section      260  chassis.o(.bss)
    pid_list                                 0x20000394   Data          48  chassis.o(.bss)
    .bss                                     0x200003c4   Section       12  control.o(.bss)
    .bss                                     0x200003d0   Section      180  pantiltzoom.o(.bss)
    pid_list                                 0x2000046c   Data          24  pantiltzoom.o(.bss)
    .bss                                     0x20000484   Section      108  user_can.o(.bss)
    .bss                                     0x200004f0   Section       72  driver_dbus.o(.bss)
    .bss                                     0x20000538   Section       44  gy955.o(.bss)
    STACK                                    0x20000568   Section     1024  startup_stm32f427xx.o(STACK)

    Global Symbols

    Symbol Name                              Value     Ov Type        Size  Object(Section)

    BuildAttributes$$THM_ISAv4$E$P$D$K$B$S$7EM$VFPi3$EXTD16$VFPS$VFMA$PE$A:L22UL41UL21$X:L11$S22US41US21$IEEE1$IW$USESV6$~STKCKD$USESV7$~SHL$OSPACE$EBA8$MICROLIB$REQ8$PRES8$EABIv2 0x00000000   Number         0  anon$$obj.o ABSOLUTE
    __ARM_use_no_argv                        0x00000000   Number         0  main.o ABSOLUTE
    __cpp_initialize__aeabi_                  - Undefined Weak Reference
    __cxa_finalize                            - Undefined Weak Reference
    __decompress                              - Undefined Weak Reference
    _clock_init                               - Undefined Weak Reference
    _microlib_exit                            - Undefined Weak Reference
    __Vectors_Size                           0x000001ac   Number         0  startup_stm32f427xx.o ABSOLUTE
    __Vectors                                0x08000000   Data           4  startup_stm32f427xx.o(RESET)
    __Vectors_End                            0x080001ac   Data           0  startup_stm32f427xx.o(RESET)
    __main                                   0x080001ad   Thumb Code     0  entry.o(.ARM.Collect$$$$00000000)
    _main_stk                                0x080001ad   Thumb Code     0  entry2.o(.ARM.Collect$$$$00000001)
    _main_scatterload                        0x080001b1   Thumb Code     0  entry5.o(.ARM.Collect$$$$00000004)
    __main_after_scatterload                 0x080001b5   Thumb Code     0  entry5.o(.ARM.Collect$$$$00000004)
    _main_clock                              0x080001b5   Thumb Code     0  entry7b.o(.ARM.Collect$$$$00000008)
    _main_cpp_init                           0x080001b5   Thumb Code     0  entry8b.o(.ARM.Collect$$$$0000000A)
    _main_init                               0x080001b5   Thumb Code     0  entry9a.o(.ARM.Collect$$$$0000000B)
    __rt_final_cpp                           0x080001bd   Thumb Code     0  entry10a.o(.ARM.Collect$$$$0000000D)
    __rt_final_exit                          0x080001bd   Thumb Code     0  entry11a.o(.ARM.Collect$$$$0000000F)
    Reset_Handler                            0x080001c1   Thumb Code     8  startup_stm32f427xx.o(.text)
    ADC_IRQHandler                           0x080001db   Thumb Code     0  startup_stm32f427xx.o(.text)
    CAN1_RX1_IRQHandler                      0x080001db   Thumb Code     0  startup_stm32f427xx.o(.text)
    CAN1_SCE_IRQHandler                      0x080001db   Thumb Code     0  startup_stm32f427xx.o(.text)
    CAN1_TX_IRQHandler                       0x080001db   Thumb Code     0  startup_stm32f427xx.o(.text)
    CAN2_RX0_IRQHandler                      0x080001db   Thumb Code     0  startup_stm32f427xx.o(.text)
    CAN2_RX1_IRQHandler                      0x080001db   Thumb Code     0  startup_stm32f427xx.o(.text)
    CAN2_SCE_IRQHandler                      0x080001db   Thumb Code     0  startup_stm32f427xx.o(.text)
    CAN2_TX_IRQHandler                       0x080001db   Thumb Code     0  startup_stm32f427xx.o(.text)
    DCMI_IRQHandler                          0x080001db   Thumb Code     0  startup_stm32f427xx.o(.text)
    DMA1_Stream0_IRQHandler                  0x080001db   Thumb Code     0  startup_stm32f427xx.o(.text)
    DMA1_Stream2_IRQHandler                  0x080001db   Thumb Code     0  startup_stm32f427xx.o(.text)
    DMA1_Stream3_IRQHandler                  0x080001db   Thumb Code     0  startup_stm32f427xx.o(.text)
    DMA1_Stream4_IRQHandler                  0x080001db   Thumb Code     0  startup_stm32f427xx.o(.text)
    DMA1_Stream5_IRQHandler                  0x080001db   Thumb Code     0  startup_stm32f427xx.o(.text)
    DMA1_Stream6_IRQHandler                  0x080001db   Thumb Code     0  startup_stm32f427xx.o(.text)
    DMA1_Stream7_IRQHandler                  0x080001db   Thumb Code     0  startup_stm32f427xx.o(.text)
    DMA2D_IRQHandler                         0x080001db   Thumb Code     0  startup_stm32f427xx.o(.text)
    DMA2_Stream0_IRQHandler                  0x080001db   Thumb Code     0  startup_stm32f427xx.o(.text)
    DMA2_Stream3_IRQHandler                  0x080001db   Thumb Code     0  startup_stm32f427xx.o(.text)
    DMA2_Stream4_IRQHandler                  0x080001db   Thumb Code     0  startup_stm32f427xx.o(.text)
    DMA2_Stream5_IRQHandler                  0x080001db   Thumb Code     0  startup_stm32f427xx.o(.text)
    DMA2_Stream6_IRQHandler                  0x080001db   Thumb Code     0  startup_stm32f427xx.o(.text)
    DMA2_Stream7_IRQHandler                  0x080001db   Thumb Code     0  startup_stm32f427xx.o(.text)
    ETH_IRQHandler                           0x080001db   Thumb Code     0  startup_stm32f427xx.o(.text)
    ETH_WKUP_IRQHandler                      0x080001db   Thumb Code     0  startup_stm32f427xx.o(.text)
    EXTI0_IRQHandler                         0x080001db   Thumb Code     0  startup_stm32f427xx.o(.text)
    EXTI15_10_IRQHandler                     0x080001db   Thumb Code     0  startup_stm32f427xx.o(.text)
    EXTI1_IRQHandler                         0x080001db   Thumb Code     0  startup_stm32f427xx.o(.text)
    EXTI2_IRQHandler                         0x080001db   Thumb Code     0  startup_stm32f427xx.o(.text)
    EXTI3_IRQHandler                         0x080001db   Thumb Code     0  startup_stm32f427xx.o(.text)
    EXTI4_IRQHandler                         0x080001db   Thumb Code     0  startup_stm32f427xx.o(.text)
    EXTI9_5_IRQHandler                       0x080001db   Thumb Code     0  startup_stm32f427xx.o(.text)
    FLASH_IRQHandler                         0x080001db   Thumb Code     0  startup_stm32f427xx.o(.text)
    FMC_IRQHandler                           0x080001db   Thumb Code     0  startup_stm32f427xx.o(.text)
    FPU_IRQHandler                           0x080001db   Thumb Code     0  startup_stm32f427xx.o(.text)
    HASH_RNG_IRQHandler                      0x080001db   Thumb Code     0  startup_stm32f427xx.o(.text)
    I2C1_ER_IRQHandler                       0x080001db   Thumb Code     0  startup_stm32f427xx.o(.text)
    I2C1_EV_IRQHandler                       0x080001db   Thumb Code     0  startup_stm32f427xx.o(.text)
    I2C2_ER_IRQHandler                       0x080001db   Thumb Code     0  startup_stm32f427xx.o(.text)
    I2C2_EV_IRQHandler                       0x080001db   Thumb Code     0  startup_stm32f427xx.o(.text)
    I2C3_ER_IRQHandler                       0x080001db   Thumb Code     0  startup_stm32f427xx.o(.text)
    I2C3_EV_IRQHandler                       0x080001db   Thumb Code     0  startup_stm32f427xx.o(.text)
    OTG_FS_IRQHandler                        0x080001db   Thumb Code     0  startup_stm32f427xx.o(.text)
    OTG_FS_WKUP_IRQHandler                   0x080001db   Thumb Code     0  startup_stm32f427xx.o(.text)
    OTG_HS_EP1_IN_IRQHandler                 0x080001db   Thumb Code     0  startup_stm32f427xx.o(.text)
    OTG_HS_EP1_OUT_IRQHandler                0x080001db   Thumb Code     0  startup_stm32f427xx.o(.text)
    OTG_HS_IRQHandler                        0x080001db   Thumb Code     0  startup_stm32f427xx.o(.text)
    OTG_HS_WKUP_IRQHandler                   0x080001db   Thumb Code     0  startup_stm32f427xx.o(.text)
    PVD_IRQHandler                           0x080001db   Thumb Code     0  startup_stm32f427xx.o(.text)
    RCC_IRQHandler                           0x080001db   Thumb Code     0  startup_stm32f427xx.o(.text)
    RTC_Alarm_IRQHandler                     0x080001db   Thumb Code     0  startup_stm32f427xx.o(.text)
    RTC_WKUP_IRQHandler                      0x080001db   Thumb Code     0  startup_stm32f427xx.o(.text)
    SAI1_IRQHandler                          0x080001db   Thumb Code     0  startup_stm32f427xx.o(.text)
    SDIO_IRQHandler                          0x080001db   Thumb Code     0  startup_stm32f427xx.o(.text)
    SPI1_IRQHandler                          0x080001db   Thumb Code     0  startup_stm32f427xx.o(.text)
    SPI2_IRQHandler                          0x080001db   Thumb Code     0  startup_stm32f427xx.o(.text)
    SPI3_IRQHandler                          0x080001db   Thumb Code     0  startup_stm32f427xx.o(.text)
    SPI4_IRQHandler                          0x080001db   Thumb Code     0  startup_stm32f427xx.o(.text)
    SPI5_IRQHandler                          0x080001db   Thumb Code     0  startup_stm32f427xx.o(.text)
    SPI6_IRQHandler                          0x080001db   Thumb Code     0  startup_stm32f427xx.o(.text)
    TAMP_STAMP_IRQHandler                    0x080001db   Thumb Code     0  startup_stm32f427xx.o(.text)
    TIM1_BRK_TIM9_IRQHandler                 0x080001db   Thumb Code     0  startup_stm32f427xx.o(.text)
    TIM1_CC_IRQHandler                       0x080001db   Thumb Code     0  startup_stm32f427xx.o(.text)
    TIM1_TRG_COM_TIM11_IRQHandler            0x080001db   Thumb Code     0  startup_stm32f427xx.o(.text)
    TIM1_UP_TIM10_IRQHandler                 0x080001db   Thumb Code     0  startup_stm32f427xx.o(.text)
    TIM2_IRQHandler                          0x080001db   Thumb Code     0  startup_stm32f427xx.o(.text)
    TIM3_IRQHandler                          0x080001db   Thumb Code     0  startup_stm32f427xx.o(.text)
    TIM4_IRQHandler                          0x080001db   Thumb Code     0  startup_stm32f427xx.o(.text)
    TIM5_IRQHandler                          0x080001db   Thumb Code     0  startup_stm32f427xx.o(.text)
    TIM6_DAC_IRQHandler                      0x080001db   Thumb Code     0  startup_stm32f427xx.o(.text)
    TIM8_BRK_TIM12_IRQHandler                0x080001db   Thumb Code     0  startup_stm32f427xx.o(.text)
    TIM8_CC_IRQHandler                       0x080001db   Thumb Code     0  startup_stm32f427xx.o(.text)
    TIM8_TRG_COM_TIM14_IRQHandler            0x080001db   Thumb Code     0  startup_stm32f427xx.o(.text)
    TIM8_UP_TIM13_IRQHandler                 0x080001db   Thumb Code     0  startup_stm32f427xx.o(.text)
    UART4_IRQHandler                         0x080001db   Thumb Code     0  startup_stm32f427xx.o(.text)
    UART5_IRQHandler                         0x080001db   Thumb Code     0  startup_stm32f427xx.o(.text)
    UART7_IRQHandler                         0x080001db   Thumb Code     0  startup_stm32f427xx.o(.text)
    UART8_IRQHandler                         0x080001db   Thumb Code     0  startup_stm32f427xx.o(.text)
    USART2_IRQHandler                        0x080001db   Thumb Code     0  startup_stm32f427xx.o(.text)
    WWDG_IRQHandler                          0x080001db   Thumb Code     0  startup_stm32f427xx.o(.text)
    __aeabi_uldivmod                         0x080001e5   Thumb Code    98  uldiv.o(.text)
    __aeabi_memcpy                           0x08000247   Thumb Code    36  memcpya.o(.text)
    __aeabi_memcpy4                          0x08000247   Thumb Code     0  memcpya.o(.text)
    __aeabi_memcpy8                          0x08000247   Thumb Code     0  memcpya.o(.text)
    __aeabi_llsl                             0x0800026b   Thumb Code    30  llshl.o(.text)
    _ll_shift_l                              0x0800026b   Thumb Code     0  llshl.o(.text)
    __aeabi_llsr                             0x08000289   Thumb Code    32  llushr.o(.text)
    _ll_ushift_r                             0x08000289   Thumb Code     0  llushr.o(.text)
    __scatterload                            0x080002a9   Thumb Code    28  init.o(.text)
    __scatterload_rt2                        0x080002a9   Thumb Code     0  init.o(.text)
    AnalysisGyro                             0x080002cd   Thumb Code   168  gy955.o(i.AnalysisGyro)
    BaseClassInit                            0x08000381   Thumb Code     8  user.o(i.BaseClassInit)
    BusFault_Handler                         0x0800038d   Thumb Code     2  stm32f4xx_it.o(i.BusFault_Handler)
    CAN1_RX0_IRQHandler                      0x08000391   Thumb Code     6  stm32f4xx_it.o(i.CAN1_RX0_IRQHandler)
    CAN_Filter_Init                          0x0800039d   Thumb Code    32  user_can.o(i.CAN_Filter_Init)
    CAN_Rx_Init                              0x080003c1   Thumb Code    30  user_can.o(i.CAN_Rx_Init)
    CAN_TRANSMIT                             0x080003e5   Thumb Code    78  control.o(i.CAN_TRANSMIT)
    CAN_Tx_Init                              0x08000439   Thumb Code    34  user_can.o(i.CAN_Tx_Init)
    CHUANKOU                                 0x08000461   Thumb Code    12  control.o(i.CHUANKOU)
    Chassis_Data_Analysis                    0x08000475   Thumb Code    32  chassis.o(i.Chassis_Data_Analysis)
    Chassis_init                             0x08000495   Thumb Code   312  chassis.o(i.Chassis_init)
    Control_PTZ_PID                          0x080005e1   Thumb Code   106  control.o(i.Control_PTZ_PID)
    DBUS_DataDecoding                        0x0800064d   Thumb Code   106  driver_dbus.o(i.DBUS_DataDecoding)
    DBUS_Init                                0x080006bd   Thumb Code    26  driver_dbus.o(i.DBUS_Init)
    DMA1_Stream1_IRQHandler                  0x080006e1   Thumb Code     6  stm32f4xx_it.o(i.DMA1_Stream1_IRQHandler)
    DMA2_Stream1_IRQHandler                  0x080006ed   Thumb Code     6  stm32f4xx_it.o(i.DMA2_Stream1_IRQHandler)
    DMA2_Stream2_IRQHandler                  0x080006f9   Thumb Code     6  stm32f4xx_it.o(i.DMA2_Stream2_IRQHandler)
    DUBS_Data_RX                             0x080007a9   Thumb Code    52  control.o(i.DUBS_Data_RX)
    DebugMon_Handler                         0x080007e1   Thumb Code     2  stm32f4xx_it.o(i.DebugMon_Handler)
    Gy955ClassDataInit                       0x080007e5   Thumb Code    30  gy955.o(i.Gy955ClassDataInit)
    HAL_CAN_ActivateNotification             0x0800080d   Thumb Code    40  stm32f4xx_hal_can.o(i.HAL_CAN_ActivateNotification)
    HAL_CAN_AddTxMessage                     0x08000835   Thumb Code   200  stm32f4xx_hal_can.o(i.HAL_CAN_AddTxMessage)
    HAL_CAN_ConfigFilter                     0x080008fd   Thumb Code   262  stm32f4xx_hal_can.o(i.HAL_CAN_ConfigFilter)
    HAL_CAN_ErrorCallback                    0x08000a09   Thumb Code     2  stm32f4xx_hal_can.o(i.HAL_CAN_ErrorCallback)
    HAL_CAN_GetRxMessage                     0x08000a0b   Thumb Code   250  stm32f4xx_hal_can.o(i.HAL_CAN_GetRxMessage)
    HAL_CAN_IRQHandler                       0x08000b05   Thumb Code   508  stm32f4xx_hal_can.o(i.HAL_CAN_IRQHandler)
    HAL_CAN_Init                             0x08000d01   Thumb Code   282  stm32f4xx_hal_can.o(i.HAL_CAN_Init)
    HAL_CAN_MspInit                          0x08000e1d   Thumb Code    76  stm32f4xx_hal_msp.o(i.HAL_CAN_MspInit)
    HAL_CAN_RxFifo0FullCallback              0x08000e75   Thumb Code     2  stm32f4xx_hal_can.o(i.HAL_CAN_RxFifo0FullCallback)
    HAL_CAN_RxFifo0MsgPendingCallback        0x08000e79   Thumb Code    38  user.o(i.HAL_CAN_RxFifo0MsgPendingCallback)
    HAL_CAN_RxFifo1FullCallback              0x08000ead   Thumb Code     2  stm32f4xx_hal_can.o(i.HAL_CAN_RxFifo1FullCallback)
    HAL_CAN_RxFifo1MsgPendingCallback        0x08000eaf   Thumb Code     2  stm32f4xx_hal_can.o(i.HAL_CAN_RxFifo1MsgPendingCallback)
    HAL_CAN_SleepCallback                    0x08000eb1   Thumb Code     2  stm32f4xx_hal_can.o(i.HAL_CAN_SleepCallback)
    HAL_CAN_Start                            0x08000eb5   Thumb Code    88  stm32f4xx_hal_can.o(i.HAL_CAN_Start)
    HAL_CAN_TxMailbox0AbortCallback          0x08000f0d   Thumb Code     2  stm32f4xx_hal_can.o(i.HAL_CAN_TxMailbox0AbortCallback)
    HAL_CAN_TxMailbox0CompleteCallback       0x08000f0f   Thumb Code     2  stm32f4xx_hal_can.o(i.HAL_CAN_TxMailbox0CompleteCallback)
    HAL_CAN_TxMailbox1AbortCallback          0x08000f11   Thumb Code     2  stm32f4xx_hal_can.o(i.HAL_CAN_TxMailbox1AbortCallback)
    HAL_CAN_TxMailbox1CompleteCallback       0x08000f13   Thumb Code     2  stm32f4xx_hal_can.o(i.HAL_CAN_TxMailbox1CompleteCallback)
    HAL_CAN_TxMailbox2AbortCallback          0x08000f15   Thumb Code     2  stm32f4xx_hal_can.o(i.HAL_CAN_TxMailbox2AbortCallback)
    HAL_CAN_TxMailbox2CompleteCallback       0x08000f17   Thumb Code     2  stm32f4xx_hal_can.o(i.HAL_CAN_TxMailbox2CompleteCallback)
    HAL_CAN_WakeUpFromRxMsgCallback          0x08000f19   Thumb Code     2  stm32f4xx_hal_can.o(i.HAL_CAN_WakeUpFromRxMsgCallback)
    HAL_DMA_Abort_IT                         0x08000f1b   Thumb Code    36  stm32f4xx_hal_dma.o(i.HAL_DMA_Abort_IT)
    HAL_DMA_IRQHandler                       0x08000f41   Thumb Code   412  stm32f4xx_hal_dma.o(i.HAL_DMA_IRQHandler)
    HAL_DMA_Init                             0x080010e1   Thumb Code   206  stm32f4xx_hal_dma.o(i.HAL_DMA_Init)
    HAL_DMA_Start_IT                         0x080011b5   Thumb Code   120  stm32f4xx_hal_dma.o(i.HAL_DMA_Start_IT)
    HAL_Delay                                0x0800122d   Thumb Code    32  stm32f4xx_hal.o(i.HAL_Delay)
    HAL_GPIO_Init                            0x08001251   Thumb Code   408  stm32f4xx_hal_gpio.o(i.HAL_GPIO_Init)
    HAL_GPIO_WritePin                        0x0800141d   Thumb Code    10  stm32f4xx_hal_gpio.o(i.HAL_GPIO_WritePin)
    HAL_GetTick                              0x08001429   Thumb Code     6  stm32f4xx_hal.o(i.HAL_GetTick)
    HAL_IncTick                              0x08001435   Thumb Code    12  stm32f4xx_hal.o(i.HAL_IncTick)
    HAL_Init                                 0x08001445   Thumb Code    48  stm32f4xx_hal.o(i.HAL_Init)
    HAL_InitTick                             0x08001479   Thumb Code    54  stm32f4xx_hal.o(i.HAL_InitTick)
    HAL_MspInit                              0x080014b9   Thumb Code   126  stm32f4xx_hal_msp.o(i.HAL_MspInit)
    HAL_NVIC_EnableIRQ                       0x0800153d   Thumb Code    22  stm32f4xx_hal_cortex.o(i.HAL_NVIC_EnableIRQ)
    HAL_NVIC_SetPriority                     0x08001555   Thumb Code    60  stm32f4xx_hal_cortex.o(i.HAL_NVIC_SetPriority)
    HAL_NVIC_SetPriorityGrouping             0x08001595   Thumb Code    26  stm32f4xx_hal_cortex.o(i.HAL_NVIC_SetPriorityGrouping)
    HAL_PWREx_EnableOverDrive                0x080015b9   Thumb Code    98  stm32f4xx_hal_pwr_ex.o(i.HAL_PWREx_EnableOverDrive)
    HAL_RCC_ClockConfig                      0x08001629   Thumb Code   286  stm32f4xx_hal_rcc.o(i.HAL_RCC_ClockConfig)
    HAL_RCC_GetHCLKFreq                      0x08001759   Thumb Code     6  stm32f4xx_hal_rcc.o(i.HAL_RCC_GetHCLKFreq)
    HAL_RCC_GetPCLK1Freq                     0x08001765   Thumb Code    20  stm32f4xx_hal_rcc.o(i.HAL_RCC_GetPCLK1Freq)
    HAL_RCC_GetPCLK2Freq                     0x08001785   Thumb Code    20  stm32f4xx_hal_rcc.o(i.HAL_RCC_GetPCLK2Freq)
    HAL_RCC_GetSysClockFreq                  0x080017a5   Thumb Code    88  stm32f4xx_hal_rcc.o(i.HAL_RCC_GetSysClockFreq)
    HAL_RCC_OscConfig                        0x08001809   Thumb Code   770  stm32f4xx_hal_rcc.o(i.HAL_RCC_OscConfig)
    HAL_SYSTICK_CLKSourceConfig              0x08001b25   Thumb Code    24  stm32f4xx_hal_cortex.o(i.HAL_SYSTICK_CLKSourceConfig)
    HAL_SYSTICK_Callback                     0x08001b3d   Thumb Code     2  stm32f4xx_hal_cortex.o(i.HAL_SYSTICK_Callback)
    HAL_SYSTICK_Config                       0x08001b3f   Thumb Code    40  stm32f4xx_hal_cortex.o(i.HAL_SYSTICK_Config)
    HAL_SYSTICK_IRQHandler                   0x08001b67   Thumb Code     8  stm32f4xx_hal_cortex.o(i.HAL_SYSTICK_IRQHandler)
    HAL_TIMEx_BreakCallback                  0x08001b6f   Thumb Code     2  stm32f4xx_hal_tim_ex.o(i.HAL_TIMEx_BreakCallback)
    HAL_TIMEx_CommutationCallback            0x08001b71   Thumb Code     2  stm32f4xx_hal_tim_ex.o(i.HAL_TIMEx_CommutationCallback)
    HAL_TIMEx_MasterConfigSynchronization    0x08001b73   Thumb Code    80  stm32f4xx_hal_tim_ex.o(i.HAL_TIMEx_MasterConfigSynchronization)
    HAL_TIM_Base_Init                        0x08001bc3   Thumb Code    54  stm32f4xx_hal_tim.o(i.HAL_TIM_Base_Init)
    HAL_TIM_Base_MspInit                     0x08001bf9   Thumb Code    50  stm32f4xx_hal_msp.o(i.HAL_TIM_Base_MspInit)
    HAL_TIM_Base_Start_IT                    0x08001c35   Thumb Code    24  stm32f4xx_hal_tim.o(i.HAL_TIM_Base_Start_IT)
    HAL_TIM_IC_CaptureCallback               0x08001c4d   Thumb Code     2  stm32f4xx_hal_tim.o(i.HAL_TIM_IC_CaptureCallback)
    HAL_TIM_IRQHandler                       0x08001c4f   Thumb Code   358  stm32f4xx_hal_tim.o(i.HAL_TIM_IRQHandler)
    HAL_TIM_OC_DelayElapsedCallback          0x08001db5   Thumb Code     2  stm32f4xx_hal_tim.o(i.HAL_TIM_OC_DelayElapsedCallback)
    HAL_TIM_PWM_PulseFinishedCallback        0x08001db7   Thumb Code     2  stm32f4xx_hal_tim.o(i.HAL_TIM_PWM_PulseFinishedCallback)
    HAL_TIM_PeriodElapsedCallback            0x08001db9   Thumb Code    12  user.o(i.HAL_TIM_PeriodElapsedCallback)
    HAL_TIM_TriggerCallback                  0x08001dc9   Thumb Code     2  stm32f4xx_hal_tim.o(i.HAL_TIM_TriggerCallback)
    HAL_UART_ErrorCallback                   0x08001dcb   Thumb Code     2  stm32f4xx_hal_uart.o(i.HAL_UART_ErrorCallback)
    HAL_UART_IRQHandler                      0x08001dcd   Thumb Code   266  stm32f4xx_hal_uart.o(i.HAL_UART_IRQHandler)
    HAL_UART_Init                            0x08001edd   Thumb Code    98  stm32f4xx_hal_uart.o(i.HAL_UART_Init)
    HAL_UART_MspInit                         0x08001f41   Thumb Code   408  stm32f4xx_hal_msp.o(i.HAL_UART_MspInit)
    HAL_UART_Receive_DMA                     0x08002129   Thumb Code   138  stm32f4xx_hal_uart.o(i.HAL_UART_Receive_DMA)
    HAL_UART_RxCpltCallback                  0x080021c1   Thumb Code     2  stm32f4xx_hal_uart.o(i.HAL_UART_RxCpltCallback)
    HAL_UART_RxHalfCpltCallback              0x080021c3   Thumb Code     2  stm32f4xx_hal_uart.o(i.HAL_UART_RxHalfCpltCallback)
    HAL_UART_Transmit                        0x080021c5   Thumb Code   186  stm32f4xx_hal_uart.o(i.HAL_UART_Transmit)
    HAL_UART_TxCpltCallback                  0x0800227f   Thumb Code     2  stm32f4xx_hal_uart.o(i.HAL_UART_TxCpltCallback)
    HardFault_Handler                        0x08002281   Thumb Code     2  stm32f4xx_it.o(i.HardFault_Handler)
    Limiter                                  0x08002283   Thumb Code    22  controller.o(i.Limiter)
    MemManage_Handler                        0x080023c1   Thumb Code     2  stm32f4xx_it.o(i.MemManage_Handler)
    NMI_Handler                              0x080023c3   Thumb Code     2  stm32f4xx_it.o(i.NMI_Handler)
    OutPIDControl                            0x080023e5   Thumb Code   118  controller.o(i.OutPIDControl)
    PID_control                              0x080024a1   Thumb Code   340  controller.o(i.PID_control)
    PTZ_Data_Analysis                        0x0800260d   Thumb Code    70  pantiltzoom.o(i.PTZ_Data_Analysis)
    PanTiltZoom_Control                      0x0800265d   Thumb Code    42  control.o(i.PanTiltZoom_Control)
    PanTiltZoom_Init                         0x08002689   Thumb Code   228  pantiltzoom.o(i.PanTiltZoom_Init)
    PantiltzoomDbusDataConverter             0x08002781   Thumb Code    26  pantiltzoom.o(i.PantiltzoomDbusDataConverter)
    Parsing_Motor_datas                      0x080027a1   Thumb Code    86  control.o(i.Parsing_Motor_datas)
    PendSV_Handler                           0x080027f7   Thumb Code     2  stm32f4xx_it.o(i.PendSV_Handler)
    SVC_Handler                              0x080027f9   Thumb Code     2  stm32f4xx_it.o(i.SVC_Handler)
    SysTick_Handler                          0x080027fb   Thumb Code    14  stm32f4xx_it.o(i.SysTick_Handler)
    SystemClock_Config                       0x08002809   Thumb Code   158  main.o(i.SystemClock_Config)
    SystemInit                               0x080028b1   Thumb Code    66  system_stm32f4xx.o(i.SystemInit)
    TIM7_Event                               0x08002905   Thumb Code   212  user.o(i.TIM7_Event)
    TIM7_IRQHandler                          0x080029f1   Thumb Code    16  stm32f4xx_it.o(i.TIM7_IRQHandler)
    TIM_Base_SetConfig                       0x08002a05   Thumb Code   148  stm32f4xx_hal_tim.o(i.TIM_Base_SetConfig)
    TimeCounterInit                          0x08002ac5   Thumb Code    10  driver_dbus.o(i.TimeCounterInit)
    USART1_IRQHandler                        0x08002fa5   Thumb Code    18  stm32f4xx_it.o(i.USART1_IRQHandler)
    USART3_IRQHandler                        0x08002fbd   Thumb Code     6  stm32f4xx_it.o(i.USART3_IRQHandler)
    USART6_IRQHandler                        0x08002fc9   Thumb Code    18  stm32f4xx_it.o(i.USART6_IRQHandler)
    UsageFault_Handler                       0x08002fe1   Thumb Code     2  stm32f4xx_it.o(i.UsageFault_Handler)
    UserUsart6IT                             0x08002fe5   Thumb Code    40  user.o(i.UserUsart6IT)
    User_CAN_Config                          0x08003011   Thumb Code    46  user_can.o(i.User_CAN_Config)
    User_config                              0x08003045   Thumb Code    82  user.o(i.User_config)
    User_usart1_IT                           0x080030b9   Thumb Code    40  user.o(i.User_usart1_IT)
    _Error_Handler                           0x080030e5   Thumb Code     2  main.o(i._Error_Handler)
    __scatterload_copy                       0x080030e7   Thumb Code    14  handlers.o(i.__scatterload_copy)
    __scatterload_null                       0x080030f5   Thumb Code     2  handlers.o(i.__scatterload_null)
    __scatterload_zeroinit                   0x080030f7   Thumb Code    14  handlers.o(i.__scatterload_zeroinit)
    main                                     0x08003105   Thumb Code   228  main.o(i.main)
    myabs                                    0x08003209   Thumb Code    16  controller.o(i.myabs)
    AHBPrescTable                            0x08003220   Data          16  system_stm32f4xx.o(.constdata)
    APBPrescTable                            0x08003230   Data           8  system_stm32f4xx.o(.constdata)
    Region$$Table$$Base                      0x08003238   Number         0  anon$$obj.o(Region$$Table)
    Region$$Table$$Limit                     0x08003258   Number         0  anon$$obj.o(Region$$Table)
    uwTickFreq                               0x20000000   Data           1  stm32f4xx_hal.o(.data)
    uwTickPrio                               0x20000004   Data           4  stm32f4xx_hal.o(.data)
    uwTick                                   0x20000008   Data           4  stm32f4xx_hal.o(.data)
    SystemCoreClock                          0x2000000c   Data           4  system_stm32f4xx.o(.data)
    SpeedParam                               0x20000010   Data           1  control.o(.data)
    groal                                    0x20000011   Data           2  control.o(.data)
    aff                                      0x20000014   Data           4  control.o(.data)
    LtPit                                    0x2000001c   Data           4  pantiltzoom.o(.data)
    LtYaw                                    0x20000020   Data           4  pantiltzoom.o(.data)
    _base                                    0x20000024   Data           8  user.o(.data)
    DBUSConnectStatus                        0x2000002c   Data           1  driver_dbus.o(.data)
    Tc                                       0x20000030   Data           8  driver_dbus.o(.data)
    sum                                      0x20000038   Data           1  gy955.o(.data)
    i                                        0x20000039   Data           1  gy955.o(.data)
    hcan1                                    0x2000003c   Data          40  main.o(.bss)
    htim7                                    0x20000064   Data          60  main.o(.bss)
    huart1                                   0x200000a0   Data          64  main.o(.bss)
    huart2                                   0x200000e0   Data          64  main.o(.bss)
    huart3                                   0x20000120   Data          64  main.o(.bss)
    huart6                                   0x20000160   Data          64  main.o(.bss)
    hdma_usart1_rx                           0x200001a0   Data          96  main.o(.bss)
    hdma_usart3_rx                           0x20000200   Data          96  main.o(.bss)
    hdma_usart6_rx                           0x20000260   Data          96  main.o(.bss)
    Cs                                       0x200002c0   Data         212  chassis.o(.bss)
    Cbcla                                    0x200003c4   Data          12  control.o(.bss)
    Ps                                       0x200003d0   Data         156  pantiltzoom.o(.bss)
    TxMsg1                                   0x20000484   Data          24  user_can.o(.bss)
    RxMsg1                                   0x2000049c   Data          28  user_can.o(.bss)
    Cm                                       0x200004b8   Data          16  user_can.o(.bss)
    _filter                                  0x200004c8   Data          40  user_can.o(.bss)
    DBUSBuffer                               0x200004f0   Data          19  driver_dbus.o(.bss)
    DBUS_ReceiveData                         0x20000504   Data          26  driver_dbus.o(.bss)
    LASTDBUS_ReceiveData                     0x2000051e   Data          26  driver_dbus.o(.bss)
    GB955Buffer                              0x20000538   Data          19  gy955.o(.bss)
    Gyc                                      0x2000054c   Data          24  gy955.o(.bss)
    __initial_sp                             0x20000968   Data           0  startup_stm32f427xx.o(STACK)



==============================================================================

Memory Map of the image

  Image Entry point : 0x080001ad

  Load Region LR_IROM1 (Base: 0x08000000, Size: 0x00003294, Max: 0x00200000, ABSOLUTE)

    Execution Region ER_IROM1 (Exec base: 0x08000000, Load base: 0x08000000, Size: 0x00003258, Max: 0x00200000, ABSOLUTE)

    Exec Addr    Load Addr    Size         Type   Attr      Idx    E Section Name        Object

    0x08000000   0x08000000   0x000001ac   Data   RO            3    RESET               startup_stm32f427xx.o
    0x080001ac   0x080001ac   0x00000000   Code   RO         3411  * .ARM.Collect$$$$00000000  mc_w.l(entry.o)
    0x080001ac   0x080001ac   0x00000004   Code   RO         3420    .ARM.Collect$$$$00000001  mc_w.l(entry2.o)
    0x080001b0   0x080001b0   0x00000004   Code   RO         3423    .ARM.Collect$$$$00000004  mc_w.l(entry5.o)
    0x080001b4   0x080001b4   0x00000000   Code   RO         3425    .ARM.Collect$$$$00000008  mc_w.l(entry7b.o)
    0x080001b4   0x080001b4   0x00000000   Code   RO         3427    .ARM.Collect$$$$0000000A  mc_w.l(entry8b.o)
    0x080001b4   0x080001b4   0x00000008   Code   RO         3428    .ARM.Collect$$$$0000000B  mc_w.l(entry9a.o)
    0x080001bc   0x080001bc   0x00000000   Code   RO         3430    .ARM.Collect$$$$0000000D  mc_w.l(entry10a.o)
    0x080001bc   0x080001bc   0x00000000   Code   RO         3432    .ARM.Collect$$$$0000000F  mc_w.l(entry11a.o)
    0x080001bc   0x080001bc   0x00000004   Code   RO         3421    .ARM.Collect$$$$00002712  mc_w.l(entry2.o)
    0x080001c0   0x080001c0   0x00000024   Code   RO            4    .text               startup_stm32f427xx.o
    0x080001e4   0x080001e4   0x00000062   Code   RO         3414    .text               mc_w.l(uldiv.o)
    0x08000246   0x08000246   0x00000024   Code   RO         3416    .text               mc_w.l(memcpya.o)
    0x0800026a   0x0800026a   0x0000001e   Code   RO         3434    .text               mc_w.l(llshl.o)
    0x08000288   0x08000288   0x00000020   Code   RO         3436    .text               mc_w.l(llushr.o)
    0x080002a8   0x080002a8   0x00000024   Code   RO         3438    .text               mc_w.l(init.o)
    0x080002cc   0x080002cc   0x000000b4   Code   RO         3371    i.AnalysisGyro      gy955.o
    0x08000380   0x08000380   0x0000000c   Code   RO         3215    i.BaseClassInit     user.o
    0x0800038c   0x0800038c   0x00000002   Code   RO          196    i.BusFault_Handler  stm32f4xx_it.o
    0x0800038e   0x0800038e   0x00000002   PAD
    0x08000390   0x08000390   0x0000000c   Code   RO          197    i.CAN1_RX0_IRQHandler  stm32f4xx_it.o
    0x0800039c   0x0800039c   0x00000024   Code   RO         3279    i.CAN_Filter_Init   user_can.o
    0x080003c0   0x080003c0   0x00000024   Code   RO         3280    i.CAN_Rx_Init       user_can.o
    0x080003e4   0x080003e4   0x00000054   Code   RO         3021    i.CAN_TRANSMIT      control.o
    0x08000438   0x08000438   0x00000028   Code   RO         3281    i.CAN_Tx_Init       user_can.o
    0x08000460   0x08000460   0x00000014   Code   RO         3022    i.CHUANKOU          control.o
    0x08000474   0x08000474   0x00000020   Code   RO         2976    i.Chassis_Data_Analysis  chassis.o
    0x08000494   0x08000494   0x0000014c   Code   RO         2977    i.Chassis_init      chassis.o
    0x080005e0   0x080005e0   0x0000006a   Code   RO         3025    i.Control_PTZ_PID   control.o
    0x0800064a   0x0800064a   0x00000002   PAD
    0x0800064c   0x0800064c   0x00000070   Code   RO         3328    i.DBUS_DataDecoding  driver_dbus.o
    0x080006bc   0x080006bc   0x00000024   Code   RO         3329    i.DBUS_Init         driver_dbus.o
    0x080006e0   0x080006e0   0x0000000c   Code   RO          198    i.DMA1_Stream1_IRQHandler  stm32f4xx_it.o
    0x080006ec   0x080006ec   0x0000000c   Code   RO          199    i.DMA2_Stream1_IRQHandler  stm32f4xx_it.o
    0x080006f8   0x080006f8   0x0000000c   Code   RO          200    i.DMA2_Stream2_IRQHandler  stm32f4xx_it.o
    0x08000704   0x08000704   0x00000028   Code   RO         2322    i.DMA_CalcBaseAndBitshift  stm32f4xx_hal_dma.o
    0x0800072c   0x0800072c   0x00000054   Code   RO         2323    i.DMA_CheckFifoParam  stm32f4xx_hal_dma.o
    0x08000780   0x08000780   0x00000028   Code   RO         2324    i.DMA_SetConfig     stm32f4xx_hal_dma.o
    0x080007a8   0x080007a8   0x00000038   Code   RO         3026    i.DUBS_Data_RX      control.o
    0x080007e0   0x080007e0   0x00000002   Code   RO          201    i.DebugMon_Handler  stm32f4xx_it.o
    0x080007e2   0x080007e2   0x00000002   PAD
    0x080007e4   0x080007e4   0x00000028   Code   RO         3372    i.Gy955ClassDataInit  gy955.o
    0x0800080c   0x0800080c   0x00000028   Code   RO          382    i.HAL_CAN_ActivateNotification  stm32f4xx_hal_can.o
    0x08000834   0x08000834   0x000000c8   Code   RO          383    i.HAL_CAN_AddTxMessage  stm32f4xx_hal_can.o
    0x080008fc   0x080008fc   0x0000010c   Code   RO          384    i.HAL_CAN_ConfigFilter  stm32f4xx_hal_can.o
    0x08000a08   0x08000a08   0x00000002   Code   RO          387    i.HAL_CAN_ErrorCallback  stm32f4xx_hal_can.o
    0x08000a0a   0x08000a0a   0x000000fa   Code   RO          390    i.HAL_CAN_GetRxMessage  stm32f4xx_hal_can.o
    0x08000b04   0x08000b04   0x000001fc   Code   RO          394    i.HAL_CAN_IRQHandler  stm32f4xx_hal_can.o
    0x08000d00   0x08000d00   0x0000011a   Code   RO          395    i.HAL_CAN_Init      stm32f4xx_hal_can.o
    0x08000e1a   0x08000e1a   0x00000002   PAD
    0x08000e1c   0x08000e1c   0x00000058   Code   RO          321    i.HAL_CAN_MspInit   stm32f4xx_hal_msp.o
    0x08000e74   0x08000e74   0x00000002   Code   RO          402    i.HAL_CAN_RxFifo0FullCallback  stm32f4xx_hal_can.o
    0x08000e76   0x08000e76   0x00000002   PAD
    0x08000e78   0x08000e78   0x00000034   Code   RO         3216    i.HAL_CAN_RxFifo0MsgPendingCallback  user.o
    0x08000eac   0x08000eac   0x00000002   Code   RO          404    i.HAL_CAN_RxFifo1FullCallback  stm32f4xx_hal_can.o
    0x08000eae   0x08000eae   0x00000002   Code   RO          405    i.HAL_CAN_RxFifo1MsgPendingCallback  stm32f4xx_hal_can.o
    0x08000eb0   0x08000eb0   0x00000002   Code   RO          406    i.HAL_CAN_SleepCallback  stm32f4xx_hal_can.o
    0x08000eb2   0x08000eb2   0x00000002   PAD
    0x08000eb4   0x08000eb4   0x00000058   Code   RO          407    i.HAL_CAN_Start     stm32f4xx_hal_can.o
    0x08000f0c   0x08000f0c   0x00000002   Code   RO          409    i.HAL_CAN_TxMailbox0AbortCallback  stm32f4xx_hal_can.o
    0x08000f0e   0x08000f0e   0x00000002   Code   RO          410    i.HAL_CAN_TxMailbox0CompleteCallback  stm32f4xx_hal_can.o
    0x08000f10   0x08000f10   0x00000002   Code   RO          411    i.HAL_CAN_TxMailbox1AbortCallback  stm32f4xx_hal_can.o
    0x08000f12   0x08000f12   0x00000002   Code   RO          412    i.HAL_CAN_TxMailbox1CompleteCallback  stm32f4xx_hal_can.o
    0x08000f14   0x08000f14   0x00000002   Code   RO          413    i.HAL_CAN_TxMailbox2AbortCallback  stm32f4xx_hal_can.o
    0x08000f16   0x08000f16   0x00000002   Code   RO          414    i.HAL_CAN_TxMailbox2CompleteCallback  stm32f4xx_hal_can.o
    0x08000f18   0x08000f18   0x00000002   Code   RO          416    i.HAL_CAN_WakeUpFromRxMsgCallback  stm32f4xx_hal_can.o
    0x08000f1a   0x08000f1a   0x00000024   Code   RO         2326    i.HAL_DMA_Abort_IT  stm32f4xx_hal_dma.o
    0x08000f3e   0x08000f3e   0x00000002   PAD
    0x08000f40   0x08000f40   0x000001a0   Code   RO         2330    i.HAL_DMA_IRQHandler  stm32f4xx_hal_dma.o
    0x080010e0   0x080010e0   0x000000d4   Code   RO         2331    i.HAL_DMA_Init      stm32f4xx_hal_dma.o
    0x080011b4   0x080011b4   0x00000078   Code   RO         2335    i.HAL_DMA_Start_IT  stm32f4xx_hal_dma.o
    0x0800122c   0x0800122c   0x00000024   Code   RO         2762    i.HAL_Delay         stm32f4xx_hal.o
    0x08001250   0x08001250   0x000001cc   Code   RO         2218    i.HAL_GPIO_Init     stm32f4xx_hal_gpio.o
    0x0800141c   0x0800141c   0x0000000a   Code   RO         2222    i.HAL_GPIO_WritePin  stm32f4xx_hal_gpio.o
    0x08001426   0x08001426   0x00000002   PAD
    0x08001428   0x08001428   0x0000000c   Code   RO         2770    i.HAL_GetTick       stm32f4xx_hal.o
    0x08001434   0x08001434   0x00000010   Code   RO         2774    i.HAL_IncTick       stm32f4xx_hal.o
    0x08001444   0x08001444   0x00000034   Code   RO         2775    i.HAL_Init          stm32f4xx_hal.o
    0x08001478   0x08001478   0x00000040   Code   RO         2776    i.HAL_InitTick      stm32f4xx_hal.o
    0x080014b8   0x080014b8   0x00000084   Code   RO          322    i.HAL_MspInit       stm32f4xx_hal_msp.o
    0x0800153c   0x0800153c   0x00000016   Code   RO         2625    i.HAL_NVIC_EnableIRQ  stm32f4xx_hal_cortex.o
    0x08001552   0x08001552   0x00000002   PAD
    0x08001554   0x08001554   0x00000040   Code   RO         2631    i.HAL_NVIC_SetPriority  stm32f4xx_hal_cortex.o
    0x08001594   0x08001594   0x00000024   Code   RO         2632    i.HAL_NVIC_SetPriorityGrouping  stm32f4xx_hal_cortex.o
    0x080015b8   0x080015b8   0x00000070   Code   RO         2554    i.HAL_PWREx_EnableOverDrive  stm32f4xx_hal_pwr_ex.o
    0x08001628   0x08001628   0x00000130   Code   RO         1812    i.HAL_RCC_ClockConfig  stm32f4xx_hal_rcc.o
    0x08001758   0x08001758   0x0000000c   Code   RO         1817    i.HAL_RCC_GetHCLKFreq  stm32f4xx_hal_rcc.o
    0x08001764   0x08001764   0x00000020   Code   RO         1819    i.HAL_RCC_GetPCLK1Freq  stm32f4xx_hal_rcc.o
    0x08001784   0x08001784   0x00000020   Code   RO         1820    i.HAL_RCC_GetPCLK2Freq  stm32f4xx_hal_rcc.o
    0x080017a4   0x080017a4   0x00000064   Code   RO         1821    i.HAL_RCC_GetSysClockFreq  stm32f4xx_hal_rcc.o
    0x08001808   0x08001808   0x0000031c   Code   RO         1824    i.HAL_RCC_OscConfig  stm32f4xx_hal_rcc.o
    0x08001b24   0x08001b24   0x00000018   Code   RO         2634    i.HAL_SYSTICK_CLKSourceConfig  stm32f4xx_hal_cortex.o
    0x08001b3c   0x08001b3c   0x00000002   Code   RO         2635    i.HAL_SYSTICK_Callback  stm32f4xx_hal_cortex.o
    0x08001b3e   0x08001b3e   0x00000028   Code   RO         2636    i.HAL_SYSTICK_Config  stm32f4xx_hal_cortex.o
    0x08001b66   0x08001b66   0x00000008   Code   RO         2637    i.HAL_SYSTICK_IRQHandler  stm32f4xx_hal_cortex.o
    0x08001b6e   0x08001b6e   0x00000002   Code   RO         1246    i.HAL_TIMEx_BreakCallback  stm32f4xx_hal_tim_ex.o
    0x08001b70   0x08001b70   0x00000002   Code   RO         1247    i.HAL_TIMEx_CommutationCallback  stm32f4xx_hal_tim_ex.o
    0x08001b72   0x08001b72   0x00000050   Code   RO         1263    i.HAL_TIMEx_MasterConfigSynchronization  stm32f4xx_hal_tim_ex.o
    0x08001bc2   0x08001bc2   0x00000036   Code   RO          617    i.HAL_TIM_Base_Init  stm32f4xx_hal_tim.o
    0x08001bf8   0x08001bf8   0x0000003c   Code   RO          324    i.HAL_TIM_Base_MspInit  stm32f4xx_hal_msp.o
    0x08001c34   0x08001c34   0x00000018   Code   RO          622    i.HAL_TIM_Base_Start_IT  stm32f4xx_hal_tim.o
    0x08001c4c   0x08001c4c   0x00000002   Code   RO          646    i.HAL_TIM_IC_CaptureCallback  stm32f4xx_hal_tim.o
    0x08001c4e   0x08001c4e   0x00000166   Code   RO          659    i.HAL_TIM_IRQHandler  stm32f4xx_hal_tim.o
    0x08001db4   0x08001db4   0x00000002   Code   RO          662    i.HAL_TIM_OC_DelayElapsedCallback  stm32f4xx_hal_tim.o
    0x08001db6   0x08001db6   0x00000002   Code   RO          689    i.HAL_TIM_PWM_PulseFinishedCallback  stm32f4xx_hal_tim.o
    0x08001db8   0x08001db8   0x00000010   Code   RO         3217    i.HAL_TIM_PeriodElapsedCallback  user.o
    0x08001dc8   0x08001dc8   0x00000002   Code   RO          700    i.HAL_TIM_TriggerCallback  stm32f4xx_hal_tim.o
    0x08001dca   0x08001dca   0x00000002   Code   RO         1506    i.HAL_UART_ErrorCallback  stm32f4xx_hal_uart.o
    0x08001dcc   0x08001dcc   0x00000110   Code   RO         1509    i.HAL_UART_IRQHandler  stm32f4xx_hal_uart.o
    0x08001edc   0x08001edc   0x00000062   Code   RO         1510    i.HAL_UART_Init     stm32f4xx_hal_uart.o
    0x08001f3e   0x08001f3e   0x00000002   PAD
    0x08001f40   0x08001f40   0x000001e8   Code   RO          326    i.HAL_UART_MspInit  stm32f4xx_hal_msp.o
    0x08002128   0x08002128   0x00000098   Code   RO         1514    i.HAL_UART_Receive_DMA  stm32f4xx_hal_uart.o
    0x080021c0   0x080021c0   0x00000002   Code   RO         1516    i.HAL_UART_RxCpltCallback  stm32f4xx_hal_uart.o
    0x080021c2   0x080021c2   0x00000002   Code   RO         1517    i.HAL_UART_RxHalfCpltCallback  stm32f4xx_hal_uart.o
    0x080021c4   0x080021c4   0x000000ba   Code   RO         1518    i.HAL_UART_Transmit  stm32f4xx_hal_uart.o
    0x0800227e   0x0800227e   0x00000002   Code   RO         1521    i.HAL_UART_TxCpltCallback  stm32f4xx_hal_uart.o
    0x08002280   0x08002280   0x00000002   Code   RO          202    i.HardFault_Handler  stm32f4xx_it.o
    0x08002282   0x08002282   0x00000016   Code   RO         3102    i.Limiter           controller.o
    0x08002298   0x08002298   0x00000044   Code   RO           13    i.MX_CAN1_Init      main.o
    0x080022dc   0x080022dc   0x0000005c   Code   RO           14    i.MX_DMA_Init       main.o
    0x08002338   0x08002338   0x00000088   Code   RO           15    i.MX_GPIO_Init      main.o
    0x080023c0   0x080023c0   0x00000002   Code   RO          203    i.MemManage_Handler  stm32f4xx_it.o
    0x080023c2   0x080023c2   0x00000002   Code   RO          204    i.NMI_Handler       stm32f4xx_it.o
    0x080023c4   0x080023c4   0x00000020   Code   RO         2638    i.NVIC_SetPriority  stm32f4xx_hal_cortex.o
    0x080023e4   0x080023e4   0x0000007c   Code   RO         3103    i.OutPIDControl     controller.o
    0x08002460   0x08002460   0x00000020   Code   RO         2979    i.PIDConnector      chassis.o
    0x08002480   0x08002480   0x00000020   Code   RO         3163    i.PIDConnector      pantiltzoom.o
    0x080024a0   0x080024a0   0x0000016c   Code   RO         3105    i.PID_control       controller.o
    0x0800260c   0x0800260c   0x00000050   Code   RO         3164    i.PTZ_Data_Analysis  pantiltzoom.o
    0x0800265c   0x0800265c   0x0000002a   Code   RO         3028    i.PanTiltZoom_Control  control.o
    0x08002686   0x08002686   0x00000002   PAD
    0x08002688   0x08002688   0x000000f8   Code   RO         3165    i.PanTiltZoom_Init  pantiltzoom.o
    0x08002780   0x08002780   0x00000020   Code   RO         3166    i.PantiltzoomDbusDataConverter  pantiltzoom.o
    0x080027a0   0x080027a0   0x00000056   Code   RO         3029    i.Parsing_Motor_datas  control.o
    0x080027f6   0x080027f6   0x00000002   Code   RO          205    i.PendSV_Handler    stm32f4xx_it.o
    0x080027f8   0x080027f8   0x00000002   Code   RO          206    i.SVC_Handler       stm32f4xx_it.o
    0x080027fa   0x080027fa   0x0000000e   Code   RO          207    i.SysTick_Handler   stm32f4xx_it.o
    0x08002808   0x08002808   0x000000a8   Code   RO           16    i.SystemClock_Config  main.o
    0x080028b0   0x080028b0   0x00000054   Code   RO         2939    i.SystemInit        system_stm32f4xx.o
    0x08002904   0x08002904   0x000000ec   Code   RO         3218    i.TIM7_Event        user.o
    0x080029f0   0x080029f0   0x00000014   Code   RO          208    i.TIM7_IRQHandler   stm32f4xx_it.o
    0x08002a04   0x08002a04   0x000000c0   Code   RO          701    i.TIM_Base_SetConfig  stm32f4xx_hal_tim.o
    0x08002ac4   0x08002ac4   0x00000010   Code   RO         3330    i.TimeCounterInit   driver_dbus.o
    0x08002ad4   0x08002ad4   0x00000010   Code   RO         1523    i.UART_DMAAbortOnError  stm32f4xx_hal_uart.o
    0x08002ae4   0x08002ae4   0x0000004a   Code   RO         1524    i.UART_DMAError     stm32f4xx_hal_uart.o
    0x08002b2e   0x08002b2e   0x0000003c   Code   RO         1525    i.UART_DMAReceiveCplt  stm32f4xx_hal_uart.o
    0x08002b6a   0x08002b6a   0x0000000a   Code   RO         1527    i.UART_DMARxHalfCplt  stm32f4xx_hal_uart.o
    0x08002b74   0x08002b74   0x0000001c   Code   RO         1533    i.UART_EndRxTransfer  stm32f4xx_hal_uart.o
    0x08002b90   0x08002b90   0x00000012   Code   RO         1534    i.UART_EndTxTransfer  stm32f4xx_hal_uart.o
    0x08002ba2   0x08002ba2   0x0000008c   Code   RO         1535    i.UART_Receive_IT   stm32f4xx_hal_uart.o
    0x08002c2e   0x08002c2e   0x00000002   PAD
    0x08002c30   0x08002c30   0x000002ac   Code   RO         1536    i.UART_SetConfig    stm32f4xx_hal_uart.o
    0x08002edc   0x08002edc   0x00000062   Code   RO         1537    i.UART_Transmit_IT  stm32f4xx_hal_uart.o
    0x08002f3e   0x08002f3e   0x00000064   Code   RO         1538    i.UART_WaitOnFlagUntilTimeout  stm32f4xx_hal_uart.o
    0x08002fa2   0x08002fa2   0x00000002   PAD
    0x08002fa4   0x08002fa4   0x00000018   Code   RO          209    i.USART1_IRQHandler  stm32f4xx_it.o
    0x08002fbc   0x08002fbc   0x0000000c   Code   RO          210    i.USART3_IRQHandler  stm32f4xx_it.o
    0x08002fc8   0x08002fc8   0x00000018   Code   RO          211    i.USART6_IRQHandler  stm32f4xx_it.o
    0x08002fe0   0x08002fe0   0x00000002   Code   RO          212    i.UsageFault_Handler  stm32f4xx_it.o
    0x08002fe2   0x08002fe2   0x00000002   PAD
    0x08002fe4   0x08002fe4   0x0000002c   Code   RO         3219    i.UserUsart6IT      user.o
    0x08003010   0x08003010   0x00000034   Code   RO         3282    i.User_CAN_Config   user_can.o
    0x08003044   0x08003044   0x00000074   Code   RO         3220    i.User_config       user.o
    0x080030b8   0x080030b8   0x0000002c   Code   RO         3221    i.User_usart1_IT    user.o
    0x080030e4   0x080030e4   0x00000002   Code   RO           17    i._Error_Handler    main.o
    0x080030e6   0x080030e6   0x0000000e   Code   RO         3442    i.__scatterload_copy  mc_w.l(handlers.o)
    0x080030f4   0x080030f4   0x00000002   Code   RO         3443    i.__scatterload_null  mc_w.l(handlers.o)
    0x080030f6   0x080030f6   0x0000000e   Code   RO         3444    i.__scatterload_zeroinit  mc_w.l(handlers.o)
    0x08003104   0x08003104   0x00000104   Code   RO           18    i.main              main.o
    0x08003208   0x08003208   0x00000010   Code   RO         3106    i.myabs             controller.o
    0x08003218   0x08003218   0x00000008   Data   RO         2337    .constdata          stm32f4xx_hal_dma.o
    0x08003220   0x08003220   0x00000010   Data   RO         2940    .constdata          system_stm32f4xx.o
    0x08003230   0x08003230   0x00000008   Data   RO         2941    .constdata          system_stm32f4xx.o
    0x08003238   0x08003238   0x00000020   Data   RO         3440    Region$$Table       anon$$obj.o


    Execution Region RW_IRAM1 (Exec base: 0x20000000, Load base: 0x08003258, Size: 0x00000968, Max: 0x00030000, ABSOLUTE)

    Exec Addr    Load Addr    Size         Type   Attr      Idx    E Section Name        Object

    0x20000000   0x08003258   0x0000000c   Data   RW         2782    .data               stm32f4xx_hal.o
    0x2000000c   0x08003264   0x00000004   Data   RW         2942    .data               system_stm32f4xx.o
    0x20000010   0x08003268   0x00000003   Data   RW         3031    .data               control.o
    0x20000013   0x0800326b   0x00000001   PAD
    0x20000014   0x0800326c   0x00000004   Data   RW         3032    .data               control.o
    0x20000018   0x08003270   0x0000000c   Data   RW         3169    .data               pantiltzoom.o
    0x20000024   0x0800327c   0x00000008   Data   RW         3222    .data               user.o
    0x2000002c   0x08003284   0x0000000c   Data   RW         3332    .data               driver_dbus.o
    0x20000038   0x08003290   0x00000002   Data   RW         3375    .data               gy955.o
    0x2000003a   0x08003292   0x00000002   PAD
    0x2000003c        -       0x00000164   Zero   RW           19    .bss                main.o
    0x200001a0        -       0x00000060   Zero   RW           20    .bss                main.o
    0x20000200        -       0x00000060   Zero   RW           21    .bss                main.o
    0x20000260        -       0x00000060   Zero   RW           22    .bss                main.o
    0x200002c0        -       0x00000104   Zero   RW         2980    .bss                chassis.o
    0x200003c4        -       0x0000000c   Zero   RW         3030    .bss                control.o
    0x200003d0        -       0x000000b4   Zero   RW         3168    .bss                pantiltzoom.o
    0x20000484        -       0x0000006c   Zero   RW         3283    .bss                user_can.o
    0x200004f0        -       0x00000048   Zero   RW         3331    .bss                driver_dbus.o
    0x20000538        -       0x0000002c   Zero   RW         3374    .bss                gy955.o
    0x20000564   0x08003292   0x00000004   PAD
    0x20000568        -       0x00000400   Zero   RW            1    STACK               startup_stm32f427xx.o


==============================================================================

Image component sizes


      Code (inc. data)   RO Data    RW Data    ZI Data      Debug   Object Name

       396         24          0          0        260       2526   chassis.o
       394         24          0          7         12       4533   control.o
       526         30          0          0          0       2934   controller.o
       164         22          0         12         72       2866   driver_dbus.o
       220         22          0          2         44       1840   gy955.o
       726         66          0          0        644     748322   main.o
       392         40          0         12        180       3097   pantiltzoom.o
        36          8        428          0       1024        844   startup_stm32f427xx.o
       180         28          0         12          0       4645   stm32f4xx_hal.o
      1660          6          0          0          0      14179   stm32f4xx_hal_can.o
       228         14          0          0          0      32237   stm32f4xx_hal_cortex.o
       948         16          8          0          0       6546   stm32f4xx_hal_dma.o
       470         52          0          0          0       2464   stm32f4xx_hal_gpio.o
       768        108          0          0          0       3465   stm32f4xx_hal_msp.o
       112         14          0          0          0       1304   stm32f4xx_hal_pwr_ex.o
      1276         86          0          0          0       5688   stm32f4xx_hal_rcc.o
       636         44          0          0          0       6583   stm32f4xx_hal_tim.o
        84          0          0          0          0       2446   stm32f4xx_hal_tim_ex.o
      1944         28          0          0          0      13516   stm32f4xx_hal_uart.o
       158         46          0          0          0       8120   stm32f4xx_it.o
        84         18         24          4          0       1183   system_stm32f4xx.o
       520         88          0          8          0       4855   user.o
       164         22          0          0        108       3096   user_can.o

    ----------------------------------------------------------------------
     12114        806        492         60       2348     877289   Object Totals
         0          0         32          0          0          0   (incl. Generated)
        28          0          0          3          4          0   (incl. Padding)

    ----------------------------------------------------------------------

      Code (inc. data)   RO Data    RW Data    ZI Data      Debug   Library Member Name

         0          0          0          0          0          0   entry.o
         0          0          0          0          0          0   entry10a.o
         0          0          0          0          0          0   entry11a.o
         8          4          0          0          0          0   entry2.o
         4          0          0          0          0          0   entry5.o
         0          0          0          0          0          0   entry7b.o
         0          0          0          0          0          0   entry8b.o
         8          4          0          0          0          0   entry9a.o
        30          0          0          0          0          0   handlers.o
        36          8          0          0          0         68   init.o
        30          0          0          0          0         68   llshl.o
        32          0          0          0          0         68   llushr.o
        36          0          0          0          0         68   memcpya.o
        98          0          0          0          0         92   uldiv.o

    ----------------------------------------------------------------------
       282         16          0          0          0        364   Library Totals
         0          0          0          0          0          0   (incl. Padding)

    ----------------------------------------------------------------------

      Code (inc. data)   RO Data    RW Data    ZI Data      Debug   Library Name

       282         16          0          0          0        364   mc_w.l

    ----------------------------------------------------------------------
       282         16          0          0          0        364   Library Totals

    ----------------------------------------------------------------------

==============================================================================


      Code (inc. data)   RO Data    RW Data    ZI Data      Debug   

     12396        822        492         60       2348     865253   Grand Totals
     12396        822        492         60       2348     865253   ELF Image Totals
     12396        822        492         60          0          0   ROM Totals

==============================================================================

    Total RO  Size (Code + RO Data)                12888 (  12.59kB)
    Total RW  Size (RW Data + ZI Data)              2408 (   2.35kB)
    Total ROM Size (Code + RO Data + RW Data)      12948 (  12.64kB)

==============================================================================

