Component: ARM Compiler 5.06 update 6 (build 750) Tool: armlink [4d35ed]

==============================================================================

Section Cross References

    startup_stm32f427xx.o(RESET) refers to startup_stm32f427xx.o(STACK) for __initial_sp
    startup_stm32f427xx.o(RESET) refers to startup_stm32f427xx.o(.text) for Reset_Handler
    startup_stm32f427xx.o(RESET) refers to stm32f4xx_it.o(i.NMI_Handler) for NMI_Handler
    startup_stm32f427xx.o(RESET) refers to stm32f4xx_it.o(i.HardFault_Handler) for HardFault_Handler
    startup_stm32f427xx.o(RESET) refers to stm32f4xx_it.o(i.MemManage_Handler) for MemManage_Handler
    startup_stm32f427xx.o(RESET) refers to stm32f4xx_it.o(i.BusFault_Handler) for BusFault_Handler
    startup_stm32f427xx.o(RESET) refers to stm32f4xx_it.o(i.UsageFault_Handler) for UsageFault_Handler
    startup_stm32f427xx.o(RESET) refers to stm32f4xx_it.o(i.SVC_Handler) for SVC_Handler
    startup_stm32f427xx.o(RESET) refers to stm32f4xx_it.o(i.DebugMon_Handler) for DebugMon_Handler
    startup_stm32f427xx.o(RESET) refers to stm32f4xx_it.o(i.PendSV_Handler) for PendSV_Handler
    startup_stm32f427xx.o(RESET) refers to stm32f4xx_it.o(i.SysTick_Handler) for SysTick_Handler
    startup_stm32f427xx.o(RESET) refers to stm32f4xx_it.o(i.DMA1_Stream1_IRQHandler) for DMA1_Stream1_IRQHandler
    startup_stm32f427xx.o(RESET) refers to stm32f4xx_it.o(i.CAN1_RX0_IRQHandler) for CAN1_RX0_IRQHandler
    startup_stm32f427xx.o(RESET) refers to stm32f4xx_it.o(i.USART1_IRQHandler) for USART1_IRQHandler
    startup_stm32f427xx.o(RESET) refers to stm32f4xx_it.o(i.USART3_IRQHandler) for USART3_IRQHandler
    startup_stm32f427xx.o(RESET) refers to stm32f4xx_it.o(i.TIM7_IRQHandler) for TIM7_IRQHandler
    startup_stm32f427xx.o(RESET) refers to stm32f4xx_it.o(i.DMA2_Stream1_IRQHandler) for DMA2_Stream1_IRQHandler
    startup_stm32f427xx.o(RESET) refers to stm32f4xx_it.o(i.DMA2_Stream2_IRQHandler) for DMA2_Stream2_IRQHandler
    startup_stm32f427xx.o(RESET) refers to stm32f4xx_it.o(i.USART6_IRQHandler) for USART6_IRQHandler
    startup_stm32f427xx.o(.text) refers to system_stm32f4xx.o(i.SystemInit) for SystemInit
    startup_stm32f427xx.o(.text) refers to entry.o(.ARM.Collect$$$$00000000) for __main
    main.o(i.MX_CAN1_Init) refers to stm32f4xx_hal_can.o(i.HAL_CAN_Init) for HAL_CAN_Init
    main.o(i.MX_CAN1_Init) refers to main.o(i._Error_Handler) for _Error_Handler
    main.o(i.MX_CAN1_Init) refers to main.o(.bss) for hcan1
    main.o(i.MX_DMA_Init) refers to stm32f4xx_hal_cortex.o(i.HAL_NVIC_SetPriority) for HAL_NVIC_SetPriority
    main.o(i.MX_DMA_Init) refers to stm32f4xx_hal_cortex.o(i.HAL_NVIC_EnableIRQ) for HAL_NVIC_EnableIRQ
    main.o(i.MX_GPIO_Init) refers to stm32f4xx_hal_gpio.o(i.HAL_GPIO_WritePin) for HAL_GPIO_WritePin
    main.o(i.MX_GPIO_Init) refers to stm32f4xx_hal_gpio.o(i.HAL_GPIO_Init) for HAL_GPIO_Init
    main.o(i.MX_TIM1_Init) refers to stm32f4xx_hal_tim.o(i.HAL_TIM_PWM_Init) for HAL_TIM_PWM_Init
    main.o(i.MX_TIM1_Init) refers to main.o(i._Error_Handler) for _Error_Handler
    main.o(i.MX_TIM1_Init) refers to stm32f4xx_hal_tim_ex.o(i.HAL_TIMEx_MasterConfigSynchronization) for HAL_TIMEx_MasterConfigSynchronization
    main.o(i.MX_TIM1_Init) refers to stm32f4xx_hal_tim.o(i.HAL_TIM_PWM_ConfigChannel) for HAL_TIM_PWM_ConfigChannel
    main.o(i.MX_TIM1_Init) refers to stm32f4xx_hal_tim_ex.o(i.HAL_TIMEx_ConfigBreakDeadTime) for HAL_TIMEx_ConfigBreakDeadTime
    main.o(i.MX_TIM1_Init) refers to stm32f4xx_hal_msp.o(i.HAL_TIM_MspPostInit) for HAL_TIM_MspPostInit
    main.o(i.MX_TIM1_Init) refers to main.o(.bss) for htim1
    main.o(i.MX_TIM7_Init) refers to stm32f4xx_hal_tim.o(i.HAL_TIM_Base_Init) for HAL_TIM_Base_Init
    main.o(i.MX_TIM7_Init) refers to main.o(i._Error_Handler) for _Error_Handler
    main.o(i.MX_TIM7_Init) refers to stm32f4xx_hal_tim_ex.o(i.HAL_TIMEx_MasterConfigSynchronization) for HAL_TIMEx_MasterConfigSynchronization
    main.o(i.MX_TIM7_Init) refers to main.o(.bss) for htim7
    main.o(i.MX_USART1_UART_Init) refers to stm32f4xx_hal_uart.o(i.HAL_UART_Init) for HAL_UART_Init
    main.o(i.MX_USART1_UART_Init) refers to main.o(i._Error_Handler) for _Error_Handler
    main.o(i.MX_USART1_UART_Init) refers to main.o(.bss) for huart1
    main.o(i.MX_USART2_UART_Init) refers to stm32f4xx_hal_uart.o(i.HAL_UART_Init) for HAL_UART_Init
    main.o(i.MX_USART2_UART_Init) refers to main.o(i._Error_Handler) for _Error_Handler
    main.o(i.MX_USART2_UART_Init) refers to main.o(.bss) for huart2
    main.o(i.MX_USART3_UART_Init) refers to stm32f4xx_hal_uart.o(i.HAL_UART_Init) for HAL_UART_Init
    main.o(i.MX_USART3_UART_Init) refers to main.o(i._Error_Handler) for _Error_Handler
    main.o(i.MX_USART3_UART_Init) refers to main.o(.bss) for huart3
    main.o(i.MX_USART6_UART_Init) refers to stm32f4xx_hal_uart.o(i.HAL_UART_Init) for HAL_UART_Init
    main.o(i.MX_USART6_UART_Init) refers to main.o(i._Error_Handler) for _Error_Handler
[...]
    .ARM.Collect$$$$0000000A                 0x080001b4   Section        0  entry8b.o(.ARM.Collect$$$$0000000A)
    .ARM.Collect$$$$0000000B                 0x080001b4   Section        8  entry9a.o(.ARM.Collect$$$$0000000B)
    .ARM.Collect$$$$0000000D                 0x080001bc   Section        0  entry10a.o(.ARM.Collect$$$$0000000D)
    .ARM.Collect$$$$0000000F                 0x080001bc   Section        0  entry11a.o(.ARM.Collect$$$$0000000F)
    .ARM.Collect$$$$00002712                 0x080001bc   Section        4  entry2.o(.ARM.Collect$$$$00002712)
    __lit__00000000                          0x080001bc   Data           4  entry2.o(.ARM.Collect$$$$00002712)
    .text                                    0x080001c0   Section       36  startup_stm32f427xx.o(.text)
    $v0                                      0x080001c0   Number         0  startup_stm32f427xx.o(.text)
    .text                                    0x080001e4   Section        0  uldiv.o(.text)
    .text                                    0x08000246   Section        0  memcpya.o(.text)
    .text                                    0x0800026a   Section        0  dadd.o(.text)
    .text                                    0x080003b8   Section        0  dmul.o(.text)
    .text                                    0x0800049c   Section        0  dflti.o(.text)
    .text                                    0x080004be   Section        0  dfixi.o(.text)
    .text                                    0x080004fc   Section        0  llshl.o(.text)
    .text                                    0x0800051a   Section        0  llushr.o(.text)
    .text                                    0x0800053a   Section        0  llsshr.o(.text)
    .text                                    0x0800055e   Section        0  depilogue.o(.text)
    .text                                    0x0800055e   Section        0  iusefp.o(.text)
    .text                                    0x08000618   Section       36  init.o(.text)
    i.AnalysisGyro                           0x0800063c   Section        0  gy955.o(i.AnalysisGyro)
    i.BaseClassInit                          0x08000770   Section        0  user.o(i.BaseClassInit)
    i.BusFault_Handler                       0x0800077c   Section        0  stm32f4xx_it.o(i.BusFault_Handler)
    i.CAN1_RX0_IRQHandler                    0x08000780   Section        0  stm32f4xx_it.o(i.CAN1_RX0_IRQHandler)
    i.CAN_Filter_Init                        0x08000790   Section        0  user_can.o(i.CAN_Filter_Init)
    i.CAN_Rx_Init                            0x080007c0   Section        0  user_can.o(i.CAN_Rx_Init)
    i.CAN_TRANSMIT                           0x080007ec   Section        0  control.o(i.CAN_TRANSMIT)
    i.CAN_Tx_Init                            0x0800086c   Section        0  user_can.o(i.CAN_Tx_Init)
    i.Chassis_Data_Analysis                  0x08000898   Section        0  chassis.o(i.Chassis_Data_Analysis)
    i.Chassis_init                           0x080008c0   Section        0  chassis.o(i.Chassis_init)
    i.Control_PTZ_PID                        0x08000ab8   Section        0  control.o(i.Control_PTZ_PID)
    i.DBUS_DataDecoding                      0x08000b64   Section        0  driver_dbus.o(i.DBUS_DataDecoding)
    i.DBUS_Init                              0x08000c78   Section        0  driver_dbus.o(i.DBUS_Init)
    i.DMA1_Stream1_IRQHandler                0x08000cc0   Section        0  stm32f4xx_it.o(i.DMA1_Stream1_IRQHandler)
    i.DMA2_Stream1_IRQHandler                0x08000cd0   Section        0  stm32f4xx_it.o(i.DMA2_Stream1_IRQHandler)
    i.DMA2_Stream2_IRQHandler                0x08000ce0   Section        0  stm32f4xx_it.o(i.DMA2_Stream2_IRQHandler)
    i.DMA_CalcBaseAndBitshift                0x08000cf0   Section        0  stm32f4xx_hal_dma.o(i.DMA_CalcBaseAndBitshift)
    DMA_CalcBaseAndBitshift                  0x08000cf1   Thumb Code    46  stm32f4xx_hal_dma.o(i.DMA_CalcBaseAndBitshift)
    i.DMA_CheckFifoParam                     0x08000d24   Section        0  stm32f4xx_hal_dma.o(i.DMA_CheckFifoParam)
    DMA_CheckFifoParam                       0x08000d25   Thumb Code   170  stm32f4xx_hal_dma.o(i.DMA_CheckFifoParam)
    i.DMA_SetConfig                          0x08000dce   Section        0  stm32f4xx_hal_dma.o(i.DMA_SetConfig)
    DMA_SetConfig                            0x08000dcf   Thumb Code    44  stm32f4xx_hal_dma.o(i.DMA_SetConfig)
    i.DUBS_Data_RX                           0x08000dfc   Section        0  control.o(i.DUBS_Data_RX)
    i.DebugMon_Handler                       0x08000f78   Section        0  stm32f4xx_it.o(i.DebugMon_Handler)
    i.ExpertPIDControl                       0x08000f7c   Section        0  controller.o(i.ExpertPIDControl)
    i.Gy955ClassDataInit                     0x08001290   Section        0  gy955.o(i.Gy955ClassDataInit)
    i.GyinitQueue                            0x080012c4   Section        0  datastructure.o(i.GyinitQueue)
    i.HAL_CAN_ActivateNotification           0x080012f6   Section        0  stm32f4xx_hal_can.o(i.HAL_CAN_ActivateNotification)
    i.HAL_CAN_AddTxMessage                   0x08001322   Section        0  stm32f4xx_hal_can.o(i.HAL_CAN_AddTxMessage)
    i.HAL_CAN_ConfigFilter                   0x0800144c   Section        0  stm32f4xx_hal_can.o(i.HAL_CAN_ConfigFilter)
    i.HAL_CAN_ErrorCallback                  0x08001570   Section        0  stm32f4xx_hal_can.o(i.HAL_CAN_ErrorCallback)
    i.HAL_CAN_GetRxMessage                   0x08001572   Section        0  stm32f4xx_hal_can.o(i.HAL_CAN_GetRxMessage)
    i.HAL_CAN_IRQHandler                     0x080016fa   Section        0  stm32f4xx_hal_can.o(i.HAL_CAN_IRQHandler)
    i.HAL_CAN_Init                           0x08001948   Section        0  stm32f4xx_hal_can.o(i.HAL_CAN_Init)
    i.HAL_CAN_MspInit                        0x08001ac0   Section        0  stm32f4xx_hal_msp.o(i.HAL_CAN_MspInit)
    i.HAL_CAN_RxFifo0FullCallback            0x08001b2c   Section        0  stm32f4xx_hal_can.o(i.HAL_CAN_RxFifo0FullCallback)
    i.HAL_CAN_RxFifo0MsgPendingCallback      0x08001b30   Section        0  user.o(i.HAL_CAN_RxFifo0MsgPendingCallback)
    i.HAL_CAN_RxFifo1FullCallback            0x08001b68   Section        0  stm32f4xx_hal_can.o(i.HAL_CAN_RxFifo1FullCallback)
    i.HAL_CAN_RxFifo1MsgPendingCallback      0x08001b6a   Section        0  stm32f4xx_hal_can.o(i.HAL_CAN_RxFifo1MsgPendingCallback)
    i.HAL_CAN_SleepCallback                  0x08001b6c   Section        0  stm32f4xx_hal_can.o(i.HAL_CAN_SleepCallback)
    i.HAL_CAN_Start                          0x08001b6e   Section        0  stm32f4xx_hal_can.o(i.HAL_CAN_Start)
    i.HAL_CAN_TxMailbox0AbortCallback        0x08001bce   Section        0  stm32f4xx_hal_can.o(i.HAL_CAN_TxMailbox0AbortCallback)
    i.HAL_CAN_TxMailbox0CompleteCallback     0x08001bd0   Section        0  stm32f4xx_hal_can.o(i.HAL_CAN_TxMailbox0CompleteCallback)
    i.HAL_CAN_TxMailbox1AbortCallback        0x08001bd2   Section        0  stm32f4xx_hal_can.o(i.HAL_CAN_TxMailbox1AbortCallback)
    i.HAL_CAN_TxMailbox1CompleteCallback     0x08001bd4   Section        0  stm32f4xx_hal_can.o(i.HAL_CAN_TxMailbox1CompleteCallback)
    i.HAL_CAN_TxMailbox2AbortCallback        0x08001bd6   Section        0  stm32f4xx_hal_can.o(i.HAL_CAN_TxMailbox2AbortCallback)
    i.HAL_CAN_TxMailbox2CompleteCallback     0x08001bd8   Section        0  stm32f4xx_hal_can.o(i.HAL_CAN_TxMailbox2CompleteCallback)
    i.HAL_CAN_WakeUpFromRxMsgCallback        0x08001bda   Section        0  stm32f4xx_hal_can.o(i.HAL_CAN_WakeUpFromRxMsgCallback)
    i.HAL_DMA_Abort_IT                       0x08001bdc   Section        0  stm32f4xx_hal_dma.o(i.HAL_DMA_Abort_IT)
    i.HAL_DMA_IRQHandler                     0x08001c04   Section        0  stm32f4xx_hal_dma.o(i.HAL_DMA_IRQHandler)
    i.HAL_DMA_Init                           0x08001e44   Section        0  stm32f4xx_hal_dma.o(i.HAL_DMA_Init)
    i.HAL_DMA_Start_IT                       0x08001f30   Section        0  stm32f4xx_hal_dma.o(i.HAL_DMA_Start_IT)
    i.HAL_Delay                              0x08001fd0   Section        0  stm32f4xx_hal.o(i.HAL_Delay)
    i.HAL_GPIO_Init                          0x08001ff8   Section        0  stm32f4xx_hal_gpio.o(i.HAL_GPIO_Init)
    i.HAL_GPIO_WritePin                      0x08002214   Section        0  stm32f4xx_hal_gpio.o(i.HAL_GPIO_WritePin)
    i.HAL_GetTick                            0x08002220   Section        0  stm32f4xx_hal.o(i.HAL_GetTick)
    i.HAL_IncTick                            0x0800222c   Section        0  stm32f4xx_hal.o(i.HAL_IncTick)
    i.HAL_Init                               0x08002244   Section        0  stm32f4xx_hal.o(i.HAL_Init)
    i.HAL_InitTick                           0x08002280   Section        0  stm32f4xx_hal.o(i.HAL_InitTick)
    i.HAL_MspInit                            0x080022cc   Section        0  stm32f4xx_hal_msp.o(i.HAL_MspInit)
    i.HAL_NVIC_EnableIRQ                     0x08002368   Section        0  stm32f4xx_hal_cortex.o(i.HAL_NVIC_EnableIRQ)
    i.HAL_NVIC_SetPriority                   0x08002382   Section        0  stm32f4xx_hal_cortex.o(i.HAL_NVIC_SetPriority)
    i.HAL_NVIC_SetPriorityGrouping           0x08002400   Section        0  stm32f4xx_hal_cortex.o(i.HAL_NVIC_SetPriorityGrouping)
    i.HAL_PWREx_EnableOverDrive              0x08002428   Section        0  stm32f4xx_hal_pwr_ex.o(i.HAL_PWREx_EnableOverDrive)
    i.HAL_RCC_ClockConfig                    0x080024b4   Section        0  stm32f4xx_hal_rcc.o(i.HAL_RCC_ClockConfig)
    i.HAL_RCC_GetHCLKFreq                    0x08002634   Section        0  stm32f4xx_hal_rcc.o(i.HAL_RCC_GetHCLKFreq)
    i.HAL_RCC_GetPCLK1Freq                   0x08002640   Section        0  stm32f4xx_hal_rcc.o(i.HAL_RCC_GetPCLK1Freq)
    i.HAL_RCC_GetPCLK2Freq                   0x08002660   Section        0  stm32f4xx_hal_rcc.o(i.HAL_RCC_GetPCLK2Freq)
    i.HAL_RCC_GetSysClockFreq                0x08002680   Section        0  stm32f4xx_hal_rcc.o(i.HAL_RCC_GetSysClockFreq)
    i.HAL_RCC_OscConfig                      0x08002730   Section        0  stm32f4xx_hal_rcc.o(i.HAL_RCC_OscConfig)
    i.HAL_SYSTICK_CLKSourceConfig            0x08002b78   Section        0  stm32f4xx_hal_cortex.o(i.HAL_SYSTICK_CLKSourceConfig)
    i.HAL_SYSTICK_Callback                   0x08002ba0   Section        0  stm32f4xx_hal_cortex.o(i.HAL_SYSTICK_Callback)
    i.HAL_SYSTICK_Config                     0x08002ba2   Section        0  stm32f4xx_hal_cortex.o(i.HAL_SYSTICK_Config)
    i.HAL_SYSTICK_IRQHandler                 0x08002bd6   Section        0  stm32f4xx_hal_cortex.o(i.HAL_SYSTICK_IRQHandler)
    i.HAL_TIMEx_BreakCallback                0x08002bde   Section        0  stm32f4xx_hal_tim_ex.o(i.HAL_TIMEx_BreakCallback)
    i.HAL_TIMEx_CommutationCallback          0x08002be0   Section        0  stm32f4xx_hal_tim_ex.o(i.HAL_TIMEx_CommutationCallback)
    i.HAL_TIMEx_ConfigBreakDeadTime          0x08002be2   Section        0  stm32f4xx_hal_tim_ex.o(i.HAL_TIMEx_ConfigBreakDeadTime)
    i.HAL_TIMEx_MasterConfigSynchronization  0x08002c60   Section        0  stm32f4xx_hal_tim_ex.o(i.HAL_TIMEx_MasterConfigSynchronization)
    i.HAL_TIM_Base_Init                      0x08002cc2   Section        0  stm32f4xx_hal_tim.o(i.HAL_TIM_Base_Init)
    i.HAL_TIM_Base_MspInit                   0x08002cf8   Section        0  stm32f4xx_hal_msp.o(i.HAL_TIM_Base_MspInit)
    i.HAL_TIM_Base_Start_IT                  0x08002d40   Section        0  stm32f4xx_hal_tim.o(i.HAL_TIM_Base_Start_IT)
    i.HAL_TIM_IC_CaptureCallback             0x08002d5e   Section        0  stm32f4xx_hal_tim.o(i.HAL_TIM_IC_CaptureCallback)
    i.HAL_TIM_IRQHandler                     0x08002d60   Section        0  stm32f4xx_hal_tim.o(i.HAL_TIM_IRQHandler)
    i.HAL_TIM_MspPostInit                    0x08002ef8   Section        0  stm32f4xx_hal_msp.o(i.HAL_TIM_MspPostInit)
    i.HAL_TIM_OC_DelayElapsedCallback        0x08002f30   Section        0  stm32f4xx_hal_tim.o(i.HAL_TIM_OC_DelayElapsedCallback)
    i.HAL_TIM_PWM_ConfigChannel              0x08002f32   Section        0  stm32f4xx_hal_tim.o(i.HAL_TIM_PWM_ConfigChannel)
    i.HAL_TIM_PWM_Init                       0x0800303a   Section        0  stm32f4xx_hal_tim.o(i.HAL_TIM_PWM_Init)
    i.HAL_TIM_PWM_MspInit                    0x08003070   Section        0  stm32f4xx_hal_msp.o(i.HAL_TIM_PWM_MspInit)
    i.HAL_TIM_PWM_PulseFinishedCallback      0x080030a4   Section        0  stm32f4xx_hal_tim.o(i.HAL_TIM_PWM_PulseFinishedCallback)
    i.HAL_TIM_PWM_Start                      0x080030a8   Section        0  stm32f4xx_hal_tim.o(i.HAL_TIM_PWM_Start)
    i.HAL_TIM_PeriodElapsedCallback          0x080030f4   Section        0  user.o(i.HAL_TIM_PeriodElapsedCallback)
    i.HAL_TIM_TriggerCallback                0x08003108   Section        0  stm32f4xx_hal_tim.o(i.HAL_TIM_TriggerCallback)
    i.HAL_UART_ErrorCallback                 0x0800310a   Section        0  stm32f4xx_hal_uart.o(i.HAL_UART_ErrorCallback)
    i.HAL_UART_IRQHandler                    0x0800310c   Section        0  stm32f4xx_hal_uart.o(i.HAL_UART_IRQHandler)
    i.HAL_UART_Init                          0x08003258   Section        0  stm32f4xx_hal_uart.o(i.HAL_UART_Init)
    i.HAL_UART_MspInit                       0x080032cc   Section        0  stm32f4xx_hal_msp.o(i.HAL_UART_MspInit)
    i.HAL_UART_Receive_DMA                   0x08003544   Section        0  stm32f4xx_hal_uart.o(i.HAL_UART_Receive_DMA)
    i.HAL_UART_RxCpltCallback                0x08003608   Section        0  stm32f4xx_hal_uart.o(i.HAL_UART_RxCpltCallback)
    i.HAL_UART_RxHalfCpltCallback            0x0800360a   Section        0  stm32f4xx_hal_uart.o(i.HAL_UART_RxHalfCpltCallback)
    i.HAL_UART_TxCpltCallback                0x0800360c   Section        0  stm32f4xx_hal_uart.o(i.HAL_UART_TxCpltCallback)
    i.HardFault_Handler                      0x0800360e   Section        0  stm32f4xx_it.o(i.HardFault_Handler)
    i.Limiter                                0x08003612   Section        0  controller.o(i.Limiter)
    i.LimiterFloat                           0x08003638   Section        0  controller.o(i.LimiterFloat)
    i.LimiterInt16                           0x0800366a   Section        0  controller.o(i.LimiterInt16)
    i.MX_CAN1_Init                           0x08003684   Section        0  main.o(i.MX_CAN1_Init)
    MX_CAN1_Init                             0x08003685   Thumb Code    68  main.o(i.MX_CAN1_Init)
    i.MX_DMA_Init                            0x080036e0   Section        0  main.o(i.MX_DMA_Init)
    MX_DMA_Init                              0x080036e1   Thumb Code   114  main.o(i.MX_DMA_Init)
    i.MX_GPIO_Init                           0x08003758   Section        0  main.o(i.MX_GPIO_Init)
    MX_GPIO_Init                             0x08003759   Thumb Code   226  main.o(i.MX_GPIO_Init)
    i.MX_TIM1_Init                           0x08003844   Section        0  main.o(i.MX_TIM1_Init)
    MX_TIM1_Init                             0x08003845   Thumb Code   194  main.o(i.MX_TIM1_Init)
    i.MX_TIM7_Init                           0x08003920   Section        0  main.o(i.MX_TIM7_Init)
    MX_TIM7_Init                             0x08003921   Thumb Code    70  main.o(i.MX_TIM7_Init)
    i.MX_USART1_UART_Init                    0x08003980   Section        0  main.o(i.MX_USART1_UART_Init)
    MX_USART1_UART_Init                      0x08003981   Thumb Code    54  main.o(i.MX_USART1_UART_Init)
    i.MX_USART2_UART_Init                    0x080039d4   Section        0  main.o(i.MX_USART2_UART_Init)
    MX_USART2_UART_Init                      0x080039d5   Thumb Code    52  main.o(i.MX_USART2_UART_Init)
    i.MX_USART3_UART_Init                    0x08003a20   Section        0  main.o(i.MX_USART3_UART_Init)
    MX_USART3_UART_Init                      0x08003a21   Thumb Code    52  main.o(i.MX_USART3_UART_Init)
    i.MX_USART6_UART_Init                    0x08003a6c   Section        0  main.o(i.MX_USART6_UART_Init)
    MX_USART6_UART_Init                      0x08003a6d   Thumb Code    52  main.o(i.MX_USART6_UART_Init)
    i.MemManage_Handler                      0x08003ab8   Section        0  stm32f4xx_it.o(i.MemManage_Handler)
    i.NMI_Handler                            0x08003abc   Section        0  stm32f4xx_it.o(i.NMI_Handler)
    i.NVIC_GetPriorityGrouping               0x08003ac0   Section        0  stm32f4xx_hal_cortex.o(i.NVIC_GetPriorityGrouping)
    NVIC_GetPriorityGrouping                 0x08003ac1   Thumb Code    10  stm32f4xx_hal_cortex.o(i.NVIC_GetPriorityGrouping)
    i.NVIC_SetPriority                       0x08003ad0   Section        0  stm32f4xx_hal_cortex.o(i.NVIC_SetPriority)
    NVIC_SetPriority                         0x08003ad1   Thumb Code    32  stm32f4xx_hal_cortex.o(i.NVIC_SetPriority)
    i.NimingClassInit                        0x08003af8   Section        0  niming.o(i.NimingClassInit)
    i.OutPIDControl                          0x08003b10   Section        0  controller.o(i.OutPIDControl)
    i.PIDConnector                           0x08003bac   Section        0  chassis.o(i.PIDConnector)
    PIDConnector                             0x08003bad   Thumb Code    34  chassis.o(i.PIDConnector)
    i.PIDConnector                           0x08003bd4   Section        0  pantiltzoom.o(i.PIDConnector)
    PIDConnector                             0x08003bd5   Thumb Code    34  pantiltzoom.o(i.PIDConnector)
    i.PID_Debugfloat                         0x08003bfc   Section        0  niming.o(i.PID_Debugfloat)
    i.PID_Debugint16_t                       0x08003c4c   Section        0  niming.o(i.PID_Debugint16_t)
    i.PTZ_Data_Analysis                      0x08003c80   Section        0  pantiltzoom.o(i.PTZ_Data_Analysis)
    i.PanTiltZoom_Control                    0x08003cfc   Section        0  control.o(i.PanTiltZoom_Control)
    i.PanTiltZoom_Init                       0x08003d28   Section        0  pantiltzoom.o(i.PanTiltZoom_Init)
    i.PantiltzoomDbusDataConverter           0x08003eac   Section        0  pantiltzoom.o(i.PantiltzoomDbusDataConverter)
    i.Parsing_Motor_datas                    0x08003efc   Section        0  control.o(i.Parsing_Motor_datas)
    i.PendSV_Handler                         0x08003f86   Section        0  stm32f4xx_it.o(i.PendSV_Handler)
    i.QueueOnit                              0x08003f88   Section        0  datastructure.o(i.QueueOnit)
    i.SVC_Handler                            0x08003fb8   Section        0  stm32f4xx_it.o(i.SVC_Handler)
    i.SmoothFilter                           0x08003fbc   Section        0  filter.o(i.SmoothFilter)
    i.SysTick_Handler                        0x0800405c   Section        0  stm32f4xx_it.o(i.SysTick_Handler)
    i.SystemClock_Config                     0x08004068   Section        0  main.o(i.SystemClock_Config)
    i.SystemInit                             0x08004154   Section        0  system_stm32f4xx.o(i.SystemInit)
    i.TIM7_Event                             0x080041b8   Section        0  user.o(i.TIM7_Event)
    i.TIM7_IRQHandler                        0x08004318   Section        0  stm32f4xx_it.o(i.TIM7_IRQHandler)
    i.TIM_Base_SetConfig                     0x0800432c   Section        0  stm32f4xx_hal_tim.o(i.TIM_Base_SetConfig)
    i.TIM_CCxChannelCmd                      0x08004410   Section        0  stm32f4xx_hal_tim.o(i.TIM_CCxChannelCmd)
    i.TIM_OC1_SetConfig                      0x0800442c   Section        0  stm32f4xx_hal_tim.o(i.TIM_OC1_SetConfig)
    TIM_OC1_SetConfig                        0x0800442d   Thumb Code   102  stm32f4xx_hal_tim.o(i.TIM_OC1_SetConfig)
    i.TIM_OC2_SetConfig                      0x0800449c   Section        0  stm32f4xx_hal_tim.o(i.TIM_OC2_SetConfig)
    i.TIM_OC3_SetConfig                      0x08004514   Section        0  stm32f4xx_hal_tim.o(i.TIM_OC3_SetConfig)
    TIM_OC3_SetConfig                        0x08004515   Thumb Code   110  stm32f4xx_hal_tim.o(i.TIM_OC3_SetConfig)
    i.TIM_OC4_SetConfig                      0x0800458c   Section        0  stm32f4xx_hal_tim.o(i.TIM_OC4_SetConfig)
    TIM_OC4_SetConfig                        0x0800458d   Thumb Code    88  stm32f4xx_hal_tim.o(i.TIM_OC4_SetConfig)
    i.TimeCounterInit                        0x080045ec   Section        0  driver_dbus.o(i.TimeCounterInit)
    i.UART_DMAAbortOnError                   0x080045fc   Section        0  stm32f4xx_hal_uart.o(i.UART_DMAAbortOnError)
    UART_DMAAbortOnError                     0x080045fd   Thumb Code    20  stm32f4xx_hal_uart.o(i.UART_DMAAbortOnError)
    i.UART_DMAError                          0x08004610   Section        0  stm32f4xx_hal_uart.o(i.UART_DMAError)
    UART_DMAError                            0x08004611   Thumb Code    80  stm32f4xx_hal_uart.o(i.UART_DMAError)
    i.UART_DMAReceiveCplt                    0x08004660   Section        0  stm32f4xx_hal_uart.o(i.UART_DMAReceiveCplt)
    UART_DMAReceiveCplt                      0x08004661   Thumb Code    70  stm32f4xx_hal_uart.o(i.UART_DMAReceiveCplt)
    i.UART_DMARxHalfCplt                     0x080046a6   Section        0  stm32f4xx_hal_uart.o(i.UART_DMARxHalfCplt)
    UART_DMARxHalfCplt                       0x080046a7   Thumb Code    14  stm32f4xx_hal_uart.o(i.UART_DMARxHalfCplt)
    i.UART_EndRxTransfer                     0x080046b4   Section        0  stm32f4xx_hal_uart.o(i.UART_EndRxTransfer)
    UART_EndRxTransfer                       0x080046b5   Thumb Code    32  stm32f4xx_hal_uart.o(i.UART_EndRxTransfer)
    i.UART_EndTransmit_IT                    0x080046d4   Section        0  stm32f4xx_hal_uart.o(i.UART_EndTransmit_IT)
    UART_EndTransmit_IT                      0x080046d5   Thumb Code    32  stm32f4xx_hal_uart.o(i.UART_EndTransmit_IT)
    i.UART_EndTxTransfer                     0x080046f4   Section        0  stm32f4xx_hal_uart.o(i.UART_EndTxTransfer)
    UART_EndTxTransfer                       0x080046f5   Thumb Code    20  stm32f4xx_hal_uart.o(i.UART_EndTxTransfer)
    i.UART_Receive_IT                        0x08004708   Section        0  stm32f4xx_hal_uart.o(i.UART_Receive_IT)
    UART_Receive_IT                          0x08004709   Thumb Code   154  stm32f4xx_hal_uart.o(i.UART_Receive_IT)
    i.UART_SetConfig                         0x080047a4   Section        0  stm32f4xx_hal_uart.o(i.UART_SetConfig)
    UART_SetConfig                           0x080047a5   Thumb Code   864  stm32f4xx_hal_uart.o(i.UART_SetConfig)
    i.UART_Transmit_IT                       0x08004b0c   Section        0  stm32f4xx_hal_uart.o(i.UART_Transmit_IT)
    UART_Transmit_IT                         0x08004b0d   Thumb Code   104  stm32f4xx_hal_uart.o(i.UART_Transmit_IT)
    i.USART1_IRQHandler                      0x08004b74   Section        0  stm32f4xx_it.o(i.USART1_IRQHandler)
    i.USART3_IRQHandler                      0x08004b88   Section        0  stm32f4xx_it.o(i.USART3_IRQHandler)
    i.USART6_IRQHandler                      0x08004b98   Section        0  stm32f4xx_it.o(i.USART6_IRQHandler)
    i.UsageFault_Handler                     0x08004bac   Section        0  stm32f4xx_it.o(i.UsageFault_Handler)
    i.UserUsart6IT                           0x08004bb0   Section        0  user.o(i.UserUsart6IT)
    i.User_CAN_Config                        0x08004be8   Section        0  user_can.o(i.User_CAN_Config)
    i.User_config                            0x08004c24   Section        0  user.o(i.User_config)
    i.User_usart1_IT                         0x08004cb8   Section        0  user.o(i.User_usart1_IT)
    i._Error_Handler                         0x08004cf0   Section        0  main.o(i._Error_Handler)
    i.__scatterload_copy                     0x08004cf4   Section       14  handlers.o(i.__scatterload_copy)
    i.__scatterload_null                     0x08004d02   Section        2  handlers.o(i.__scatterload_null)
    i.__scatterload_zeroinit                 0x08004d04   Section       14  handlers.o(i.__scatterload_zeroinit)
    i.absFloat                               0x08004d12   Section        0  controller.o(i.absFloat)
    i.deQueue                                0x08004d2c   Section        0  datastructure.o(i.deQueue)
    i.enQueue                                0x08004d6c   Section        0  datastructure.o(i.enQueue)
    i.low_filter                             0x08004db4   Section        0  filter.o(i.low_filter)
    i.main                                   0x08004dec   Section        0  main.o(i.main)
    i.malloc                                 0x08004e28   Section        0  malloc.o(i.malloc)
    i.usart2_niming_report                   0x08004e94   Section        0  niming.o(i.usart2_niming_report)
    i.usart2_send_char                       0x08004f10   Section        0  niming.o(i.usart2_send_char)
    .constdata                               0x08004f24   Section        8  stm32f4xx_hal_dma.o(.constdata)
    flagBitshiftOffset                       0x08004f24   Data           8  stm32f4xx_hal_dma.o(.constdata)
    .constdata                               0x08004f2c   Section       24  system_stm32f4xx.o(.constdata)
    .data                                    0x20000000   Section        9  stm32f4xx_hal.o(.data)
    .data                                    0x2000000c   Section        4  system_stm32f4xx.o(.data)
    .data                                    0x20000010   Section       20  control.o(.data)
    .data                                    0x20000024   Section       40  controller.o(.data)
    pout                                     0x20000046   Data           2  controller.o(.data)
    dout                                     0x20000048   Data           2  controller.o(.data)
    iout                                     0x2000004a   Data           2  controller.o(.data)
    .data                                    0x2000004c   Section       12  pantiltzoom.o(.data)
    last_real_angle                          0x20000054   Data           2  pantiltzoom.o(.data)
    Real_Angle                               0x20000056   Data           2  pantiltzoom.o(.data)
    .data                                    0x20000058   Section       12  user.o(.data)
    .data                                    0x20000064   Section       12  driver_dbus.o(.data)
    .data                                    0x20000070   Section        2  gy955.o(.data)
    .data                                    0x20000074   Section        8  niming.o(.data)
    .data                                    0x2000007c   Section       28  filter.o(.data)
    .data                                    0x20000098   Section        1  datastructure.o(.data)
    .data                                    0x2000009c   Section        4  mvars.o(.data)
    .data                                    0x200000a0   Section        4  mvars.o(.data)
    .bss                                     0x200000a4   Section      704  main.o(.bss)
    .bss                                     0x20000364   Section      260  chassis.o(.bss)
    pid_list                                 0x20000438   Data          48  chassis.o(.bss)
    .bss                                     0x20000468   Section       12  control.o(.bss)
    .bss                                     0x20000474   Section      180  pantiltzoom.o(.bss)
    pid_list                                 0x20000510   Data          24  pantiltzoom.o(.bss)
    .bss                                     0x20000528   Section      108  user_can.o(.bss)
    .bss                                     0x20000594   Section       96  driver_dbus.o(.bss)
    .bss                                     0x200005f4   Section       44  gy955.o(.bss)
    .bss                                     0x20000620   Section       72  datastructure.o(.bss)
    HEAP                                     0x20000668   Section      512  startup_stm32f427xx.o(HEAP)
    STACK                                    0x20000868   Section     1024  startup_stm32f427xx.o(STACK)

    Global Symbols

    Symbol Name                              Value     Ov Type        Size  Object(Section)

    BuildAttributes$$THM_ISAv4$E$P$D$K$B$S$7EM$VFPi3$EXTD16$VFPS$VFMA$PE$A:L22UL41UL21$X:L11$S22US41US21$IEEE1$IW$USESV6$~STKCKD$USESV7$~SHL$OSPACE$ROPI$EBA8$MICROLIB$REQ8$PRES8$EABIv2 0x00000000   Number         0  anon$$obj.o ABSOLUTE
    __ARM_use_no_argv                        0x00000000   Number         0  main.o ABSOLUTE
    __cpp_initialize__aeabi_                  - Undefined Weak Reference
    __cxa_finalize                            - Undefined Weak Reference
    __decompress                              - Undefined Weak Reference
    _clock_init                               - Undefined Weak Reference
    _microlib_exit                            - Undefined Weak Reference
    __Vectors_Size                           0x000001ac   Number         0  startup_stm32f427xx.o ABSOLUTE
    __Vectors                                0x08000000   Data           4  startup_stm32f427xx.o(RESET)
    __Vectors_End                            0x080001ac   Data           0  startup_stm32f427xx.o(RESET)
    __main                                   0x080001ad   Thumb Code     0  entry.o(.ARM.Collect$$$$00000000)
    _main_stk                                0x080001ad   Thumb Code     0  entry2.o(.ARM.Collect$$$$00000001)
    _main_scatterload                        0x080001b1   Thumb Code     0  entry5.o(.ARM.Collect$$$$00000004)
    __main_after_scatterload                 0x080001b5   Thumb Code     0  entry5.o(.ARM.Collect$$$$00000004)
    _main_clock                              0x080001b5   Thumb Code     0  entry7b.o(.ARM.Collect$$$$00000008)
    _main_cpp_init                           0x080001b5   Thumb Code     0  entry8b.o(.ARM.Collect$$$$0000000A)
    _main_init                               0x080001b5   Thumb Code     0  entry9a.o(.ARM.Collect$$$$0000000B)
    __rt_final_cpp                           0x080001bd   Thumb Code     0  entry10a.o(.ARM.Collect$$$$0000000D)
    __rt_final_exit                          0x080001bd   Thumb Code     0  entry11a.o(.ARM.Collect$$$$0000000F)
    Reset_Handler                            0x080001c1   Thumb Code     8  startup_stm32f427xx.o(.text)
    ADC_IRQHandler                           0x080001db   Thumb Code     0  startup_stm32f427xx.o(.text)
    CAN1_RX1_IRQHandler                      0x080001db   Thumb Code     0  startup_stm32f427xx.o(.text)
    CAN1_SCE_IRQHandler                      0x080001db   Thumb Code     0  startup_stm32f427xx.o(.text)
    CAN1_TX_IRQHandler                       0x080001db   Thumb Code     0  startup_stm32f427xx.o(.text)
    CAN2_RX0_IRQHandler                      0x080001db   Thumb Code     0  startup_stm32f427xx.o(.text)
    CAN2_RX1_IRQHandler                      0x080001db   Thumb Code     0  startup_stm32f427xx.o(.text)
    CAN2_SCE_IRQHandler                      0x080001db   Thumb Code     0  startup_stm32f427xx.o(.text)
    CAN2_TX_IRQHandler                       0x080001db   Thumb Code     0  startup_stm32f427xx.o(.text)
    DCMI_IRQHandler                          0x080001db   Thumb Code     0  startup_stm32f427xx.o(.text)
    DMA1_Stream0_IRQHandler                  0x080001db   Thumb Code     0  startup_stm32f427xx.o(.text)
    DMA1_Stream2_IRQHandler                  0x080001db   Thumb Code     0  startup_stm32f427xx.o(.text)
    DMA1_Stream3_IRQHandler                  0x080001db   Thumb Code     0  startup_stm32f427xx.o(.text)
    DMA1_Stream4_IRQHandler                  0x080001db   Thumb Code     0  startup_stm32f427xx.o(.text)
    DMA1_Stream5_IRQHandler                  0x080001db   Thumb Code     0  startup_stm32f427xx.o(.text)
    DMA1_Stream6_IRQHandler                  0x080001db   Thumb Code     0  startup_stm32f427xx.o(.text)
    DMA1_Stream7_IRQHandler                  0x080001db   Thumb Code     0  startup_stm32f427xx.o(.text)
    DMA2D_IRQHandler                         0x080001db   Thumb Code     0  startup_stm32f427xx.o(.text)
    DMA2_Stream0_IRQHandler                  0x080001db   Thumb Code     0  startup_stm32f427xx.o(.text)
    DMA2_Stream3_IRQHandler                  0x080001db   Thumb Code     0  startup_stm32f427xx.o(.text)
    DMA2_Stream4_IRQHandler                  0x080001db   Thumb Code     0  startup_stm32f427xx.o(.text)
    DMA2_Stream5_IRQHandler                  0x080001db   Thumb Code     0  startup_stm32f427xx.o(.text)
    DMA2_Stream6_IRQHandler                  0x080001db   Thumb Code     0  startup_stm32f427xx.o(.text)
    DMA2_Stream7_IRQHandler                  0x080001db   Thumb Code     0  startup_stm32f427xx.o(.text)
    ETH_IRQHandler                           0x080001db   Thumb Code     0  startup_stm32f427xx.o(.text)
    ETH_WKUP_IRQHandler                      0x080001db   Thumb Code     0  startup_stm32f427xx.o(.text)
    EXTI0_IRQHandler                         0x080001db   Thumb Code     0  startup_stm32f427xx.o(.text)
    EXTI15_10_IRQHandler                     0x080001db   Thumb Code     0  startup_stm32f427xx.o(.text)
    EXTI1_IRQHandler                         0x080001db   Thumb Code     0  startup_stm32f427xx.o(.text)
    EXTI2_IRQHandler                         0x080001db   Thumb Code     0  startup_stm32f427xx.o(.text)
    EXTI3_IRQHandler                         0x080001db   Thumb Code     0  startup_stm32f427xx.o(.text)
    EXTI4_IRQHandler                         0x080001db   Thumb Code     0  startup_stm32f427xx.o(.text)
    EXTI9_5_IRQHandler                       0x080001db   Thumb Code     0  startup_stm32f427xx.o(.text)
    FLASH_IRQHandler                         0x080001db   Thumb Code     0  startup_stm32f427xx.o(.text)
    FMC_IRQHandler                           0x080001db   Thumb Code     0  startup_stm32f427xx.o(.text)
    FPU_IRQHandler                           0x080001db   Thumb Code     0  startup_stm32f427xx.o(.text)
    HASH_RNG_IRQHandler                      0x080001db   Thumb Code     0  startup_stm32f427xx.o(.text)
    I2C1_ER_IRQHandler                       0x080001db   Thumb Code     0  startup_stm32f427xx.o(.text)
    I2C1_EV_IRQHandler                       0x080001db   Thumb Code     0  startup_stm32f427xx.o(.text)
    I2C2_ER_IRQHandler                       0x080001db   Thumb Code     0  startup_stm32f427xx.o(.text)
    I2C2_EV_IRQHandler                       0x080001db   Thumb Code     0  startup_stm32f427xx.o(.text)
    I2C3_ER_IRQHandler                       0x080001db   Thumb Code     0  startup_stm32f427xx.o(.text)
    I2C3_EV_IRQHandler                       0x080001db   Thumb Code     0  startup_stm32f427xx.o(.text)
    OTG_FS_IRQHandler                        0x080001db   Thumb Code     0  startup_stm32f427xx.o(.text)
    OTG_FS_WKUP_IRQHandler                   0x080001db   Thumb Code     0  startup_stm32f427xx.o(.text)
    OTG_HS_EP1_IN_IRQHandler                 0x080001db   Thumb Code     0  startup_stm32f427xx.o(.text)
    OTG_HS_EP1_OUT_IRQHandler                0x080001db   Thumb Code     0  startup_stm32f427xx.o(.text)
    OTG_HS_IRQHandler                        0x080001db   Thumb Code     0  startup_stm32f427xx.o(.text)
    OTG_HS_WKUP_IRQHandler                   0x080001db   Thumb Code     0  startup_stm32f427xx.o(.text)
    PVD_IRQHandler                           0x080001db   Thumb Code     0  startup_stm32f427xx.o(.text)
    RCC_IRQHandler                           0x080001db   Thumb Code     0  startup_stm32f427xx.o(.text)
    RTC_Alarm_IRQHandler                     0x080001db   Thumb Code     0  startup_stm32f427xx.o(.text)
    RTC_WKUP_IRQHandler                      0x080001db   Thumb Code     0  startup_stm32f427xx.o(.text)
    SAI1_IRQHandler                          0x080001db   Thumb Code     0  startup_stm32f427xx.o(.text)
    SDIO_IRQHandler                          0x080001db   Thumb Code     0  startup_stm32f427xx.o(.text)
    SPI1_IRQHandler                          0x080001db   Thumb Code     0  startup_stm32f427xx.o(.text)
    SPI2_IRQHandler                          0x080001db   Thumb Code     0  startup_stm32f427xx.o(.text)
    SPI3_IRQHandler                          0x080001db   Thumb Code     0  startup_stm32f427xx.o(.text)
    SPI4_IRQHandler                          0x080001db   Thumb Code     0  startup_stm32f427xx.o(.text)
    SPI5_IRQHandler                          0x080001db   Thumb Code     0  startup_stm32f427xx.o(.text)
    SPI6_IRQHandler                          0x080001db   Thumb Code     0  startup_stm32f427xx.o(.text)
    TAMP_STAMP_IRQHandler                    0x080001db   Thumb Code     0  startup_stm32f427xx.o(.text)
    TIM1_BRK_TIM9_IRQHandler                 0x080001db   Thumb Code     0  startup_stm32f427xx.o(.text)
    TIM1_CC_IRQHandler                       0x080001db   Thumb Code     0  startup_stm32f427xx.o(.text)
    TIM1_TRG_COM_TIM11_IRQHandler            0x080001db   Thumb Code     0  startup_stm32f427xx.o(.text)
    TIM1_UP_TIM10_IRQHandler                 0x080001db   Thumb Code     0  startup_stm32f427xx.o(.text)
    TIM2_IRQHandler                          0x080001db   Thumb Code     0  startup_stm32f427xx.o(.text)
    TIM3_IRQHandler                          0x080001db   Thumb Code     0  startup_stm32f427xx.o(.text)
    TIM4_IRQHandler                          0x080001db   Thumb Code     0  startup_stm32f427xx.o(.text)
    TIM5_IRQHandler                          0x080001db   Thumb Code     0  startup_stm32f427xx.o(.text)
    TIM6_DAC_IRQHandler                      0x080001db   Thumb Code     0  startup_stm32f427xx.o(.text)
    TIM8_BRK_TIM12_IRQHandler                0x080001db   Thumb Code     0  startup_stm32f427xx.o(.text)
    TIM8_CC_IRQHandler                       0x080001db   Thumb Code     0  startup_stm32f427xx.o(.text)
    TIM8_TRG_COM_TIM14_IRQHandler            0x080001db   Thumb Code     0  startup_stm32f427xx.o(.text)
    TIM8_UP_TIM13_IRQHandler                 0x080001db   Thumb Code     0  startup_stm32f427xx.o(.text)
    UART4_IRQHandler                         0x080001db   Thumb Code     0  startup_stm32f427xx.o(.text)
    UART5_IRQHandler                         0x080001db   Thumb Code     0  startup_stm32f427xx.o(.text)
    UART7_IRQHandler                         0x080001db   Thumb Code     0  startup_stm32f427xx.o(.text)
    UART8_IRQHandler                         0x080001db   Thumb Code     0  startup_stm32f427xx.o(.text)
    USART2_IRQHandler                        0x080001db   Thumb Code     0  startup_stm32f427xx.o(.text)
    WWDG_IRQHandler                          0x080001db   Thumb Code     0  startup_stm32f427xx.o(.text)
    __aeabi_uldivmod                         0x080001e5   Thumb Code    98  uldiv.o(.text)
    __aeabi_memcpy                           0x08000247   Thumb Code    36  memcpya.o(.text)
    __aeabi_memcpy4                          0x08000247   Thumb Code     0  memcpya.o(.text)
    __aeabi_memcpy8                          0x08000247   Thumb Code     0  memcpya.o(.text)
    __aeabi_dadd                             0x0800026b   Thumb Code   322  dadd.o(.text)
    __aeabi_dsub                             0x080003ad   Thumb Code     6  dadd.o(.text)
    __aeabi_drsub                            0x080003b3   Thumb Code     6  dadd.o(.text)
    __aeabi_dmul                             0x080003b9   Thumb Code   228  dmul.o(.text)
    __aeabi_i2d                              0x0800049d   Thumb Code    34  dflti.o(.text)
    __aeabi_d2iz                             0x080004bf   Thumb Code    62  dfixi.o(.text)
    __aeabi_llsl                             0x080004fd   Thumb Code    30  llshl.o(.text)
    _ll_shift_l                              0x080004fd   Thumb Code     0  llshl.o(.text)
    __aeabi_llsr                             0x0800051b   Thumb Code    32  llushr.o(.text)
    _ll_ushift_r                             0x0800051b   Thumb Code     0  llushr.o(.text)
    __aeabi_lasr                             0x0800053b   Thumb Code    36  llsshr.o(.text)
    _ll_sshift_r                             0x0800053b   Thumb Code     0  llsshr.o(.text)
    __I$use$fp                               0x0800055f   Thumb Code     0  iusefp.o(.text)
    _double_round                            0x0800055f   Thumb Code    30  depilogue.o(.text)
    _double_epilogue                         0x0800057d   Thumb Code   156  depilogue.o(.text)
    __scatterload                            0x08000619   Thumb Code    28  init.o(.text)
    __scatterload_rt2                        0x08000619   Thumb Code     0  init.o(.text)
    AnalysisGyro                             0x0800063d   Thumb Code   286  gy955.o(i.AnalysisGyro)
    BaseClassInit                            0x08000771   Thumb Code     8  user.o(i.BaseClassInit)
    BusFault_Handler                         0x0800077d   Thumb Code     4  stm32f4xx_it.o(i.BusFault_Handler)
    CAN1_RX0_IRQHandler                      0x08000781   Thumb Code    10  stm32f4xx_it.o(i.CAN1_RX0_IRQHandler)
    CAN_Filter_Init                          0x08000791   Thumb Code    44  user_can.o(i.CAN_Filter_Init)
    CAN_Rx_Init                              0x080007c1   Thumb Code    34  user_can.o(i.CAN_Rx_Init)
    CAN_TRANSMIT                             0x080007ed   Thumb Code   122  control.o(i.CAN_TRANSMIT)
    CAN_Tx_Init                              0x0800086d   Thumb Code    36  user_can.o(i.CAN_Tx_Init)
    Chassis_Data_Analysis                    0x08000899   Thumb Code    38  chassis.o(i.Chassis_Data_Analysis)
    Chassis_init                             0x080008c1   Thumb Code   484  chassis.o(i.Chassis_init)
    Control_PTZ_PID                          0x08000ab9   Thumb Code   148  control.o(i.Control_PTZ_PID)
    DBUS_DataDecoding                        0x08000b65   Thumb Code   262  driver_dbus.o(i.DBUS_DataDecoding)
    DBUS_Init                                0x08000c79   Thumb Code    60  driver_dbus.o(i.DBUS_Init)
    DMA1_Stream1_IRQHandler                  0x08000cc1   Thumb Code    10  stm32f4xx_it.o(i.DMA1_Stream1_IRQHandler)
    DMA2_Stream1_IRQHandler                  0x08000cd1   Thumb Code    10  stm32f4xx_it.o(i.DMA2_Stream1_IRQHandler)
    DMA2_Stream2_IRQHandler                  0x08000ce1   Thumb Code    10  stm32f4xx_it.o(i.DMA2_Stream2_IRQHandler)
    DUBS_Data_RX                             0x08000dfd   Thumb Code   354  control.o(i.DUBS_Data_RX)
    DebugMon_Handler                         0x08000f79   Thumb Code     2  stm32f4xx_it.o(i.DebugMon_Handler)
    ExpertPIDControl                         0x08000f7d   Thumb Code   732  controller.o(i.ExpertPIDControl)
    Gy955ClassDataInit                       0x08001291   Thumb Code    42  gy955.o(i.Gy955ClassDataInit)
    GyinitQueue                              0x080012c5   Thumb Code    50  datastructure.o(i.GyinitQueue)
    HAL_CAN_ActivateNotification             0x080012f7   Thumb Code    44  stm32f4xx_hal_can.o(i.HAL_CAN_ActivateNotification)
    HAL_CAN_AddTxMessage                     0x08001323   Thumb Code   298  stm32f4xx_hal_can.o(i.HAL_CAN_AddTxMessage)
    HAL_CAN_ConfigFilter                     0x0800144d   Thumb Code   288  stm32f4xx_hal_can.o(i.HAL_CAN_ConfigFilter)
    HAL_CAN_ErrorCallback                    0x08001571   Thumb Code     2  stm32f4xx_hal_can.o(i.HAL_CAN_ErrorCallback)
    HAL_CAN_GetRxMessage                     0x08001573   Thumb Code   392  stm32f4xx_hal_can.o(i.HAL_CAN_GetRxMessage)
    HAL_CAN_IRQHandler                       0x080016fb   Thumb Code   590  stm32f4xx_hal_can.o(i.HAL_CAN_IRQHandler)
    HAL_CAN_Init                             0x08001949   Thumb Code   374  stm32f4xx_hal_can.o(i.HAL_CAN_Init)
    HAL_CAN_MspInit                          0x08001ac1   Thumb Code    94  stm32f4xx_hal_msp.o(i.HAL_CAN_MspInit)
    HAL_CAN_RxFifo0FullCallback              0x08001b2d   Thumb Code     2  stm32f4xx_hal_can.o(i.HAL_CAN_RxFifo0FullCallback)
    HAL_CAN_RxFifo0MsgPendingCallback        0x08001b31   Thumb Code    42  user.o(i.HAL_CAN_RxFifo0MsgPendingCallback)
    HAL_CAN_RxFifo1FullCallback              0x08001b69   Thumb Code     2  stm32f4xx_hal_can.o(i.HAL_CAN_RxFifo1FullCallback)
    HAL_CAN_RxFifo1MsgPendingCallback        0x08001b6b   Thumb Code     2  stm32f4xx_hal_can.o(i.HAL_CAN_RxFifo1MsgPendingCallback)
    HAL_CAN_SleepCallback                    0x08001b6d   Thumb Code     2  stm32f4xx_hal_can.o(i.HAL_CAN_SleepCallback)
    HAL_CAN_Start                            0x08001b6f   Thumb Code    96  stm32f4xx_hal_can.o(i.HAL_CAN_Start)
    HAL_CAN_TxMailbox0AbortCallback          0x08001bcf   Thumb Code     2  stm32f4xx_hal_can.o(i.HAL_CAN_TxMailbox0AbortCallback)
    HAL_CAN_TxMailbox0CompleteCallback       0x08001bd1   Thumb Code     2  stm32f4xx_hal_can.o(i.HAL_CAN_TxMailbox0CompleteCallback)
    HAL_CAN_TxMailbox1AbortCallback          0x08001bd3   Thumb Code     2  stm32f4xx_hal_can.o(i.HAL_CAN_TxMailbox1AbortCallback)
    HAL_CAN_TxMailbox1CompleteCallback       0x08001bd5   Thumb Code     2  stm32f4xx_hal_can.o(i.HAL_CAN_TxMailbox1CompleteCallback)
    HAL_CAN_TxMailbox2AbortCallback          0x08001bd7   Thumb Code     2  stm32f4xx_hal_can.o(i.HAL_CAN_TxMailbox2AbortCallback)
    HAL_CAN_TxMailbox2CompleteCallback       0x08001bd9   Thumb Code     2  stm32f4xx_hal_can.o(i.HAL_CAN_TxMailbox2CompleteCallback)
    HAL_CAN_WakeUpFromRxMsgCallback          0x08001bdb   Thumb Code     2  stm32f4xx_hal_can.o(i.HAL_CAN_WakeUpFromRxMsgCallback)
    HAL_DMA_Abort_IT                         0x08001bdd   Thumb Code    40  stm32f4xx_hal_dma.o(i.HAL_DMA_Abort_IT)
    HAL_DMA_IRQHandler                       0x08001c05   Thumb Code   570  stm32f4xx_hal_dma.o(i.HAL_DMA_IRQHandler)
    HAL_DMA_Init                             0x08001e45   Thumb Code   232  stm32f4xx_hal_dma.o(i.HAL_DMA_Init)
    HAL_DMA_Start_IT                         0x08001f31   Thumb Code   158  stm32f4xx_hal_dma.o(i.HAL_DMA_Start_IT)
    HAL_Delay                                0x08001fd1   Thumb Code    36  stm32f4xx_hal.o(i.HAL_Delay)
    HAL_GPIO_Init                            0x08001ff9   Thumb Code   486  stm32f4xx_hal_gpio.o(i.HAL_GPIO_Init)
    HAL_GPIO_WritePin                        0x08002215   Thumb Code    12  stm32f4xx_hal_gpio.o(i.HAL_GPIO_WritePin)
    HAL_GetTick                              0x08002221   Thumb Code     6  stm32f4xx_hal.o(i.HAL_GetTick)
    HAL_IncTick                              0x0800222d   Thumb Code    16  stm32f4xx_hal.o(i.HAL_IncTick)
    HAL_Init                                 0x08002245   Thumb Code    54  stm32f4xx_hal.o(i.HAL_Init)
    HAL_InitTick                             0x08002281   Thumb Code    64  stm32f4xx_hal.o(i.HAL_InitTick)
    HAL_MspInit                              0x080022cd   Thumb Code   150  stm32f4xx_hal_msp.o(i.HAL_MspInit)
    HAL_NVIC_EnableIRQ                       0x08002369   Thumb Code    26  stm32f4xx_hal_cortex.o(i.HAL_NVIC_EnableIRQ)
    HAL_NVIC_SetPriority                     0x08002383   Thumb Code   124  stm32f4xx_hal_cortex.o(i.HAL_NVIC_SetPriority)
    HAL_NVIC_SetPriorityGrouping             0x08002401   Thumb Code    32  stm32f4xx_hal_cortex.o(i.HAL_NVIC_SetPriorityGrouping)
    HAL_PWREx_EnableOverDrive                0x08002429   Thumb Code   128  stm32f4xx_hal_pwr_ex.o(i.HAL_PWREx_EnableOverDrive)
    HAL_RCC_ClockConfig                      0x080024b5   Thumb Code   366  stm32f4xx_hal_rcc.o(i.HAL_RCC_ClockConfig)
    HAL_RCC_GetHCLKFreq                      0x08002635   Thumb Code     6  stm32f4xx_hal_rcc.o(i.HAL_RCC_GetHCLKFreq)
    HAL_RCC_GetPCLK1Freq                     0x08002641   Thumb Code    22  stm32f4xx_hal_rcc.o(i.HAL_RCC_GetPCLK1Freq)
    HAL_RCC_GetPCLK2Freq                     0x08002661   Thumb Code    22  stm32f4xx_hal_rcc.o(i.HAL_RCC_GetPCLK2Freq)
    HAL_RCC_GetSysClockFreq                  0x08002681   Thumb Code   162  stm32f4xx_hal_rcc.o(i.HAL_RCC_GetSysClockFreq)
    HAL_RCC_OscConfig                        0x08002731   Thumb Code  1086  stm32f4xx_hal_rcc.o(i.HAL_RCC_OscConfig)
    HAL_SYSTICK_CLKSourceConfig              0x08002b79   Thumb Code    40  stm32f4xx_hal_cortex.o(i.HAL_SYSTICK_CLKSourceConfig)
    HAL_SYSTICK_Callback                     0x08002ba1   Thumb Code     2  stm32f4xx_hal_cortex.o(i.HAL_SYSTICK_Callback)
    HAL_SYSTICK_Config                       0x08002ba3   Thumb Code    52  stm32f4xx_hal_cortex.o(i.HAL_SYSTICK_Config)
    HAL_SYSTICK_IRQHandler                   0x08002bd7   Thumb Code     8  stm32f4xx_hal_cortex.o(i.HAL_SYSTICK_IRQHandler)
    HAL_TIMEx_BreakCallback                  0x08002bdf   Thumb Code     2  stm32f4xx_hal_tim_ex.o(i.HAL_TIMEx_BreakCallback)
    HAL_TIMEx_CommutationCallback            0x08002be1   Thumb Code     2  stm32f4xx_hal_tim_ex.o(i.HAL_TIMEx_CommutationCallback)
    HAL_TIMEx_ConfigBreakDeadTime            0x08002be3   Thumb Code   126  stm32f4xx_hal_tim_ex.o(i.HAL_TIMEx_ConfigBreakDeadTime)
    HAL_TIMEx_MasterConfigSynchronization    0x08002c61   Thumb Code    98  stm32f4xx_hal_tim_ex.o(i.HAL_TIMEx_MasterConfigSynchronization)
    HAL_TIM_Base_Init                        0x08002cc3   Thumb Code    52  stm32f4xx_hal_tim.o(i.HAL_TIM_Base_Init)
    HAL_TIM_Base_MspInit                     0x08002cf9   Thumb Code    62  stm32f4xx_hal_msp.o(i.HAL_TIM_Base_MspInit)
    HAL_TIM_Base_Start_IT                    0x08002d41   Thumb Code    30  stm32f4xx_hal_tim.o(i.HAL_TIM_Base_Start_IT)
    HAL_TIM_IC_CaptureCallback               0x08002d5f   Thumb Code     2  stm32f4xx_hal_tim.o(i.HAL_TIM_IC_CaptureCallback)
    HAL_TIM_IRQHandler                       0x08002d61   Thumb Code   406  stm32f4xx_hal_tim.o(i.HAL_TIM_IRQHandler)
    HAL_TIM_MspPostInit                      0x08002ef9   Thumb Code    46  stm32f4xx_hal_msp.o(i.HAL_TIM_MspPostInit)
    HAL_TIM_OC_DelayElapsedCallback          0x08002f31   Thumb Code     2  stm32f4xx_hal_tim.o(i.HAL_TIM_OC_DelayElapsedCallback)
    HAL_TIM_PWM_ConfigChannel                0x08002f33   Thumb Code   264  stm32f4xx_hal_tim.o(i.HAL_TIM_PWM_ConfigChannel)
    HAL_TIM_PWM_Init                         0x0800303b   Thumb Code    52  stm32f4xx_hal_tim.o(i.HAL_TIM_PWM_Init)
    HAL_TIM_PWM_MspInit                      0x08003071   Thumb Code    44  stm32f4xx_hal_msp.o(i.HAL_TIM_PWM_MspInit)
    HAL_TIM_PWM_PulseFinishedCallback        0x080030a5   Thumb Code     2  stm32f4xx_hal_tim.o(i.HAL_TIM_PWM_PulseFinishedCallback)
    HAL_TIM_PWM_Start                        0x080030a9   Thumb Code    68  stm32f4xx_hal_tim.o(i.HAL_TIM_PWM_Start)
    HAL_TIM_PeriodElapsedCallback            0x080030f5   Thumb Code    16  user.o(i.HAL_TIM_PeriodElapsedCallback)
    HAL_TIM_TriggerCallback                  0x08003109   Thumb Code     2  stm32f4xx_hal_tim.o(i.HAL_TIM_TriggerCallback)
    HAL_UART_ErrorCallback                   0x0800310b   Thumb Code     2  stm32f4xx_hal_uart.o(i.HAL_UART_ErrorCallback)
    HAL_UART_IRQHandler                      0x0800310d   Thumb Code   326  stm32f4xx_hal_uart.o(i.HAL_UART_IRQHandler)
    HAL_UART_Init                            0x08003259   Thumb Code   114  stm32f4xx_hal_uart.o(i.HAL_UART_Init)
    HAL_UART_MspInit                         0x080032cd   Thumb Code   552  stm32f4xx_hal_msp.o(i.HAL_UART_MspInit)
    HAL_UART_Receive_DMA                     0x08003545   Thumb Code   182  stm32f4xx_hal_uart.o(i.HAL_UART_Receive_DMA)
    HAL_UART_RxCpltCallback                  0x08003609   Thumb Code     2  stm32f4xx_hal_uart.o(i.HAL_UART_RxCpltCallback)
    HAL_UART_RxHalfCpltCallback              0x0800360b   Thumb Code     2  stm32f4xx_hal_uart.o(i.HAL_UART_RxHalfCpltCallback)
    HAL_UART_TxCpltCallback                  0x0800360d   Thumb Code     2  stm32f4xx_hal_uart.o(i.HAL_UART_TxCpltCallback)
    HardFault_Handler                        0x0800360f   Thumb Code     4  stm32f4xx_it.o(i.HardFault_Handler)
    Limiter                                  0x08003613   Thumb Code    38  controller.o(i.Limiter)
    LimiterFloat                             0x08003639   Thumb Code    50  controller.o(i.LimiterFloat)
    LimiterInt16                             0x0800366b   Thumb Code    26  controller.o(i.LimiterInt16)
    MemManage_Handler                        0x08003ab9   Thumb Code     4  stm32f4xx_it.o(i.MemManage_Handler)
    NMI_Handler                              0x08003abd   Thumb Code     2  stm32f4xx_it.o(i.NMI_Handler)
    NimingClassInit                          0x08003af9   Thumb Code    12  niming.o(i.NimingClassInit)
    OutPIDControl                            0x08003b11   Thumb Code   152  controller.o(i.OutPIDControl)
    PID_Debugfloat                           0x08003bfd   Thumb Code    80  niming.o(i.PID_Debugfloat)
    PID_Debugint16_t                         0x08003c4d   Thumb Code    50  niming.o(i.PID_Debugint16_t)
    PTZ_Data_Analysis                        0x08003c81   Thumb Code   112  pantiltzoom.o(i.PTZ_Data_Analysis)
    PanTiltZoom_Control                      0x08003cfd   Thumb Code    42  control.o(i.PanTiltZoom_Control)
    PanTiltZoom_Init                         0x08003d29   Thumb Code   354  pantiltzoom.o(i.PanTiltZoom_Init)
    PantiltzoomDbusDataConverter             0x08003ead   Thumb Code    74  pantiltzoom.o(i.PantiltzoomDbusDataConverter)
    Parsing_Motor_datas                      0x08003efd   Thumb Code   138  control.o(i.Parsing_Motor_datas)
    PendSV_Handler                           0x08003f87   Thumb Code     2  stm32f4xx_it.o(i.PendSV_Handler)
    QueueOnit                                0x08003f89   Thumb Code    40  datastructure.o(i.QueueOnit)
    SVC_Handler                              0x08003fb9   Thumb Code     2  stm32f4xx_it.o(i.SVC_Handler)
    SmoothFilter                             0x08003fbd   Thumb Code   140  filter.o(i.SmoothFilter)
    SysTick_Handler                          0x0800405d   Thumb Code    12  stm32f4xx_it.o(i.SysTick_Handler)
    SystemClock_Config                       0x08004069   Thumb Code   210  main.o(i.SystemClock_Config)
    SystemInit                               0x08004155   Thumb Code    82  system_stm32f4xx.o(i.SystemInit)
    TIM7_Event                               0x080041b9   Thumb Code   320  user.o(i.TIM7_Event)
    TIM7_IRQHandler                          0x08004319   Thumb Code    14  stm32f4xx_it.o(i.TIM7_IRQHandler)
    TIM_Base_SetConfig                       0x0800432d   Thumb Code   184  stm32f4xx_hal_tim.o(i.TIM_Base_SetConfig)
    TIM_CCxChannelCmd                        0x08004411   Thumb Code    28  stm32f4xx_hal_tim.o(i.TIM_CCxChannelCmd)
    TIM_OC2_SetConfig                        0x0800449d   Thumb Code   112  stm32f4xx_hal_tim.o(i.TIM_OC2_SetConfig)
    TimeCounterInit                          0x080045ed   Thumb Code    10  driver_dbus.o(i.TimeCounterInit)
    USART1_IRQHandler                        0x08004b75   Thumb Code    16  stm32f4xx_it.o(i.USART1_IRQHandler)
    USART3_IRQHandler                        0x08004b89   Thumb Code    10  stm32f4xx_it.o(i.USART3_IRQHandler)
    USART6_IRQHandler                        0x08004b99   Thumb Code    16  stm32f4xx_it.o(i.USART6_IRQHandler)
    UsageFault_Handler                       0x08004bad   Thumb Code     4  stm32f4xx_it.o(i.UsageFault_Handler)
    UserUsart6IT                             0x08004bb1   Thumb Code    52  user.o(i.UserUsart6IT)
    User_CAN_Config                          0x08004be9   Thumb Code    48  user_can.o(i.User_CAN_Config)
    User_config                              0x08004c25   Thumb Code   112  user.o(i.User_config)
    User_usart1_IT                           0x08004cb9   Thumb Code    52  user.o(i.User_usart1_IT)
    _Error_Handler                           0x08004cf1   Thumb Code     4  main.o(i._Error_Handler)
    __scatterload_copy                       0x08004cf5   Thumb Code    14  handlers.o(i.__scatterload_copy)
    __scatterload_null                       0x08004d03   Thumb Code     2  handlers.o(i.__scatterload_null)
    __scatterload_zeroinit                   0x08004d05   Thumb Code    14  handlers.o(i.__scatterload_zeroinit)
    absFloat                                 0x08004d13   Thumb Code    26  controller.o(i.absFloat)
    deQueue                                  0x08004d2d   Thumb Code    60  datastructure.o(i.deQueue)
    enQueue                                  0x08004d6d   Thumb Code    66  datastructure.o(i.enQueue)
    low_filter                               0x08004db5   Thumb Code    46  filter.o(i.low_filter)
    main                                     0x08004ded   Thumb Code    58  main.o(i.main)
    malloc                                   0x08004e29   Thumb Code    92  malloc.o(i.malloc)
    usart2_niming_report                     0x08004e95   Thumb Code   124  niming.o(i.usart2_niming_report)
    usart2_send_char                         0x08004f11   Thumb Code    20  niming.o(i.usart2_send_char)
    AHBPrescTable                            0x08004f2c   Data          16  system_stm32f4xx.o(.constdata)
    APBPrescTable                            0x08004f3c   Data           8  system_stm32f4xx.o(.constdata)
    Region$$Table$$Base                      0x08004f44   Number         0  anon$$obj.o(Region$$Table)
    Region$$Table$$Limit                     0x08004f64   Number         0  anon$$obj.o(Region$$Table)
    uwTick                                   0x20000000   Data           4  stm32f4xx_hal.o(.data)
    uwTickPrio                               0x20000004   Data           4  stm32f4xx_hal.o(.data)
    uwTickFreq                               0x20000008   Data           1  stm32f4xx_hal.o(.data)
    SystemCoreClock                          0x2000000c   Data           4  system_stm32f4xx.o(.data)
    groal                                    0x20000010   Data           2  control.o(.data)
    aff                                      0x20000014   Data           4  control.o(.data)
    lowbuffer                                0x20000018   Data           4  control.o(.data)
    aaaaaa                                   0x2000001c   Data           2  control.o(.data)
    size_2                                   0x2000001e   Data           1  control.o(.data)
    SpeedParam                               0x20000020   Data           4  control.o(.data)
    pmax                                     0x20000024   Data           4  controller.o(.data)
    pmid                                     0x20000028   Data           4  controller.o(.data)
    pmin                                     0x2000002c   Data           4  controller.o(.data)
    ec                                       0x20000030   Data           4  controller.o(.data)
    Mmax                                     0x20000034   Data           4  controller.o(.data)
    Mmid                                     0x20000038   Data           4  controller.o(.data)
    Mmin                                     0x2000003c   Data           4  controller.o(.data)
    temu                                     0x20000040   Data           4  controller.o(.data)
    _PID_Kind                                0x20000044   Data           1  controller.o(.data)
    LtPit                                    0x2000004c   Data           4  pantiltzoom.o(.data)
    LtYaw                                    0x20000050   Data           4  pantiltzoom.o(.data)
    _base                                    0x20000058   Data           8  user.o(.data)
    temp                                     0x20000060   Data           4  user.o(.data)
    DBUSConnectStatus                        0x20000064   Data           1  driver_dbus.o(.data)
    Tc                                       0x20000068   Data           8  driver_dbus.o(.data)
    sum                                      0x20000070   Data           1  gy955.o(.data)
    i                                        0x20000071   Data           1  gy955.o(.data)
    Debug                                    0x20000074   Data           8  niming.o(.data)
    pamer                                    0x2000007c   Data           4  filter.o(.data)
    lastBiseGy                               0x20000080   Data           4  filter.o(.data)
    X                                        0x20000084   Data           4  filter.o(.data)
    Gain                                     0x20000088   Data           4  filter.o(.data)
    Sum                                      0x2000008c   Data           4  filter.o(.data)
    Sum1                                     0x20000090   Data           4  filter.o(.data)
    Su                                       0x20000094   Data           4  filter.o(.data)
    size_1                                   0x20000098   Data           1  datastructure.o(.data)
    __microlib_freelist                      0x2000009c   Data           4  mvars.o(.data)
    __microlib_freelist_initialised          0x200000a0   Data           4  mvars.o(.data)
    hcan1                                    0x200000a4   Data          40  main.o(.bss)
    htim1                                    0x200000cc   Data          60  main.o(.bss)
    htim7                                    0x20000108   Data          60  main.o(.bss)
    huart1                                   0x20000144   Data          64  main.o(.bss)
    huart2                                   0x20000184   Data          64  main.o(.bss)
    huart3                                   0x200001c4   Data          64  main.o(.bss)
    huart6                                   0x20000204   Data          64  main.o(.bss)
    hdma_usart1_rx                           0x20000244   Data          96  main.o(.bss)
    hdma_usart3_rx                           0x200002a4   Data          96  main.o(.bss)
    hdma_usart6_rx                           0x20000304   Data          96  main.o(.bss)
    Cs                                       0x20000364   Data         212  chassis.o(.bss)
    Cbcla                                    0x20000468   Data          12  control.o(.bss)
    Ps                                       0x20000474   Data         156  pantiltzoom.o(.bss)
    TxMsg1                                   0x20000528   Data          24  user_can.o(.bss)
    RxMsg1                                   0x20000540   Data          28  user_can.o(.bss)
    Cm                                       0x2000055c   Data          16  user_can.o(.bss)
    _filter                                  0x2000056c   Data          40  user_can.o(.bss)
    DBUSBuffer                               0x20000594   Data          19  driver_dbus.o(.bss)
    DBUS_ReceiveData                         0x200005a8   Data          32  driver_dbus.o(.bss)
    LASTDBUS_ReceiveData                     0x200005c8   Data          32  driver_dbus.o(.bss)
    Accesf                                   0x200005e8   Data          12  driver_dbus.o(.bss)
    GB955Buffer                              0x200005f4   Data          19  gy955.o(.bss)
    Gyc                                      0x20000608   Data          24  gy955.o(.bss)
    Gysq                                     0x20000620   Data          36  datastructure.o(.bss)
    PTZsq                                    0x20000644   Data          36  datastructure.o(.bss)
    __heap_base                              0x20000668   Data           0  startup_stm32f427xx.o(HEAP)
    __heap_limit                             0x20000868   Data           0  startup_stm32f427xx.o(HEAP)
    __initial_sp                             0x20000c68   Data           0  startup_stm32f427xx.o(STACK)



==============================================================================

Memory Map of the image

  Image Entry point : 0x080001ad

  Load Region LR_IROM1 (Base: 0x08000000, Size: 0x00005008, Max: 0x00200000, ABSOLUTE)

    Execution Region ER_IROM1 (Exec base: 0x08000000, Load base: 0x08000000, Size: 0x00004f64, Max: 0x00200000, ABSOLUTE)

    Exec Addr    Load Addr    Size         Type   Attr      Idx    E Section Name        Object

    0x08000000   0x08000000   0x000001ac   Data   RO            3    RESET               startup_stm32f427xx.o
    0x080001ac   0x080001ac   0x00000000   Code   RO         3789  * .ARM.Collect$$$$00000000  mc_w.l(entry.o)
    0x080001ac   0x080001ac   0x00000004   Code   RO         3834    .ARM.Collect$$$$00000001  mc_w.l(entry2.o)
    0x080001b0   0x080001b0   0x00000004   Code   RO         3837    .ARM.Collect$$$$00000004  mc_w.l(entry5.o)
    0x080001b4   0x080001b4   0x00000000   Code   RO         3839    .ARM.Collect$$$$00000008  mc_w.l(entry7b.o)
    0x080001b4   0x080001b4   0x00000000   Code   RO         3841    .ARM.Collect$$$$0000000A  mc_w.l(entry8b.o)
    0x080001b4   0x080001b4   0x00000008   Code   RO         3842    .ARM.Collect$$$$0000000B  mc_w.l(entry9a.o)
    0x080001bc   0x080001bc   0x00000000   Code   RO         3844    .ARM.Collect$$$$0000000D  mc_w.l(entry10a.o)
    0x080001bc   0x080001bc   0x00000000   Code   RO         3846    .ARM.Collect$$$$0000000F  mc_w.l(entry11a.o)
    0x080001bc   0x080001bc   0x00000004   Code   RO         3835    .ARM.Collect$$$$00002712  mc_w.l(entry2.o)
    0x080001c0   0x080001c0   0x00000024   Code   RO            4    .text               startup_stm32f427xx.o
    0x080001e4   0x080001e4   0x00000062   Code   RO         3792    .text               mc_w.l(uldiv.o)
    0x08000246   0x08000246   0x00000024   Code   RO         3794    .text               mc_w.l(memcpya.o)
    0x0800026a   0x0800026a   0x0000014e   Code   RO         3826    .text               mf_w.l(dadd.o)
    0x080003b8   0x080003b8   0x000000e4   Code   RO         3828    .text               mf_w.l(dmul.o)
    0x0800049c   0x0800049c   0x00000022   Code   RO         3830    .text               mf_w.l(dflti.o)
    0x080004be   0x080004be   0x0000003e   Code   RO         3832    .text               mf_w.l(dfixi.o)
    0x080004fc   0x080004fc   0x0000001e   Code   RO         3848    .text               mc_w.l(llshl.o)
    0x0800051a   0x0800051a   0x00000020   Code   RO         3850    .text               mc_w.l(llushr.o)
    0x0800053a   0x0800053a   0x00000024   Code   RO         3852    .text               mc_w.l(llsshr.o)
    0x0800055e   0x0800055e   0x00000000   Code   RO         3856    .text               mc_w.l(iusefp.o)
    0x0800055e   0x0800055e   0x000000ba   Code   RO         3857    .text               mf_w.l(depilogue.o)
    0x08000618   0x08000618   0x00000024   Code   RO         3859    .text               mc_w.l(init.o)
    0x0800063c   0x0800063c   0x00000134   Code   RO         3557    i.AnalysisGyro      gy955.o
    0x08000770   0x08000770   0x0000000c   Code   RO         3401    i.BaseClassInit     user.o
    0x0800077c   0x0800077c   0x00000004   Code   RO          239    i.BusFault_Handler  stm32f4xx_it.o
    0x08000780   0x08000780   0x00000010   Code   RO          240    i.CAN1_RX0_IRQHandler  stm32f4xx_it.o
    0x08000790   0x08000790   0x00000030   Code   RO         3465    i.CAN_Filter_Init   user_can.o
    0x080007c0   0x080007c0   0x0000002c   Code   RO         3466    i.CAN_Rx_Init       user_can.o
    0x080007ec   0x080007ec   0x00000080   Code   RO         3151    i.CAN_TRANSMIT      control.o
    0x0800086c   0x0800086c   0x0000002c   Code   RO         3467    i.CAN_Tx_Init       user_can.o
    0x08000898   0x08000898   0x00000026   Code   RO         3106    i.Chassis_Data_Analysis  chassis.o
    0x080008be   0x080008be   0x00000002   PAD
    0x080008c0   0x080008c0   0x000001f8   Code   RO         3107    i.Chassis_init      chassis.o
    0x08000ab8   0x08000ab8   0x000000ac   Code   RO         3155    i.Control_PTZ_PID   control.o
    0x08000b64   0x08000b64   0x00000114   Code   RO         3514    i.DBUS_DataDecoding  driver_dbus.o
    0x08000c78   0x08000c78   0x00000048   Code   RO         3515    i.DBUS_Init         driver_dbus.o
    0x08000cc0   0x08000cc0   0x00000010   Code   RO          241    i.DMA1_Stream1_IRQHandler  stm32f4xx_it.o
    0x08000cd0   0x08000cd0   0x00000010   Code   RO          242    i.DMA2_Stream1_IRQHandler  stm32f4xx_it.o
    0x08000ce0   0x08000ce0   0x00000010   Code   RO          243    i.DMA2_Stream2_IRQHandler  stm32f4xx_it.o
    0x08000cf0   0x08000cf0   0x00000034   Code   RO         2448    i.DMA_CalcBaseAndBitshift  stm32f4xx_hal_dma.o
    0x08000d24   0x08000d24   0x000000aa   Code   RO         2449    i.DMA_CheckFifoParam  stm32f4xx_hal_dma.o
    0x08000dce   0x08000dce   0x0000002c   Code   RO         2450    i.DMA_SetConfig     stm32f4xx_hal_dma.o
    0x08000dfa   0x08000dfa   0x00000002   PAD
    0x08000dfc   0x08000dfc   0x0000017c   Code   RO         3156    i.DUBS_Data_RX      control.o
    0x08000f78   0x08000f78   0x00000002   Code   RO          244    i.DebugMon_Handler  stm32f4xx_it.o
    0x08000f7a   0x08000f7a   0x00000002   PAD
    0x08000f7c   0x08000f7c   0x00000314   Code   RO         3231    i.ExpertPIDControl  controller.o
    0x08001290   0x08001290   0x00000034   Code   RO         3558    i.Gy955ClassDataInit  gy955.o
    0x080012c4   0x080012c4   0x00000032   Code   RO         3746    i.GyinitQueue       datastructure.o
    0x080012f6   0x080012f6   0x0000002c   Code   RO          443    i.HAL_CAN_ActivateNotification  stm32f4xx_hal_can.o
    0x08001322   0x08001322   0x0000012a   Code   RO          444    i.HAL_CAN_AddTxMessage  stm32f4xx_hal_can.o
    0x0800144c   0x0800144c   0x00000124   Code   RO          445    i.HAL_CAN_ConfigFilter  stm32f4xx_hal_can.o
    0x08001570   0x08001570   0x00000002   Code   RO          448    i.HAL_CAN_ErrorCallback  stm32f4xx_hal_can.o
    0x08001572   0x08001572   0x00000188   Code   RO          451    i.HAL_CAN_GetRxMessage  stm32f4xx_hal_can.o
    0x080016fa   0x080016fa   0x0000024e   Code   RO          455    i.HAL_CAN_IRQHandler  stm32f4xx_hal_can.o
    0x08001948   0x08001948   0x00000176   Code   RO          456    i.HAL_CAN_Init      stm32f4xx_hal_can.o
    0x08001abe   0x08001abe   0x00000002   PAD
    0x08001ac0   0x08001ac0   0x0000006c   Code   RO          364    i.HAL_CAN_MspInit   stm32f4xx_hal_msp.o
    0x08001b2c   0x08001b2c   0x00000002   Code   RO          463    i.HAL_CAN_RxFifo0FullCallback  stm32f4xx_hal_can.o
    0x08001b2e   0x08001b2e   0x00000002   PAD
    0x08001b30   0x08001b30   0x00000038   Code   RO         3402    i.HAL_CAN_RxFifo0MsgPendingCallback  user.o
    0x08001b68   0x08001b68   0x00000002   Code   RO          465    i.HAL_CAN_RxFifo1FullCallback  stm32f4xx_hal_can.o
    0x08001b6a   0x08001b6a   0x00000002   Code   RO          466    i.HAL_CAN_RxFifo1MsgPendingCallback  stm32f4xx_hal_can.o
    0x08001b6c   0x08001b6c   0x00000002   Code   RO          467    i.HAL_CAN_SleepCallback  stm32f4xx_hal_can.o
    0x08001b6e   0x08001b6e   0x00000060   Code   RO          468    i.HAL_CAN_Start     stm32f4xx_hal_can.o
    0x08001bce   0x08001bce   0x00000002   Code   RO          470    i.HAL_CAN_TxMailbox0AbortCallback  stm32f4xx_hal_can.o
    0x08001bd0   0x08001bd0   0x00000002   Code   RO          471    i.HAL_CAN_TxMailbox0CompleteCallback  stm32f4xx_hal_can.o
    0x08001bd2   0x08001bd2   0x00000002   Code   RO          472    i.HAL_CAN_TxMailbox1AbortCallback  stm32f4xx_hal_can.o
    0x08001bd4   0x08001bd4   0x00000002   Code   RO          473    i.HAL_CAN_TxMailbox1CompleteCallback  stm32f4xx_hal_can.o
    0x08001bd6   0x08001bd6   0x00000002   Code   RO          474    i.HAL_CAN_TxMailbox2AbortCallback  stm32f4xx_hal_can.o
    0x08001bd8   0x08001bd8   0x00000002   Code   RO          475    i.HAL_CAN_TxMailbox2CompleteCallback  stm32f4xx_hal_can.o
    0x08001bda   0x08001bda   0x00000002   Code   RO          477    i.HAL_CAN_WakeUpFromRxMsgCallback  stm32f4xx_hal_can.o
    0x08001bdc   0x08001bdc   0x00000028   Code   RO         2452    i.HAL_DMA_Abort_IT  stm32f4xx_hal_dma.o
    0x08001c04   0x08001c04   0x00000240   Code   RO         2456    i.HAL_DMA_IRQHandler  stm32f4xx_hal_dma.o
    0x08001e44   0x08001e44   0x000000ec   Code   RO         2457    i.HAL_DMA_Init      stm32f4xx_hal_dma.o
    0x08001f30   0x08001f30   0x0000009e   Code   RO         2461    i.HAL_DMA_Start_IT  stm32f4xx_hal_dma.o
    0x08001fce   0x08001fce   0x00000002   PAD
    0x08001fd0   0x08001fd0   0x00000028   Code   RO         2893    i.HAL_Delay         stm32f4xx_hal.o
    0x08001ff8   0x08001ff8   0x0000021c   Code   RO         2344    i.HAL_GPIO_Init     stm32f4xx_hal_gpio.o
    0x08002214   0x08002214   0x0000000c   Code   RO         2348    i.HAL_GPIO_WritePin  stm32f4xx_hal_gpio.o
    0x08002220   0x08002220   0x0000000c   Code   RO         2901    i.HAL_GetTick       stm32f4xx_hal.o
    0x0800222c   0x0800222c   0x00000018   Code   RO         2905    i.HAL_IncTick       stm32f4xx_hal.o
    0x08002244   0x08002244   0x0000003c   Code   RO         2906    i.HAL_Init          stm32f4xx_hal.o
    0x08002280   0x08002280   0x0000004c   Code   RO         2907    i.HAL_InitTick      stm32f4xx_hal.o
    0x080022cc   0x080022cc   0x0000009c   Code   RO          365    i.HAL_MspInit       stm32f4xx_hal_msp.o
    0x08002368   0x08002368   0x0000001a   Code   RO         2751    i.HAL_NVIC_EnableIRQ  stm32f4xx_hal_cortex.o
    0x08002382   0x08002382   0x0000007c   Code   RO         2757    i.HAL_NVIC_SetPriority  stm32f4xx_hal_cortex.o
    0x080023fe   0x080023fe   0x00000002   PAD
    0x08002400   0x08002400   0x00000028   Code   RO         2758    i.HAL_NVIC_SetPriorityGrouping  stm32f4xx_hal_cortex.o
    0x08002428   0x08002428   0x0000008c   Code   RO         2680    i.HAL_PWREx_EnableOverDrive  stm32f4xx_hal_pwr_ex.o
    0x080024b4   0x080024b4   0x00000180   Code   RO         1888    i.HAL_RCC_ClockConfig  stm32f4xx_hal_rcc.o
    0x08002634   0x08002634   0x0000000c   Code   RO         1893    i.HAL_RCC_GetHCLKFreq  stm32f4xx_hal_rcc.o
    0x08002640   0x08002640   0x00000020   Code   RO         1895    i.HAL_RCC_GetPCLK1Freq  stm32f4xx_hal_rcc.o
    0x08002660   0x08002660   0x00000020   Code   RO         1896    i.HAL_RCC_GetPCLK2Freq  stm32f4xx_hal_rcc.o
    0x08002680   0x08002680   0x000000b0   Code   RO         1897    i.HAL_RCC_GetSysClockFreq  stm32f4xx_hal_rcc.o
    0x08002730   0x08002730   0x00000448   Code   RO         1900    i.HAL_RCC_OscConfig  stm32f4xx_hal_rcc.o
    0x08002b78   0x08002b78   0x00000028   Code   RO         2760    i.HAL_SYSTICK_CLKSourceConfig  stm32f4xx_hal_cortex.o
    0x08002ba0   0x08002ba0   0x00000002   Code   RO         2761    i.HAL_SYSTICK_Callback  stm32f4xx_hal_cortex.o
    0x08002ba2   0x08002ba2   0x00000034   Code   RO         2762    i.HAL_SYSTICK_Config  stm32f4xx_hal_cortex.o
    0x08002bd6   0x08002bd6   0x00000008   Code   RO         2763    i.HAL_SYSTICK_IRQHandler  stm32f4xx_hal_cortex.o
    0x08002bde   0x08002bde   0x00000002   Code   RO         1317    i.HAL_TIMEx_BreakCallback  stm32f4xx_hal_tim_ex.o
    0x08002be0   0x08002be0   0x00000002   Code   RO         1318    i.HAL_TIMEx_CommutationCallback  stm32f4xx_hal_tim_ex.o
    0x08002be2   0x08002be2   0x0000007e   Code   RO         1319    i.HAL_TIMEx_ConfigBreakDeadTime  stm32f4xx_hal_tim_ex.o
    0x08002c60   0x08002c60   0x00000062   Code   RO         1334    i.HAL_TIMEx_MasterConfigSynchronization  stm32f4xx_hal_tim_ex.o
    0x08002cc2   0x08002cc2   0x00000034   Code   RO          678    i.HAL_TIM_Base_Init  stm32f4xx_hal_tim.o
    0x08002cf6   0x08002cf6   0x00000002   PAD
    0x08002cf8   0x08002cf8   0x00000048   Code   RO          367    i.HAL_TIM_Base_MspInit  stm32f4xx_hal_msp.o
    0x08002d40   0x08002d40   0x0000001e   Code   RO          683    i.HAL_TIM_Base_Start_IT  stm32f4xx_hal_tim.o
    0x08002d5e   0x08002d5e   0x00000002   Code   RO          707    i.HAL_TIM_IC_CaptureCallback  stm32f4xx_hal_tim.o
    0x08002d60   0x08002d60   0x00000196   Code   RO          720    i.HAL_TIM_IRQHandler  stm32f4xx_hal_tim.o
    0x08002ef6   0x08002ef6   0x00000002   PAD
    0x08002ef8   0x08002ef8   0x00000038   Code   RO          368    i.HAL_TIM_MspPostInit  stm32f4xx_hal_msp.o
    0x08002f30   0x08002f30   0x00000002   Code   RO          723    i.HAL_TIM_OC_DelayElapsedCallback  stm32f4xx_hal_tim.o
    0x08002f32   0x08002f32   0x00000108   Code   RO          744    i.HAL_TIM_PWM_ConfigChannel  stm32f4xx_hal_tim.o
    0x0800303a   0x0800303a   0x00000034   Code   RO          747    i.HAL_TIM_PWM_Init  stm32f4xx_hal_tim.o
    0x0800306e   0x0800306e   0x00000002   PAD
    0x08003070   0x08003070   0x00000034   Code   RO          370    i.HAL_TIM_PWM_MspInit  stm32f4xx_hal_msp.o
    0x080030a4   0x080030a4   0x00000002   Code   RO          750    i.HAL_TIM_PWM_PulseFinishedCallback  stm32f4xx_hal_tim.o
    0x080030a6   0x080030a6   0x00000002   PAD
    0x080030a8   0x080030a8   0x0000004c   Code   RO          751    i.HAL_TIM_PWM_Start  stm32f4xx_hal_tim.o
    0x080030f4   0x080030f4   0x00000014   Code   RO         3403    i.HAL_TIM_PeriodElapsedCallback  user.o
    0x08003108   0x08003108   0x00000002   Code   RO          761    i.HAL_TIM_TriggerCallback  stm32f4xx_hal_tim.o
    0x0800310a   0x0800310a   0x00000002   Code   RO         1577    i.HAL_UART_ErrorCallback  stm32f4xx_hal_uart.o
    0x0800310c   0x0800310c   0x0000014c   Code   RO         1580    i.HAL_UART_IRQHandler  stm32f4xx_hal_uart.o
    0x08003258   0x08003258   0x00000072   Code   RO         1581    i.HAL_UART_Init     stm32f4xx_hal_uart.o
    0x080032ca   0x080032ca   0x00000002   PAD
    0x080032cc   0x080032cc   0x00000278   Code   RO          372    i.HAL_UART_MspInit  stm32f4xx_hal_msp.o
    0x08003544   0x08003544   0x000000c4   Code   RO         1585    i.HAL_UART_Receive_DMA  stm32f4xx_hal_uart.o
    0x08003608   0x08003608   0x00000002   Code   RO         1587    i.HAL_UART_RxCpltCallback  stm32f4xx_hal_uart.o
    0x0800360a   0x0800360a   0x00000002   Code   RO         1588    i.HAL_UART_RxHalfCpltCallback  stm32f4xx_hal_uart.o
    0x0800360c   0x0800360c   0x00000002   Code   RO         1592    i.HAL_UART_TxCpltCallback  stm32f4xx_hal_uart.o
    0x0800360e   0x0800360e   0x00000004   Code   RO          245    i.HardFault_Handler  stm32f4xx_it.o
    0x08003612   0x08003612   0x00000026   Code   RO         3232    i.Limiter           controller.o
    0x08003638   0x08003638   0x00000032   Code   RO         3233    i.LimiterFloat      controller.o
    0x0800366a   0x0800366a   0x0000001a   Code   RO         3235    i.LimiterInt16      controller.o
    0x08003684   0x08003684   0x0000005c   Code   RO           13    i.MX_CAN1_Init      main.o
    0x080036e0   0x080036e0   0x00000078   Code   RO           14    i.MX_DMA_Init       main.o
    0x08003758   0x08003758   0x000000ec   Code   RO           15    i.MX_GPIO_Init      main.o
    0x08003844   0x08003844   0x000000dc   Code   RO           16    i.MX_TIM1_Init      main.o
    0x08003920   0x08003920   0x00000060   Code   RO           17    i.MX_TIM7_Init      main.o
    0x08003980   0x08003980   0x00000054   Code   RO           18    i.MX_USART1_UART_Init  main.o
    0x080039d4   0x080039d4   0x0000004c   Code   RO           19    i.MX_USART2_UART_Init  main.o
    0x08003a20   0x08003a20   0x0000004c   Code   RO           20    i.MX_USART3_UART_Init  main.o
    0x08003a6c   0x08003a6c   0x0000004c   Code   RO           21    i.MX_USART6_UART_Init  main.o
    0x08003ab8   0x08003ab8   0x00000004   Code   RO          246    i.MemManage_Handler  stm32f4xx_it.o
    0x08003abc   0x08003abc   0x00000002   Code   RO          247    i.NMI_Handler       stm32f4xx_it.o
    0x08003abe   0x08003abe   0x00000002   PAD
    0x08003ac0   0x08003ac0   0x00000010   Code   RO         2764    i.NVIC_GetPriorityGrouping  stm32f4xx_hal_cortex.o
    0x08003ad0   0x08003ad0   0x00000028   Code   RO         2765    i.NVIC_SetPriority  stm32f4xx_hal_cortex.o
    0x08003af8   0x08003af8   0x00000018   Code   RO         3655    i.NimingClassInit   niming.o
    0x08003b10   0x08003b10   0x0000009c   Code   RO         3240    i.OutPIDControl     controller.o
    0x08003bac   0x08003bac   0x00000028   Code   RO         3109    i.PIDConnector      chassis.o
    0x08003bd4   0x08003bd4   0x00000028   Code   RO         3349    i.PIDConnector      pantiltzoom.o
    0x08003bfc   0x08003bfc   0x00000050   Code   RO         3656    i.PID_Debugfloat    niming.o
    0x08003c4c   0x08003c4c   0x00000032   Code   RO         3657    i.PID_Debugint16_t  niming.o
    0x08003c7e   0x08003c7e   0x00000002   PAD
    0x08003c80   0x08003c80   0x0000007c   Code   RO         3350    i.PTZ_Data_Analysis  pantiltzoom.o
    0x08003cfc   0x08003cfc   0x0000002a   Code   RO         3158    i.PanTiltZoom_Control  control.o
    0x08003d26   0x08003d26   0x00000002   PAD
    0x08003d28   0x08003d28   0x00000184   Code   RO         3351    i.PanTiltZoom_Init  pantiltzoom.o
    0x08003eac   0x08003eac   0x00000050   Code   RO         3352    i.PantiltzoomDbusDataConverter  pantiltzoom.o
    0x08003efc   0x08003efc   0x0000008a   Code   RO         3159    i.Parsing_Motor_datas  control.o
    0x08003f86   0x08003f86   0x00000002   Code   RO          248    i.PendSV_Handler    stm32f4xx_it.o
    0x08003f88   0x08003f88   0x00000030   Code   RO         3747    i.QueueOnit         datastructure.o
    0x08003fb8   0x08003fb8   0x00000002   Code   RO          249    i.SVC_Handler       stm32f4xx_it.o
    0x08003fba   0x08003fba   0x00000002   PAD
    0x08003fbc   0x08003fbc   0x000000a0   Code   RO         3710    i.SmoothFilter      filter.o
    0x0800405c   0x0800405c   0x0000000c   Code   RO          250    i.SysTick_Handler   stm32f4xx_it.o
    0x08004068   0x08004068   0x000000ec   Code   RO           22    i.SystemClock_Config  main.o
    0x08004154   0x08004154   0x00000064   Code   RO         3070    i.SystemInit        system_stm32f4xx.o
    0x080041b8   0x080041b8   0x00000160   Code   RO         3404    i.TIM7_Event        user.o
    0x08004318   0x08004318   0x00000014   Code   RO          251    i.TIM7_IRQHandler   stm32f4xx_it.o
    0x0800432c   0x0800432c   0x000000e4   Code   RO          762    i.TIM_Base_SetConfig  stm32f4xx_hal_tim.o
    0x08004410   0x08004410   0x0000001c   Code   RO          763    i.TIM_CCxChannelCmd  stm32f4xx_hal_tim.o
    0x0800442c   0x0800442c   0x00000070   Code   RO          771    i.TIM_OC1_SetConfig  stm32f4xx_hal_tim.o
    0x0800449c   0x0800449c   0x00000078   Code   RO          772    i.TIM_OC2_SetConfig  stm32f4xx_hal_tim.o
    0x08004514   0x08004514   0x00000078   Code   RO          773    i.TIM_OC3_SetConfig  stm32f4xx_hal_tim.o
    0x0800458c   0x0800458c   0x00000060   Code   RO          774    i.TIM_OC4_SetConfig  stm32f4xx_hal_tim.o
    0x080045ec   0x080045ec   0x00000010   Code   RO         3516    i.TimeCounterInit   driver_dbus.o
    0x080045fc   0x080045fc   0x00000014   Code   RO         1594    i.UART_DMAAbortOnError  stm32f4xx_hal_uart.o
    0x08004610   0x08004610   0x00000050   Code   RO         1595    i.UART_DMAError     stm32f4xx_hal_uart.o
    0x08004660   0x08004660   0x00000046   Code   RO         1596    i.UART_DMAReceiveCplt  stm32f4xx_hal_uart.o
    0x080046a6   0x080046a6   0x0000000e   Code   RO         1598    i.UART_DMARxHalfCplt  stm32f4xx_hal_uart.o
    0x080046b4   0x080046b4   0x00000020   Code   RO         1604    i.UART_EndRxTransfer  stm32f4xx_hal_uart.o
    0x080046d4   0x080046d4   0x00000020   Code   RO         1605    i.UART_EndTransmit_IT  stm32f4xx_hal_uart.o
    0x080046f4   0x080046f4   0x00000014   Code   RO         1606    i.UART_EndTxTransfer  stm32f4xx_hal_uart.o
    0x08004708   0x08004708   0x0000009a   Code   RO         1607    i.UART_Receive_IT   stm32f4xx_hal_uart.o
    0x080047a2   0x080047a2   0x00000002   PAD
    0x080047a4   0x080047a4   0x00000368   Code   RO         1608    i.UART_SetConfig    stm32f4xx_hal_uart.o
    0x08004b0c   0x08004b0c   0x00000068   Code   RO         1609    i.UART_Transmit_IT  stm32f4xx_hal_uart.o
    0x08004b74   0x08004b74   0x00000014   Code   RO          252    i.USART1_IRQHandler  stm32f4xx_it.o
    0x08004b88   0x08004b88   0x00000010   Code   RO          253    i.USART3_IRQHandler  stm32f4xx_it.o
    0x08004b98   0x08004b98   0x00000014   Code   RO          254    i.USART6_IRQHandler  stm32f4xx_it.o
    0x08004bac   0x08004bac   0x00000004   Code   RO          255    i.UsageFault_Handler  stm32f4xx_it.o
    0x08004bb0   0x08004bb0   0x00000038   Code   RO         3405    i.UserUsart6IT      user.o
    0x08004be8   0x08004be8   0x0000003c   Code   RO         3468    i.User_CAN_Config   user_can.o
    0x08004c24   0x08004c24   0x00000094   Code   RO         3406    i.User_config       user.o
    0x08004cb8   0x08004cb8   0x00000038   Code   RO         3407    i.User_usart1_IT    user.o
    0x08004cf0   0x08004cf0   0x00000004   Code   RO           23    i._Error_Handler    main.o
    0x08004cf4   0x08004cf4   0x0000000e   Code   RO         3863    i.__scatterload_copy  mc_w.l(handlers.o)
    0x08004d02   0x08004d02   0x00000002   Code   RO         3864    i.__scatterload_null  mc_w.l(handlers.o)
    0x08004d04   0x08004d04   0x0000000e   Code   RO         3865    i.__scatterload_zeroinit  mc_w.l(handlers.o)
    0x08004d12   0x08004d12   0x0000001a   Code   RO         3242    i.absFloat          controller.o
    0x08004d2c   0x08004d2c   0x00000040   Code   RO         3748    i.deQueue           datastructure.o
    0x08004d6c   0x08004d6c   0x00000048   Code   RO         3749    i.enQueue           datastructure.o
    0x08004db4   0x08004db4   0x00000038   Code   RO         3711    i.low_filter        filter.o
    0x08004dec   0x08004dec   0x0000003a   Code   RO           24    i.main              main.o
    0x08004e26   0x08004e26   0x00000002   PAD
    0x08004e28   0x08004e28   0x0000006c   Code   RO         3799    i.malloc            mc_w.l(malloc.o)
    0x08004e94   0x08004e94   0x0000007c   Code   RO         3658    i.usart2_niming_report  niming.o
    0x08004f10   0x08004f10   0x00000014   Code   RO         3659    i.usart2_send_char  niming.o
    0x08004f24   0x08004f24   0x00000008   Data   RO         2463    .constdata          stm32f4xx_hal_dma.o
    0x08004f2c   0x08004f2c   0x00000018   Data   RO         3071    .constdata          system_stm32f4xx.o
    0x08004f44   0x08004f44   0x00000020   Data   RO         3861    Region$$Table       anon$$obj.o


    Execution Region RW_IRAM1 (Exec base: 0x20000000, Load base: 0x08004f64, Size: 0x00000c68, Max: 0x00030000, ABSOLUTE)

    Exec Addr    Load Addr    Size         Type   Attr      Idx    E Section Name        Object

    0x20000000   0x08004f64   0x00000009   Data   RW         2913    .data               stm32f4xx_hal.o
    0x20000009   0x08004f6d   0x00000003   PAD
    0x2000000c   0x08004f70   0x00000004   Data   RW         3072    .data               system_stm32f4xx.o
    0x20000010   0x08004f74   0x00000014   Data   RW         3161    .data               control.o
    0x20000024   0x08004f88   0x00000028   Data   RW         3247    .data               controller.o
    0x2000004c   0x08004fb0   0x0000000c   Data   RW         3355    .data               pantiltzoom.o
    0x20000058   0x08004fbc   0x0000000c   Data   RW         3408    .data               user.o
    0x20000064   0x08004fc8   0x0000000c   Data   RW         3518    .data               driver_dbus.o
    0x20000070   0x08004fd4   0x00000002   Data   RW         3561    .data               gy955.o
    0x20000072   0x08004fd6   0x00000002   PAD
    0x20000074   0x08004fd8   0x00000008   Data   RW         3660    .data               niming.o
    0x2000007c   0x08004fe0   0x0000001c   Data   RW         3713    .data               filter.o
    0x20000098   0x08004ffc   0x00000001   Data   RW         3752    .data               datastructure.o
    0x20000099   0x08004ffd   0x00000003   PAD
    0x2000009c   0x08005000   0x00000004   Data   RW         3854    .data               mc_w.l(mvars.o)
    0x200000a0   0x08005004   0x00000004   Data   RW         3855    .data               mc_w.l(mvars.o)
    0x200000a4        -       0x000002c0   Zero   RW           25    .bss                main.o
    0x20000364        -       0x00000104   Zero   RW         3110    .bss                chassis.o
    0x20000468        -       0x0000000c   Zero   RW         3160    .bss                control.o
    0x20000474        -       0x000000b4   Zero   RW         3354    .bss                pantiltzoom.o
    0x20000528        -       0x0000006c   Zero   RW         3469    .bss                user_can.o
    0x20000594        -       0x00000060   Zero   RW         3517    .bss                driver_dbus.o
    0x200005f4        -       0x0000002c   Zero   RW         3560    .bss                gy955.o
    0x20000620        -       0x00000048   Zero   RW         3751    .bss                datastructure.o
    0x20000668        -       0x00000200   Zero   RW            2    HEAP                startup_stm32f427xx.o
    0x20000868        -       0x00000400   Zero   RW            1    STACK               startup_stm32f427xx.o


==============================================================================

Image component sizes


      Code (inc. data)   RO Data    RW Data    ZI Data      Debug   Object Name

       582         26          0          0        260       2546   chassis.o
       860         62          0         20         12       4529   control.o
      1084         60          0         40          0       4717   controller.o
       234         18          0          1         72       3558   datastructure.o
       364         32          0         12         96       3173   driver_dbus.o
       216         30          0         28          0       2098   filter.o
       360         32          0          2         44       1788   gy955.o
      1374        220          0          0        704     752031   main.o
       298         12          0          8          0       4132   niming.o
       632         58          0         12        180       3089   pantiltzoom.o
        36          8        428          0       1536        844   startup_stm32f427xx.o
       212         36          0          9          0       4629   stm32f4xx_hal.o
      2110          4          0          0          0      14255   stm32f4xx_hal_can.o
       348         22          0          0          0      32717   stm32f4xx_hal_cortex.o
      1276         16          8          0          0       6274   stm32f4xx_hal_dma.o
       552         54          0          0          0       2352   stm32f4xx_hal_gpio.o
      1076        128          0          0          0       4709   stm32f4xx_hal_msp.o
       140         12          0          0          0       1296   stm32f4xx_hal_pwr_ex.o
      1732         84          0          0          0       5596   stm32f4xx_hal_rcc.o
      1592         88          0          0          0      11754   stm32f4xx_hal_tim.o
       228          0          0          0          0       3206   stm32f4xx_hal_tim_ex.o
      2048         28          0          0          0      11876   stm32f4xx_hal_uart.o
       176         44          0          0          0       8204   stm32f4xx_it.o
       100         18         24          4          0       1179   system_stm32f4xx.o
       700         98          0         12          0       4751   user.o
       196         34          0          0        108       3172   user_can.o

    ----------------------------------------------------------------------
     18562       1224        492        156       3012     898475   Object Totals
         0          0         32          0          0          0   (incl. Generated)
        36          0          0          8          0          0   (incl. Padding)

    ----------------------------------------------------------------------

      Code (inc. data)   RO Data    RW Data    ZI Data      Debug   Library Member Name

         0          0          0          0          0          0   entry.o
         0          0          0          0          0          0   entry10a.o
         0          0          0          0          0          0   entry11a.o
         8          4          0          0          0          0   entry2.o
         4          0          0          0          0          0   entry5.o
         0          0          0          0          0          0   entry7b.o
         0          0          0          0          0          0   entry8b.o
         8          4          0          0          0          0   entry9a.o
        30          0          0          0          0          0   handlers.o
        36          8          0          0          0         68   init.o
         0          0          0          0          0          0   iusefp.o
        30          0          0          0          0         68   llshl.o
        36          0          0          0          0         68   llsshr.o
        32          0          0          0          0         68   llushr.o
       108         16          0          0          0         84   malloc.o
        36          0          0          0          0         68   memcpya.o
         0          0          0          8          0          0   mvars.o
        98          0          0          0          0         92   uldiv.o
       334          0          0          0          0        148   dadd.o
       186          0          0          0          0        176   depilogue.o
        62          0          0          0          0         80   dfixi.o
        34          0          0          0          0         76   dflti.o
       228          0          0          0          0         96   dmul.o

    ----------------------------------------------------------------------
      1270         32          0          8          0       1092   Library Totals
         0          0          0          0          0          0   (incl. Padding)

    ----------------------------------------------------------------------

      Code (inc. data)   RO Data    RW Data    ZI Data      Debug   Library Name

       426         32          0          8          0        516   mc_w.l
       844          0          0          0          0        576   mf_w.l

    ----------------------------------------------------------------------
      1270         32          0          8          0       1092   Library Totals

    ----------------------------------------------------------------------

==============================================================================


      Code (inc. data)   RO Data    RW Data    ZI Data      Debug   

     19832       1256        492        164       3012     883851   Grand Totals
     19832       1256        492        164       3012     883851   ELF Image Totals
     19832       1256        492        164          0          0   ROM Totals

==============================================================================

    Total RO  Size (Code + RO Data)                20324 (  19.85kB)
    Total RW  Size (RW Data + ZI Data)              3176 (   3.10kB)
    Total ROM Size (Code + RO Data + RW Data)      20488 (  20.01kB)

==============================================================================

